Component: ARM Compiler 5.06 update 7 (build 960) Tool: armlink [4d3601]

==============================================================================

Section Cross References

    main.o(i.main) refers to stm32f4xx_rcc.o(i.RCC_AHB1PeriphClockCmd) for RCC_AHB1PeriphClockCmd
    main.o(i.main) refers to stm32f4xx_rcc.o(i.RCC_APB2PeriphClockCmd) for RCC_APB2PeriphClockCmd
    main.o(i.main) refers to stm32f4xx_rcc.o(i.RCC_APB1PeriphClockCmd) for RCC_APB1PeriphClockCmd
    main.o(i.main) refers to cpu_tick.o(i.cpu_tick_init) for cpu_tick_init
    main.o(i.main) refers to usart.o(i.usart_init) for usart_init
    main.o(i.main) refers to st7789.o(i.st7789_init) for st7789_init
    main.o(i.main) refers to aht20.o(i.aht20_init) for aht20_init
    main.o(i.main) refers to printfa.o(i.__0printf) for __2printf
    main.o(i.main) refers to esp_at.o(i.esp_at_init) for esp_at_init
    main.o(i.main) refers to esp_at.o(i.esp_at_wifi_init) for esp_at_wifi_init
    main.o(i.main) refers to esp_at.o(i.esp_at_connect_wifi) for esp_at_connect_wifi
    main.o(i.main) refers to esp_at.o(i.esp_at_sntp_init) for esp_at_sntp_init
    main.o(i.main) refers to st7789.o(i.st7789_draw_image) for st7789_draw_image
    main.o(i.main) refers to aht20.o(i.aht20_start_measurement) for aht20_start_measurement
    main.o(i.main) refers to aht20.o(i.aht20_wait_for_measurement) for aht20_wait_for_measurement
    main.o(i.main) refers to aht20.o(i.aht20_read_measurement) for aht20_read_measurement
    main.o(i.main) refers to f2d.o(.text) for __aeabi_f2d
    main.o(i.main) refers to cpu_tick.o(i.cpu_delay_ms) for cpu_delay_ms
    main.o(i.main) refers to memseta.o(.text) for __aeabi_memclr4
    main.o(i.main) refers to esp_at.o(i.esp_at_get_wifi_info) for esp_at_get_wifi_info
    main.o(i.main) refers to esp_at.o(i.esp_at_sntp_get_time) for esp_at_sntp_get_time
    main.o(i.main) refers to esp_at.o(i.esp_at_http_get) for esp_at_http_get
    main.o(i.main) refers to weather.o(i.parse_seniverse_response) for parse_seniverse_response
    main.o(i.main) refers to image.o(.constdata) for image_touxiang
    main.o(i.main) refers to main.o(.data) for failcount
    main.o(.data) refers to main.o(.conststring) for .conststring
    weather.o(i.parse_seniverse_response) refers to _scanf_str.o(.text) for _scanf_string
    weather.o(i.parse_seniverse_response) refers to _scanf_int.o(.text) for _scanf_int
    weather.o(i.parse_seniverse_response) refers to strstr.o(.text) for strstr
    weather.o(i.parse_seniverse_response) refers to __0sscanf.o(.text) for __0sscanf
    weather.o(i.parse_seniverse_response) refers to atof.o(i.__hardfp_atof) for __hardfp_atof
    weather.o(i.parse_seniverse_response) refers to d2f.o(.text) for __aeabi_d2f
    font16.o(.constdata) refers to font16.o(.conststring) for .conststring
    font32.o(.constdata) refers to font32.o(.conststring) for .conststring
    font48.o(.constdata) refers to font48.o(.conststring) for .conststring
    aht20.o(i.aht20_init) refers to stm32f4xx_gpio.o(i.GPIO_StructInit) for GPIO_StructInit
    aht20.o(i.aht20_init) refers to stm32f4xx_gpio.o(i.GPIO_Init) for GPIO_Init
    aht20.o(i.aht20_init) refers to stm32f4xx_gpio.o(i.GPIO_PinAFConfig) for GPIO_PinAFConfig
    aht20.o(i.aht20_init) refers to stm32f4xx_i2c.o(i.I2C_StructInit) for I2C_StructInit
    aht20.o(i.aht20_init) refers to stm32f4xx_i2c.o(i.I2C_Init) for I2C_Init
    aht20.o(i.aht20_init) refers to stm32f4xx_i2c.o(i.I2C_Cmd) for I2C_Cmd
    aht20.o(i.aht20_init) refers to cpu_tick.o(i.cpu_delay_ms) for cpu_delay_ms
    aht20.o(i.aht20_init) refers to aht20.o(i.aht20_is_ready) for aht20_is_ready
    aht20.o(i.aht20_init) refers to aht20.o(i.aht20_write) for aht20_write
    aht20.o(i.aht20_is_busy) refers to aht20.o(i.aht20_read_status) for aht20_read_status
    aht20.o(i.aht20_is_ready) refers to aht20.o(i.aht20_read_status) for aht20_read_status
    aht20.o(i.aht20_read) refers to stm32f4xx_i2c.o(i.I2C_AcknowledgeConfig) for I2C_AcknowledgeConfig
    aht20.o(i.aht20_read) refers to stm32f4xx_i2c.o(i.I2C_GenerateSTART) for I2C_GenerateSTART
    aht20.o(i.aht20_read) refers to cpu_tick.o(i.cpu_delay_us) for cpu_delay_us
    aht20.o(i.aht20_read) refers to stm32f4xx_i2c.o(i.I2C_CheckEvent) for I2C_CheckEvent
    aht20.o(i.aht20_read) refers to stm32f4xx_i2c.o(i.I2C_Send7bitAddress) for I2C_Send7bitAddress
    aht20.o(i.aht20_read) refers to stm32f4xx_i2c.o(i.I2C_ReceiveData) for I2C_ReceiveData
    aht20.o(i.aht20_read) refers to stm32f4xx_i2c.o(i.I2C_GenerateSTOP) for I2C_GenerateSTOP
    aht20.o(i.aht20_read_measurement) refers to aht20.o(i.aht20_read) for aht20_read
    aht20.o(i.aht20_read_status) refers to aht20.o(i.aht20_write) for aht20_write
    aht20.o(i.aht20_read_status) refers to aht20.o(i.aht20_read) for aht20_read
    aht20.o(i.aht20_start_measurement) refers to aht20.o(i.aht20_write) for aht20_write
    aht20.o(i.aht20_wait_for_measurement) refers to cpu_tick.o(i.cpu_delay_ms) for cpu_delay_ms
[...]
    Removing stm32f4xx_usart.o(i.USART_ReceiverWakeUpCmd), (24 bytes).
    Removing stm32f4xx_usart.o(i.USART_SendBreak), (10 bytes).
    Removing stm32f4xx_usart.o(i.USART_SetAddress), (18 bytes).
    Removing stm32f4xx_usart.o(i.USART_SetGuardTime), (16 bytes).
    Removing stm32f4xx_usart.o(i.USART_SetPrescaler), (16 bytes).
    Removing stm32f4xx_usart.o(i.USART_SmartCardCmd), (24 bytes).
    Removing stm32f4xx_usart.o(i.USART_SmartCardNACKCmd), (24 bytes).
    Removing stm32f4xx_usart.o(i.USART_WakeUpConfig), (18 bytes).
    Removing stm32f4xx_wwdg.o(.rev16_text), (4 bytes).
    Removing stm32f4xx_wwdg.o(.revsh_text), (4 bytes).
    Removing stm32f4xx_wwdg.o(.rrx_text), (6 bytes).
    Removing stm32f4xx_wwdg.o(i.WWDG_ClearFlag), (12 bytes).
    Removing stm32f4xx_wwdg.o(i.WWDG_DeInit), (22 bytes).
    Removing stm32f4xx_wwdg.o(i.WWDG_Enable), (16 bytes).
    Removing stm32f4xx_wwdg.o(i.WWDG_EnableIT), (12 bytes).
    Removing stm32f4xx_wwdg.o(i.WWDG_GetFlagStatus), (20 bytes).
    Removing stm32f4xx_wwdg.o(i.WWDG_SetCounter), (16 bytes).
    Removing stm32f4xx_wwdg.o(i.WWDG_SetPrescaler), (24 bytes).
    Removing stm32f4xx_wwdg.o(i.WWDG_SetWindowValue), (40 bytes).

839 unused section(s) (total 61023 bytes) removed from the image.

==============================================================================

Image Symbol Table

    Local Symbols

    Symbol Name                              Value     Ov Type        Size  Object(Section)

    ../clib/microlib/ctype/ctype.c           0x00000000   Number         0  isspace_c.o ABSOLUTE
    ../clib/microlib/ctype/ctype.c           0x00000000   Number         0  ctype_c.o ABSOLUTE
    ../clib/microlib/division.c              0x00000000   Number         0  uidiv.o ABSOLUTE
    ../clib/microlib/division.c              0x00000000   Number         0  uldiv.o ABSOLUTE
    ../clib/microlib/errno.c                 0x00000000   Number         0  errno.o ABSOLUTE
    ../clib/microlib/init/entry.s            0x00000000   Number         0  entry.o ABSOLUTE
    ../clib/microlib/init/entry.s            0x00000000   Number         0  entry7a.o ABSOLUTE
    ../clib/microlib/init/entry.s            0x00000000   Number         0  entry2.o ABSOLUTE
    ../clib/microlib/init/entry.s            0x00000000   Number         0  entry7b.o ABSOLUTE
    ../clib/microlib/init/entry.s            0x00000000   Number         0  entry5.o ABSOLUTE
    ../clib/microlib/init/entry.s            0x00000000   Number         0  entry8a.o ABSOLUTE
    ../clib/microlib/init/entry.s            0x00000000   Number         0  entry8b.o ABSOLUTE
    ../clib/microlib/init/entry.s            0x00000000   Number         0  entry12b.o ABSOLUTE
    ../clib/microlib/init/entry.s            0x00000000   Number         0  entry12a.o ABSOLUTE
    ../clib/microlib/init/entry.s            0x00000000   Number         0  entry11b.o ABSOLUTE
    ../clib/microlib/init/entry.s            0x00000000   Number         0  entry11a.o ABSOLUTE
    ../clib/microlib/init/entry.s            0x00000000   Number         0  entry10b.o ABSOLUTE
    ../clib/microlib/init/entry.s            0x00000000   Number         0  entry9a.o ABSOLUTE
    ../clib/microlib/init/entry.s            0x00000000   Number         0  entry10a.o ABSOLUTE
    ../clib/microlib/init/entry.s            0x00000000   Number         0  entry9b.o ABSOLUTE
    ../clib/microlib/longlong.c              0x00000000   Number         0  llshl.o ABSOLUTE
    ../clib/microlib/longlong.c              0x00000000   Number         0  llushr.o ABSOLUTE
    ../clib/microlib/longlong.c              0x00000000   Number         0  llsshr.o ABSOLUTE
    ../clib/microlib/printf/printf.c         0x00000000   Number         0  printf5.o ABSOLUTE
    ../clib/microlib/printf/printf.c         0x00000000   Number         0  printf6.o ABSOLUTE
    ../clib/microlib/printf/printf.c         0x00000000   Number         0  printf7.o ABSOLUTE
    ../clib/microlib/printf/printf.c         0x00000000   Number         0  printf8.o ABSOLUTE
    ../clib/microlib/printf/printf.c         0x00000000   Number         0  printfa.o ABSOLUTE
    ../clib/microlib/printf/printf.c         0x00000000   Number         0  printf2.o ABSOLUTE
    ../clib/microlib/printf/printf.c         0x00000000   Number         0  printf3.o ABSOLUTE
    ../clib/microlib/printf/printf.c         0x00000000   Number         0  printf1.o ABSOLUTE
    ../clib/microlib/printf/printf.c         0x00000000   Number         0  printf0.o ABSOLUTE
    ../clib/microlib/printf/printf.c         0x00000000   Number         0  printfb.o ABSOLUTE
    ../clib/microlib/printf/printf.c         0x00000000   Number         0  printf4.o ABSOLUTE
    ../clib/microlib/printf/stubs.s          0x00000000   Number         0  stubs.o ABSOLUTE
    ../clib/microlib/stdio/streams.c         0x00000000   Number         0  stdout.o ABSOLUTE
    ../clib/microlib/string/memcpy.c         0x00000000   Number         0  memcpya.o ABSOLUTE
    ../clib/microlib/string/memcpy.c         0x00000000   Number         0  memcpyb.o ABSOLUTE
    ../clib/microlib/string/memset.c         0x00000000   Number         0  memseta.o ABSOLUTE
    ../clib/microlib/string/strcmp.c         0x00000000   Number         0  strcmp.o ABSOLUTE
    ../clib/microlib/string/strlen.c         0x00000000   Number         0  strlen.o ABSOLUTE
    ../clib/microlib/string/strncpy.c        0x00000000   Number         0  strncpy.o ABSOLUTE
    ../clib/microlib/string/strstr.c         0x00000000   Number         0  strstr.o ABSOLUTE
    ../clib/microlib/stubs.s                 0x00000000   Number         0  iusefp.o ABSOLUTE
    ../clib/scanf.c                          0x00000000   Number         0  _chval.o ABSOLUTE
    ../clib/scanf.c                          0x00000000   Number         0  _scanf_int.o ABSOLUTE
    ../clib/scanf.c                          0x00000000   Number         0  _scanf_str.o ABSOLUTE
    ../clib/scanf.c                          0x00000000   Number         0  scanf_char.o ABSOLUTE
    ../clib/scanf.c                          0x00000000   Number         0  _sgetc.o ABSOLUTE
    ../clib/scanf.c                          0x00000000   Number         0  strtod.o ABSOLUTE
    ../clib/scanf.c                          0x00000000   Number         0  __0sscanf.o ABSOLUTE
    ../clib/scanf.c                          0x00000000   Number         0  scanf_fp.o ABSOLUTE
    ../clib/scanf.c                          0x00000000   Number         0  _scanf.o ABSOLUTE
    ../fplib/microlib/d2f.c                  0x00000000   Number         0  d2f.o ABSOLUTE
    ../fplib/microlib/f2d.c                  0x00000000   Number         0  f2d.o ABSOLUTE
    ../fplib/microlib/fpadd.c                0x00000000   Number         0  dadd.o ABSOLUTE
    ../fplib/microlib/fpdiv.c                0x00000000   Number         0  ddiv.o ABSOLUTE
    ../fplib/microlib/fpepilogue.c           0x00000000   Number         0  fepilogue.o ABSOLUTE
    ../fplib/microlib/fpepilogue.c           0x00000000   Number         0  depilogue.o ABSOLUTE
    ../fplib/microlib/fpfix.c                0x00000000   Number         0  dfixul.o ABSOLUTE
    ../fplib/microlib/fpflt.c                0x00000000   Number         0  dfltul.o ABSOLUTE
    ../fplib/microlib/fpmul.c                0x00000000   Number         0  dmul.o ABSOLUTE
    ../mathlib/atof.c                        0x00000000   Number         0  atof.o ABSOLUTE
    ..\\app\\main.c                          0x00000000   Number         0  main.o ABSOLUTE
    ..\\driver\\aht20\\aht20.c               0x00000000   Number         0  aht20.o ABSOLUTE
    ..\\driver\\cpu_tick\\cpu_tick.c         0x00000000   Number         0  cpu_tick.o ABSOLUTE
    ..\\driver\\esp_at\\esp_at.c             0x00000000   Number         0  esp_at.o ABSOLUTE
    ..\\driver\\led\\led.c                   0x00000000   Number         0  led.o ABSOLUTE
    ..\\driver\\st7789\\st7789.c             0x00000000   Number         0  st7789.o ABSOLUTE
    ..\\driver\\usart\\usart.c               0x00000000   Number         0  usart.o ABSOLUTE
    ..\\firmware\\cmsis\\device\\system_stm32f4xx.c 0x00000000   Number         0  system_stm32f4xx.o ABSOLUTE
    ..\\firmware\\driver\\src\\misc.c        0x00000000   Number         0  misc.o ABSOLUTE
    ..\\firmware\\driver\\src\\stm32f4xx_adc.c 0x00000000   Number         0  stm32f4xx_adc.o ABSOLUTE
    ..\\firmware\\driver\\src\\stm32f4xx_can.c 0x00000000   Number         0  stm32f4xx_can.o ABSOLUTE
    ..\\firmware\\driver\\src\\stm32f4xx_cec.c 0x00000000   Number         0  stm32f4xx_cec.o ABSOLUTE
    ..\\firmware\\driver\\src\\stm32f4xx_crc.c 0x00000000   Number         0  stm32f4xx_crc.o ABSOLUTE
    ..\\firmware\\driver\\src\\stm32f4xx_cryp.c 0x00000000   Number         0  stm32f4xx_cryp.o ABSOLUTE
    ..\\firmware\\driver\\src\\stm32f4xx_cryp_aes.c 0x00000000   Number         0  stm32f4xx_cryp_aes.o ABSOLUTE
    ..\\firmware\\driver\\src\\stm32f4xx_cryp_des.c 0x00000000   Number         0  stm32f4xx_cryp_des.o ABSOLUTE
    ..\\firmware\\driver\\src\\stm32f4xx_cryp_tdes.c 0x00000000   Number         0  stm32f4xx_cryp_tdes.o ABSOLUTE
    ..\\firmware\\driver\\src\\stm32f4xx_dac.c 0x00000000   Number         0  stm32f4xx_dac.o ABSOLUTE
    ..\\firmware\\driver\\src\\stm32f4xx_dbgmcu.c 0x00000000   Number         0  stm32f4xx_dbgmcu.o ABSOLUTE
    ..\\firmware\\driver\\src\\stm32f4xx_dcmi.c 0x00000000   Number         0  stm32f4xx_dcmi.o ABSOLUTE
    ..\\firmware\\driver\\src\\stm32f4xx_dfsdm.c 0x00000000   Number         0  stm32f4xx_dfsdm.o ABSOLUTE
    ..\\firmware\\driver\\src\\stm32f4xx_dma.c 0x00000000   Number         0  stm32f4xx_dma.o ABSOLUTE
    ..\\firmware\\driver\\src\\stm32f4xx_dma2d.c 0x00000000   Number         0  stm32f4xx_dma2d.o ABSOLUTE
    ..\\firmware\\driver\\src\\stm32f4xx_dsi.c 0x00000000   Number         0  stm32f4xx_dsi.o ABSOLUTE
    ..\\firmware\\driver\\src\\stm32f4xx_exti.c 0x00000000   Number         0  stm32f4xx_exti.o ABSOLUTE
    ..\\firmware\\driver\\src\\stm32f4xx_flash.c 0x00000000   Number         0  stm32f4xx_flash.o ABSOLUTE
    ..\\firmware\\driver\\src\\stm32f4xx_flash_ramfunc.c 0x00000000   Number         0  stm32f4xx_flash_ramfunc.o ABSOLUTE
    ..\\firmware\\driver\\src\\stm32f4xx_fmpi2c.c 0x00000000   Number         0  stm32f4xx_fmpi2c.o ABSOLUTE
    ..\\firmware\\driver\\src\\stm32f4xx_fsmc.c 0x00000000   Number         0  stm32f4xx_fsmc.o ABSOLUTE
    ..\\firmware\\driver\\src\\stm32f4xx_gpio.c 0x00000000   Number         0  stm32f4xx_gpio.o ABSOLUTE
    ..\\firmware\\driver\\src\\stm32f4xx_hash.c 0x00000000   Number         0  stm32f4xx_hash.o ABSOLUTE
    ..\\firmware\\driver\\src\\stm32f4xx_hash_md5.c 0x00000000   Number         0  stm32f4xx_hash_md5.o ABSOLUTE
    ..\\firmware\\driver\\src\\stm32f4xx_hash_sha1.c 0x00000000   Number         0  stm32f4xx_hash_sha1.o ABSOLUTE
    ..\\firmware\\driver\\src\\stm32f4xx_i2c.c 0x00000000   Number         0  stm32f4xx_i2c.o ABSOLUTE
    ..\\firmware\\driver\\src\\stm32f4xx_iwdg.c 0x00000000   Number         0  stm32f4xx_iwdg.o ABSOLUTE
    ..\\firmware\\driver\\src\\stm32f4xx_lptim.c 0x00000000   Number         0  stm32f4xx_lptim.o ABSOLUTE
    ..\\firmware\\driver\\src\\stm32f4xx_ltdc.c 0x00000000   Number         0  stm32f4xx_ltdc.o ABSOLUTE
    ..\\firmware\\driver\\src\\stm32f4xx_pwr.c 0x00000000   Number         0  stm32f4xx_pwr.o ABSOLUTE
    ..\\firmware\\driver\\src\\stm32f4xx_qspi.c 0x00000000   Number         0  stm32f4xx_qspi.o ABSOLUTE
    ..\\firmware\\driver\\src\\stm32f4xx_rcc.c 0x00000000   Number         0  stm32f4xx_rcc.o ABSOLUTE
    ..\\firmware\\driver\\src\\stm32f4xx_rng.c 0x00000000   Number         0  stm32f4xx_rng.o ABSOLUTE
    ..\\firmware\\driver\\src\\stm32f4xx_rtc.c 0x00000000   Number         0  stm32f4xx_rtc.o ABSOLUTE
    ..\\firmware\\driver\\src\\stm32f4xx_sai.c 0x00000000   Number         0  stm32f4xx_sai.o ABSOLUTE
    ..\\firmware\\driver\\src\\stm32f4xx_sdio.c 0x00000000   Number         0  stm32f4xx_sdio.o ABSOLUTE
    ..\\firmware\\driver\\src\\stm32f4xx_spdifrx.c 0x00000000   Number         0  stm32f4xx_spdifrx.o ABSOLUTE
    ..\\firmware\\driver\\src\\stm32f4xx_spi.c 0x00000000   Number         0  stm32f4xx_spi.o ABSOLUTE
    ..\\firmware\\driver\\src\\stm32f4xx_syscfg.c 0x00000000   Number         0  stm32f4xx_syscfg.o ABSOLUTE
    ..\\firmware\\driver\\src\\stm32f4xx_tim.c 0x00000000   Number         0  stm32f4xx_tim.o ABSOLUTE
    ..\\firmware\\driver\\src\\stm32f4xx_usart.c 0x00000000   Number         0  stm32f4xx_usart.o ABSOLUTE
    ..\\firmware\\driver\\src\\stm32f4xx_wwdg.c 0x00000000   Number         0  stm32f4xx_wwdg.o ABSOLUTE
    ..\app\font\font16.c                     0x00000000   Number         0  font16.o ABSOLUTE
    ..\app\font\font32.c                     0x00000000   Number         0  font32.o ABSOLUTE
    ..\app\font\font48.c                     0x00000000   Number         0  font48.o ABSOLUTE
    ..\app\image\image.c                     0x00000000   Number         0  image.o ABSOLUTE
    ..\app\main.c                            0x00000000   Number         0  main.o ABSOLUTE
    ..\app\weather.c                         0x00000000   Number         0  weather.o ABSOLUTE
    ..\driver\aht20\aht20.c                  0x00000000   Number         0  aht20.o ABSOLUTE
    ..\driver\cpu_tick\cpu_tick.c            0x00000000   Number         0  cpu_tick.o ABSOLUTE
    ..\driver\esp_at\esp_at.c                0x00000000   Number         0  esp_at.o ABSOLUTE
    ..\driver\led\led.c                      0x00000000   Number         0  led.o ABSOLUTE
    ..\driver\st7789\st7789.c                0x00000000   Number         0  st7789.o ABSOLUTE
    ..\driver\usart\usart.c                  0x00000000   Number         0  usart.o ABSOLUTE
    ..\firmware\cmsis\device\startup_stm32f40_41xxx.s 0x00000000   Number         0  startup_stm32f40_41xxx.o ABSOLUTE
    ..\firmware\cmsis\device\system_stm32f4xx.c 0x00000000   Number         0  system_stm32f4xx.o ABSOLUTE
    ..\firmware\driver\src\misc.c            0x00000000   Number         0  misc.o ABSOLUTE
    ..\firmware\driver\src\stm32f4xx_adc.c   0x00000000   Number         0  stm32f4xx_adc.o ABSOLUTE
    ..\firmware\driver\src\stm32f4xx_can.c   0x00000000   Number         0  stm32f4xx_can.o ABSOLUTE
    ..\firmware\driver\src\stm32f4xx_cec.c   0x00000000   Number         0  stm32f4xx_cec.o ABSOLUTE
    ..\firmware\driver\src\stm32f4xx_crc.c   0x00000000   Number         0  stm32f4xx_crc.o ABSOLUTE
    ..\firmware\driver\src\stm32f4xx_cryp.c  0x00000000   Number         0  stm32f4xx_cryp.o ABSOLUTE
    ..\firmware\driver\src\stm32f4xx_cryp_aes.c 0x00000000   Number         0  stm32f4xx_cryp_aes.o ABSOLUTE
    ..\firmware\driver\src\stm32f4xx_cryp_des.c 0x00000000   Number         0  stm32f4xx_cryp_des.o ABSOLUTE
    ..\firmware\driver\src\stm32f4xx_cryp_tdes.c 0x00000000   Number         0  stm32f4xx_cryp_tdes.o ABSOLUTE
    ..\firmware\driver\src\stm32f4xx_dac.c   0x00000000   Number         0  stm32f4xx_dac.o ABSOLUTE
    ..\firmware\driver\src\stm32f4xx_dbgmcu.c 0x00000000   Number         0  stm32f4xx_dbgmcu.o ABSOLUTE
    ..\firmware\driver\src\stm32f4xx_dcmi.c  0x00000000   Number         0  stm32f4xx_dcmi.o ABSOLUTE
    ..\firmware\driver\src\stm32f4xx_dfsdm.c 0x00000000   Number         0  stm32f4xx_dfsdm.o ABSOLUTE
    ..\firmware\driver\src\stm32f4xx_dma.c   0x00000000   Number         0  stm32f4xx_dma.o ABSOLUTE
    ..\firmware\driver\src\stm32f4xx_dma2d.c 0x00000000   Number         0  stm32f4xx_dma2d.o ABSOLUTE
    ..\firmware\driver\src\stm32f4xx_dsi.c   0x00000000   Number         0  stm32f4xx_dsi.o ABSOLUTE
    ..\firmware\driver\src\stm32f4xx_exti.c  0x00000000   Number         0  stm32f4xx_exti.o ABSOLUTE
    ..\firmware\driver\src\stm32f4xx_flash.c 0x00000000   Number         0  stm32f4xx_flash.o ABSOLUTE
    ..\firmware\driver\src\stm32f4xx_flash_ramfunc.c 0x00000000   Number         0  stm32f4xx_flash_ramfunc.o ABSOLUTE
    ..\firmware\driver\src\stm32f4xx_fmpi2c.c 0x00000000   Number         0  stm32f4xx_fmpi2c.o ABSOLUTE
    ..\firmware\driver\src\stm32f4xx_fsmc.c  0x00000000   Number         0  stm32f4xx_fsmc.o ABSOLUTE
    ..\firmware\driver\src\stm32f4xx_gpio.c  0x00000000   Number         0  stm32f4xx_gpio.o ABSOLUTE
    ..\firmware\driver\src\stm32f4xx_hash.c  0x00000000   Number         0  stm32f4xx_hash.o ABSOLUTE
    ..\firmware\driver\src\stm32f4xx_hash_md5.c 0x00000000   Number         0  stm32f4xx_hash_md5.o ABSOLUTE
    ..\firmware\driver\src\stm32f4xx_hash_sha1.c 0x00000000   Number         0  stm32f4xx_hash_sha1.o ABSOLUTE
    ..\firmware\driver\src\stm32f4xx_i2c.c   0x00000000   Number         0  stm32f4xx_i2c.o ABSOLUTE
    ..\firmware\driver\src\stm32f4xx_iwdg.c  0x00000000   Number         0  stm32f4xx_iwdg.o ABSOLUTE
    ..\firmware\driver\src\stm32f4xx_lptim.c 0x00000000   Number         0  stm32f4xx_lptim.o ABSOLUTE
    ..\firmware\driver\src\stm32f4xx_ltdc.c  0x00000000   Number         0  stm32f4xx_ltdc.o ABSOLUTE
    ..\firmware\driver\src\stm32f4xx_pwr.c   0x00000000   Number         0  stm32f4xx_pwr.o ABSOLUTE
    ..\firmware\driver\src\stm32f4xx_qspi.c  0x00000000   Number         0  stm32f4xx_qspi.o ABSOLUTE
    ..\firmware\driver\src\stm32f4xx_rcc.c   0x00000000   Number         0  stm32f4xx_rcc.o ABSOLUTE
    ..\firmware\driver\src\stm32f4xx_rng.c   0x00000000   Number         0  stm32f4xx_rng.o ABSOLUTE
    ..\firmware\driver\src\stm32f4xx_rtc.c   0x00000000   Number         0  stm32f4xx_rtc.o ABSOLUTE
    ..\firmware\driver\src\stm32f4xx_sai.c   0x00000000   Number         0  stm32f4xx_sai.o ABSOLUTE
    ..\firmware\driver\src\stm32f4xx_sdio.c  0x00000000   Number         0  stm32f4xx_sdio.o ABSOLUTE
    ..\firmware\driver\src\stm32f4xx_spdifrx.c 0x00000000   Number         0  stm32f4xx_spdifrx.o ABSOLUTE
    ..\firmware\driver\src\stm32f4xx_spi.c   0x00000000   Number         0  stm32f4xx_spi.o ABSOLUTE
    ..\firmware\driver\src\stm32f4xx_syscfg.c 0x00000000   Number         0  stm32f4xx_syscfg.o ABSOLUTE
    ..\firmware\driver\src\stm32f4xx_tim.c   0x00000000   Number         0  stm32f4xx_tim.o ABSOLUTE
    ..\firmware\driver\src\stm32f4xx_usart.c 0x00000000   Number         0  stm32f4xx_usart.o ABSOLUTE
    ..\firmware\driver\src\stm32f4xx_wwdg.c  0x00000000   Number         0  stm32f4xx_wwdg.o ABSOLUTE
    cdrcmple.s                               0x00000000   Number         0  cdrcmple.o ABSOLUTE
    dc.s                                     0x00000000   Number         0  dc.o ABSOLUTE
    handlers.s                               0x00000000   Number         0  handlers.o ABSOLUTE
    init.s                                   0x00000000   Number         0  init.o ABSOLUTE
    RESET                                    0x08000000   Section      392  startup_stm32f40_41xxx.o(RESET)
    .ARM.Collect$$$$00000000                 0x08000188   Section        0  entry.o(.ARM.Collect$$$$00000000)
    .ARM.Collect$$$$00000001                 0x08000188   Section        4  entry2.o(.ARM.Collect$$$$00000001)
    .ARM.Collect$$$$00000004                 0x0800018c   Section        4  entry5.o(.ARM.Collect$$$$00000004)
    .ARM.Collect$$$$00000008                 0x08000190   Section        0  entry7b.o(.ARM.Collect$$$$00000008)
    .ARM.Collect$$$$0000000A                 0x08000190   Section        0  entry8b.o(.ARM.Collect$$$$0000000A)
    .ARM.Collect$$$$0000000B                 0x08000190   Section        8  entry9a.o(.ARM.Collect$$$$0000000B)
    .ARM.Collect$$$$0000000E                 0x08000198   Section        4  entry12b.o(.ARM.Collect$$$$0000000E)
    .ARM.Collect$$$$0000000F                 0x0800019c   Section        0  entry10a.o(.ARM.Collect$$$$0000000F)
    .ARM.Collect$$$$00000011                 0x0800019c   Section        0  entry11a.o(.ARM.Collect$$$$00000011)
    .ARM.Collect$$$$00002712                 0x0800019c   Section        4  entry2.o(.ARM.Collect$$$$00002712)
    __lit__00000000                          0x0800019c   Data           4  entry2.o(.ARM.Collect$$$$00002712)
    .text                                    0x080001a0   Section       36  startup_stm32f40_41xxx.o(.text)
    $v0                                      0x080001a0   Number         0  startup_stm32f40_41xxx.o(.text)
    .text                                    0x080001c4   Section        0  uldiv.o(.text)
    .text                                    0x08000226   Section        0  memcpya.o(.text)
    .text                                    0x0800024a   Section        0  memseta.o(.text)
    .text                                    0x0800026e   Section        0  strstr.o(.text)
    .text                                    0x08000292   Section        0  strcmp.o(.text)
    .text                                    0x080002b0   Section        0  __0sscanf.o(.text)
    .text                                    0x080002e8   Section        0  _scanf_int.o(.text)
    .text                                    0x08000434   Section        0  _scanf_str.o(.text)
    .text                                    0x08000514   Section        0  f2d.o(.text)
    .text                                    0x0800053a   Section        0  d2f.o(.text)
    .text                                    0x08000572   Section        0  uidiv.o(.text)
    .text                                    0x0800059e   Section        0  llshl.o(.text)
    .text                                    0x080005bc   Section        0  llushr.o(.text)
    .text                                    0x080005dc   Section        0  _chval.o(.text)
    .text                                    0x080005f8   Section        0  scanf_char.o(.text)
    _scanf_char_input                        0x080005f9   Thumb Code    12  scanf_char.o(.text)
    .text                                    0x08000620   Section        0  _sgetc.o(.text)
    .text                                    0x08000660   Section        0  strtod.o(.text)
    _local_sscanf                            0x08000661   Thumb Code    54  strtod.o(.text)
    .text                                    0x080006fc   Section        0  fepilogue.o(.text)
    .text                                    0x080006fc   Section        0  iusefp.o(.text)
    .text                                    0x0800076a   Section        0  dadd.o(.text)
    .text                                    0x080008b8   Section        0  dmul.o(.text)
    .text                                    0x0800099c   Section        0  ddiv.o(.text)
    .text                                    0x08000a7a   Section        0  dfixul.o(.text)
    .text                                    0x08000aac   Section       48  cdrcmple.o(.text)
    .text                                    0x08000adc   Section       36  init.o(.text)
    .text                                    0x08000b00   Section        0  llsshr.o(.text)
    .text                                    0x08000b24   Section        0  isspace_c.o(.text)
    .text                                    0x08000b30   Section        0  _scanf.o(.text)
    .text                                    0x08000e60   Section        0  scanf_fp.o(.text)
    _fp_value                                0x08000e61   Thumb Code   296  scanf_fp.o(.text)
    .text                                    0x080011c0   Section        0  depilogue.o(.text)
    .text                                    0x0800127c   Section        0  ctype_c.o(.text)
    .text                                    0x080012a4   Section        0  dfltul.o(.text)
    i.GPIO_Init                              0x080012bc   Section        0  stm32f4xx_gpio.o(i.GPIO_Init)
    i.GPIO_PinAFConfig                       0x0800134c   Section        0  stm32f4xx_gpio.o(i.GPIO_PinAFConfig)
    i.GPIO_ResetBits                         0x08001392   Section        0  stm32f4xx_gpio.o(i.GPIO_ResetBits)
    i.GPIO_SetBits                           0x08001398   Section        0  stm32f4xx_gpio.o(i.GPIO_SetBits)
    i.GPIO_StructInit                        0x0800139c   Section        0  stm32f4xx_gpio.o(i.GPIO_StructInit)
    i.GPIO_WriteBit                          0x080013ae   Section        0  stm32f4xx_gpio.o(i.GPIO_WriteBit)
    i.I2C_AcknowledgeConfig                  0x080013ba   Section        0  stm32f4xx_i2c.o(i.I2C_AcknowledgeConfig)
    i.I2C_CheckEvent                         0x080013d2   Section        0  stm32f4xx_i2c.o(i.I2C_CheckEvent)
    i.I2C_Cmd                                0x08001410   Section        0  stm32f4xx_i2c.o(i.I2C_Cmd)
    i.I2C_GenerateSTART                      0x08001428   Section        0  stm32f4xx_i2c.o(i.I2C_GenerateSTART)
    i.I2C_GenerateSTOP                       0x08001440   Section        0  stm32f4xx_i2c.o(i.I2C_GenerateSTOP)
    i.I2C_Init                               0x08001458   Section        0  stm32f4xx_i2c.o(i.I2C_Init)
    i.I2C_ReceiveData                        0x08001540   Section        0  stm32f4xx_i2c.o(i.I2C_ReceiveData)
    i.I2C_Send7bitAddress                    0x08001548   Section        0  stm32f4xx_i2c.o(i.I2C_Send7bitAddress)
    i.I2C_SendData                           0x08001558   Section        0  stm32f4xx_i2c.o(i.I2C_SendData)
    i.I2C_StructInit                         0x0800155c   Section        0  stm32f4xx_i2c.o(i.I2C_StructInit)
    i.NVIC_Init                              0x0800157c   Section        0  misc.o(i.NVIC_Init)
    i.RCC_AHB1PeriphClockCmd                 0x080015f4   Section        0  stm32f4xx_rcc.o(i.RCC_AHB1PeriphClockCmd)
    i.RCC_APB1PeriphClockCmd                 0x08001614   Section        0  stm32f4xx_rcc.o(i.RCC_APB1PeriphClockCmd)
    i.RCC_APB2PeriphClockCmd                 0x08001634   Section        0  stm32f4xx_rcc.o(i.RCC_APB2PeriphClockCmd)
    i.RCC_GetClocksFreq                      0x08001654   Section        0  stm32f4xx_rcc.o(i.RCC_GetClocksFreq)
    i.SPI_Cmd                                0x0800173c   Section        0  stm32f4xx_spi.o(i.SPI_Cmd)
    i.SPI_I2S_GetFlagStatus                  0x08001754   Section        0  stm32f4xx_spi.o(i.SPI_I2S_GetFlagStatus)
    i.SPI_I2S_SendData                       0x08001766   Section        0  stm32f4xx_spi.o(i.SPI_I2S_SendData)
    i.SPI_Init                               0x0800176a   Section        0  stm32f4xx_spi.o(i.SPI_Init)
    i.SPI_StructInit                         0x080017a6   Section        0  stm32f4xx_spi.o(i.SPI_StructInit)
    i.SetSysClock                            0x080017c0   Section        0  system_stm32f4xx.o(i.SetSysClock)
    SetSysClock                              0x080017c1   Thumb Code   220  system_stm32f4xx.o(i.SetSysClock)
    i.SysTick_Handler                        0x080018ac   Section        0  cpu_tick.o(i.SysTick_Handler)
    i.SystemInit                             0x080018d4   Section        0  system_stm32f4xx.o(i.SystemInit)
    i.USART1_IRQHandler                      0x0800193c   Section        0  usart.o(i.USART1_IRQHandler)
    i.USART_ClearFlag                        0x08001978   Section        0  stm32f4xx_usart.o(i.USART_ClearFlag)
    i.USART_ClearITPendingBit                0x0800198a   Section        0  stm32f4xx_usart.o(i.USART_ClearITPendingBit)
    i.USART_Cmd                              0x080019a8   Section        0  stm32f4xx_usart.o(i.USART_Cmd)
    i.USART_GetFlagStatus                    0x080019c0   Section        0  stm32f4xx_usart.o(i.USART_GetFlagStatus)
    i.USART_GetITStatus                      0x080019da   Section        0  stm32f4xx_usart.o(i.USART_GetITStatus)
    i.USART_ITConfig                         0x08001a2e   Section        0  stm32f4xx_usart.o(i.USART_ITConfig)
    i.USART_Init                             0x08001a78   Section        0  stm32f4xx_usart.o(i.USART_Init)
    i.USART_ReceiveData                      0x08001b4c   Section        0  stm32f4xx_usart.o(i.USART_ReceiveData)
    i.USART_SendData                         0x08001b56   Section        0  stm32f4xx_usart.o(i.USART_SendData)
    i.USART_StructInit                       0x08001b5e   Section        0  stm32f4xx_usart.o(i.USART_StructInit)
    i.__0printf                              0x08001b78   Section        0  printfa.o(i.__0printf)
    i.__0snprintf                            0x08001b98   Section        0  printfa.o(i.__0snprintf)
    i.__hardfp_atof                          0x08001bd0   Section        0  atof.o(i.__hardfp_atof)
    i.__read_errno                           0x08001c08   Section        0  errno.o(i.__read_errno)
    i.__scatterload_copy                     0x08001c14   Section       14  handlers.o(i.__scatterload_copy)
    i.__scatterload_null                     0x08001c22   Section        2  handlers.o(i.__scatterload_null)
    i.__scatterload_zeroinit                 0x08001c24   Section       14  handlers.o(i.__scatterload_zeroinit)
    i.__set_errno                            0x08001c34   Section        0  errno.o(i.__set_errno)
    i._fp_digits                             0x08001c40   Section        0  printfa.o(i._fp_digits)
    _fp_digits                               0x08001c41   Thumb Code   366  printfa.o(i._fp_digits)
    i._is_digit                              0x08001dc4   Section        0  scanf_fp.o(i._is_digit)
    i._printf_core                           0x08001dd4   Section        0  printfa.o(i._printf_core)
    _printf_core                             0x08001dd5   Thumb Code  1704  printfa.o(i._printf_core)
    i._printf_post_padding                   0x08002488   Section        0  printfa.o(i._printf_post_padding)
    _printf_post_padding                     0x08002489   Thumb Code    36  printfa.o(i._printf_post_padding)
    i._printf_pre_padding                    0x080024ac   Section        0  printfa.o(i._printf_pre_padding)
    _printf_pre_padding                      0x080024ad   Thumb Code    46  printfa.o(i._printf_pre_padding)
    i._snputc                                0x080024da   Section        0  printfa.o(i._snputc)
    _snputc                                  0x080024db   Thumb Code    22  printfa.o(i._snputc)
    i.aht20_init                             0x080024f0   Section        0  aht20.o(i.aht20_init)
    i.aht20_is_busy                          0x080025c4   Section        0  aht20.o(i.aht20_is_busy)
    aht20_is_busy                            0x080025c5   Thumb Code    22  aht20.o(i.aht20_is_busy)
    i.aht20_is_ready                         0x080025da   Section        0  aht20.o(i.aht20_is_ready)
    aht20_is_ready                           0x080025db   Thumb Code    24  aht20.o(i.aht20_is_ready)
    i.aht20_read                             0x080025f4   Section        0  aht20.o(i.aht20_read)
    aht20_read                               0x080025f5   Thumb Code   198  aht20.o(i.aht20_read)
    i.aht20_read_measurement                 0x080026c4   Section        0  aht20.o(i.aht20_read_measurement)
    i.aht20_read_status                      0x08002760   Section        0  aht20.o(i.aht20_read_status)
    aht20_read_status                        0x08002761   Thumb Code    40  aht20.o(i.aht20_read_status)
    i.aht20_start_measurement                0x08002788   Section        0  aht20.o(i.aht20_start_measurement)
    i.aht20_wait_for_measurement             0x080027a8   Section        0  aht20.o(i.aht20_wait_for_measurement)
    i.aht20_write                            0x080027c8   Section        0  aht20.o(i.aht20_write)
    aht20_write                              0x080027c9   Thumb Code   182  aht20.o(i.aht20_write)
    i.cpu_delay_ms                           0x0800288c   Section        0  cpu_tick.o(i.cpu_delay_ms)
    i.cpu_delay_us                           0x080028c0   Section        0  cpu_tick.o(i.cpu_delay_us)
    i.cpu_get_ms                             0x080028f8   Section        0  cpu_tick.o(i.cpu_get_ms)
    i.cpu_now                                0x08002920   Section        0  cpu_tick.o(i.cpu_now)
    i.cpu_tick_init                          0x0800295c   Section        0  cpu_tick.o(i.cpu_tick_init)
    i.esp_at_connect_wifi                    0x0800297c   Section        0  esp_at.o(i.esp_at_connect_wifi)
    i.esp_at_get_response                    0x080029dc   Section        0  esp_at.o(i.esp_at_get_response)
    i.esp_at_get_wifi_info                   0x080029e4   Section        0  esp_at.o(i.esp_at_get_wifi_info)
    i.esp_at_http_get                        0x08002a48   Section        0  esp_at.o(i.esp_at_http_get)
    i.esp_at_init                            0x08002a94   Section        0  esp_at.o(i.esp_at_init)
    i.esp_at_sntp_get_time                   0x08002ae4   Section        0  esp_at.o(i.esp_at_sntp_get_time)
    i.esp_at_sntp_init                       0x08002b20   Section        0  esp_at.o(i.esp_at_sntp_init)
    i.esp_at_usart_init                      0x08002b4c   Section        0  esp_at.o(i.esp_at_usart_init)
    esp_at_usart_init                        0x08002b4d   Thumb Code   112  esp_at.o(i.esp_at_usart_init)
    i.esp_at_usart_wait_receive              0x08002bc4   Section        0  esp_at.o(i.esp_at_usart_wait_receive)
    esp_at_usart_wait_receive                0x08002bc5   Thumb Code   128  esp_at.o(i.esp_at_usart_wait_receive)
    i.esp_at_usart_write                     0x08002c4c   Section        0  esp_at.o(i.esp_at_usart_write)
    esp_at_usart_write                       0x08002c4d   Thumb Code    84  esp_at.o(i.esp_at_usart_write)
    i.esp_at_wait_ready                      0x08002ca4   Section        0  esp_at.o(i.esp_at_wait_ready)
    i.esp_at_wifi_init                       0x08002cbc   Section        0  esp_at.o(i.esp_at_wifi_init)
    i.esp_at_write_command                   0x08002cd8   Section        0  esp_at.o(i.esp_at_write_command)
    i.fputc                                  0x08002cf8   Section        0  usart.o(i.fputc)
    i.in_screen_range                        0x08002d24   Section        0  st7789.o(i.in_screen_range)
    in_screen_range                          0x08002d25   Thumb Code    48  st7789.o(i.in_screen_range)
    i.main                                   0x08002d54   Section        0  main.o(i.main)
    i.match_internal_ack                     0x0800333c   Section        0  esp_at.o(i.match_internal_ack)
    match_internal_ack                       0x0800333d   Thumb Code    42  esp_at.o(i.match_internal_ack)
    i.month_str_to_num                       0x0800336c   Section        0  esp_at.o(i.month_str_to_num)
    month_str_to_num                         0x0800336d   Thumb Code    54  esp_at.o(i.month_str_to_num)
    i.parse_cipsntptime_response             0x080033a8   Section        0  esp_at.o(i.parse_cipsntptime_response)
    parse_cipsntptime_response               0x080033a9   Thumb Code    78  esp_at.o(i.parse_cipsntptime_response)
    i.parse_cwjap_response                   0x08003438   Section        0  esp_at.o(i.parse_cwjap_response)
    parse_cwjap_response                     0x08003439   Thumb Code    58  esp_at.o(i.parse_cwjap_response)
    i.parse_cwstate_response                 0x080034a0   Section        0  esp_at.o(i.parse_cwstate_response)
    parse_cwstate_response                   0x080034a1   Thumb Code    62  esp_at.o(i.parse_cwstate_response)
    i.parse_seniverse_response               0x08003504   Section        0  weather.o(i.parse_seniverse_response)
    i.st7789_draw_image                      0x080036b4   Section        0  st7789.o(i.st7789_draw_image)
    i.st7789_fill_color                      0x08003778   Section        0  st7789.o(i.st7789_fill_color)
    i.st7789_init                            0x08003834   Section        0  st7789.o(i.st7789_init)
    i.st7789_init_display                    0x08003920   Section        0  st7789.o(i.st7789_init_display)
    st7789_init_display                      0x08003921   Thumb Code   370  st7789.o(i.st7789_init_display)
    i.st7789_reset                           0x08003ae4   Section        0  st7789.o(i.st7789_reset)
    st7789_reset                             0x08003ae5   Thumb Code    32  st7789.o(i.st7789_reset)
    i.st7789_set_backlight                   0x08003b08   Section        0  st7789.o(i.st7789_set_backlight)
    st7789_set_backlight                     0x08003b09   Thumb Code    16  st7789.o(i.st7789_set_backlight)
    i.st7789_set_range_and_prepare_gram      0x08003b1c   Section        0  st7789.o(i.st7789_set_range_and_prepare_gram)
    st7789_set_range_and_prepare_gram        0x08003b1d   Thumb Code    94  st7789.o(i.st7789_set_range_and_prepare_gram)
    i.st7789_write_register                  0x08003b7c   Section        0  st7789.o(i.st7789_write_register)
    st7789_write_register                    0x08003b7d   Thumb Code   130  st7789.o(i.st7789_write_register)
    i.usart_init                             0x08003c08   Section        0  usart.o(i.usart_init)
    i.weekday_str_to_num                     0x08003ca8   Section        0  esp_at.o(i.weekday_str_to_num)
    weekday_str_to_num                       0x08003ca9   Thumb Code    52  esp_at.o(i.weekday_str_to_num)
    .constdata                               0x08003ce0   Section    182896  image.o(.constdata)
    .constdata                               0x08030750   Section      108  esp_at.o(.constdata)
    at_ack_matches                           0x08030750   Data          32  esp_at.o(.constdata)
    .constdata                               0x080307bc   Section       64  ctype_c.o(.constdata)
    .conststring                             0x080307fc   Section      104  main.o(.conststring)
    .conststring                             0x08030864   Section      112  esp_at.o(.conststring)
    .data                                    0x20000000   Section       16  main.o(.data)
    weather_url                              0x2000000c   Data           4  main.o(.data)
    .data                                    0x20000010   Section        8  cpu_tick.o(.data)
    cpu_tick_count                           0x20000010   Data           8  cpu_tick.o(.data)
    .data                                    0x20000018   Section        4  usart.o(.data)
    received_func                            0x20000018   Data           4  usart.o(.data)
    .data                                    0x2000001c   Section       20  system_stm32f4xx.o(.data)
    .data                                    0x20000030   Section       16  stm32f4xx_rcc.o(.data)
    APBAHBPrescTable                         0x20000030   Data          16  stm32f4xx_rcc.o(.data)
    .data                                    0x20000040   Section        4  stdout.o(.data)
    .data                                    0x20000044   Section        4  errno.o(.data)
    _errno                                   0x20000044   Data           4  errno.o(.data)
    .bss                                     0x20000048   Section     1024  esp_at.o(.bss)
    rxbuf                                    0x20000048   Data        1024  esp_at.o(.bss)
    STACK                                    0x20000448   Section     1024  startup_stm32f40_41xxx.o(STACK)

    Global Symbols

    Symbol Name                              Value     Ov Type        Size  Object(Section)

    BuildAttributes$$THM_ISAv4$E$P$D$K$B$S$7EM$VFPi3$EXTD16$VFPS$VFMA$PE$A:L22UL41UL21$X:L11$S22US41US21$IEEE1$IW$USESV6$~STKCKD$USESV7$~SHL$OTIME$ROPI$IEEEJ$EBA8$MICROLIB$REQ8$PRES8$EABIv2 0x00000000   Number         0  anon$$obj.o ABSOLUTE
    __ARM_use_no_argv                        0x00000000   Number         0  main.o ABSOLUTE
    _printf_a                                0x00000000   Number         0  stubs.o ABSOLUTE
    _printf_c                                0x00000000   Number         0  stubs.o ABSOLUTE
    _printf_charcount                        0x00000000   Number         0  stubs.o ABSOLUTE
    _printf_d                                0x00000000   Number         0  stubs.o ABSOLUTE
    _printf_e                                0x00000000   Number         0  stubs.o ABSOLUTE
    _printf_f                                0x00000000   Number         0  stubs.o ABSOLUTE
    _printf_flags                            0x00000000   Number         0  stubs.o ABSOLUTE
    _printf_fp_dec                           0x00000000   Number         0  stubs.o ABSOLUTE
    _printf_fp_hex                           0x00000000   Number         0  stubs.o ABSOLUTE
    _printf_g                                0x00000000   Number         0  stubs.o ABSOLUTE
    _printf_i                                0x00000000   Number         0  stubs.o ABSOLUTE
    _printf_int_dec                          0x00000000   Number         0  stubs.o ABSOLUTE
    _printf_l                                0x00000000   Number         0  stubs.o ABSOLUTE
    _printf_lc                               0x00000000   Number         0  stubs.o ABSOLUTE
    _printf_ll                               0x00000000   Number         0  stubs.o ABSOLUTE
    _printf_lld                              0x00000000   Number         0  stubs.o ABSOLUTE
    _printf_lli                              0x00000000   Number         0  stubs.o ABSOLUTE
    _printf_llo                              0x00000000   Number         0  stubs.o ABSOLUTE
    _printf_llu                              0x00000000   Number         0  stubs.o ABSOLUTE
    _printf_llx                              0x00000000   Number         0  stubs.o ABSOLUTE
    _printf_longlong_dec                     0x00000000   Number         0  stubs.o ABSOLUTE
    _printf_longlong_hex                     0x00000000   Number         0  stubs.o ABSOLUTE
    _printf_longlong_oct                     0x00000000   Number         0  stubs.o ABSOLUTE
    _printf_ls                               0x00000000   Number         0  stubs.o ABSOLUTE
    _printf_mbtowc                           0x00000000   Number         0  stubs.o ABSOLUTE
    _printf_n                                0x00000000   Number         0  stubs.o ABSOLUTE
    _printf_o                                0x00000000   Number         0  stubs.o ABSOLUTE
    _printf_p                                0x00000000   Number         0  stubs.o ABSOLUTE
    _printf_percent                          0x00000000   Number         0  stubs.o ABSOLUTE
    _printf_pre_padding                      0x00000000   Number         0  stubs.o ABSOLUTE
    _printf_return_value                     0x00000000   Number         0  stubs.o ABSOLUTE
    _printf_s                                0x00000000   Number         0  stubs.o ABSOLUTE
    _printf_sizespec                         0x00000000   Number         0  stubs.o ABSOLUTE
    _printf_str                              0x00000000   Number         0  stubs.o ABSOLUTE
    _printf_truncate_signed                  0x00000000   Number         0  stubs.o ABSOLUTE
    _printf_truncate_unsigned                0x00000000   Number         0  stubs.o ABSOLUTE
    _printf_u                                0x00000000   Number         0  stubs.o ABSOLUTE
    _printf_wc                               0x00000000   Number         0  stubs.o ABSOLUTE
    _printf_wctomb                           0x00000000   Number         0  stubs.o ABSOLUTE
    _printf_widthprec                        0x00000000   Number         0  stubs.o ABSOLUTE
    _printf_x                                0x00000000   Number         0  stubs.o ABSOLUTE
    __arm_fini_                               - Undefined Weak Reference
    __cpp_initialize__aeabi_                  - Undefined Weak Reference
    __cxa_finalize                            - Undefined Weak Reference
    __decompress                              - Undefined Weak Reference
    _clock_init                               - Undefined Weak Reference
    _microlib_exit                            - Undefined Weak Reference
    _scanf_longlong                           - Undefined Weak Reference
    __Vectors_Size                           0x00000188   Number         0  startup_stm32f40_41xxx.o ABSOLUTE
    __Vectors                                0x08000000   Data           4  startup_stm32f40_41xxx.o(RESET)
    __Vectors_End                            0x08000188   Data           0  startup_stm32f40_41xxx.o(RESET)
    __main                                   0x08000189   Thumb Code     0  entry.o(.ARM.Collect$$$$00000000)
    _main_stk                                0x08000189   Thumb Code     0  entry2.o(.ARM.Collect$$$$00000001)
    _main_scatterload                        0x0800018d   Thumb Code     0  entry5.o(.ARM.Collect$$$$00000004)
    __main_after_scatterload                 0x08000191   Thumb Code     0  entry5.o(.ARM.Collect$$$$00000004)
    _main_clock                              0x08000191   Thumb Code     0  entry7b.o(.ARM.Collect$$$$00000008)
    _main_cpp_init                           0x08000191   Thumb Code     0  entry8b.o(.ARM.Collect$$$$0000000A)
    _main_init                               0x08000191   Thumb Code     0  entry9a.o(.ARM.Collect$$$$0000000B)
    __rt_lib_shutdown_fini                   0x08000199   Thumb Code     0  entry12b.o(.ARM.Collect$$$$0000000E)
    __rt_final_cpp                           0x0800019d   Thumb Code     0  entry10a.o(.ARM.Collect$$$$0000000F)
    __rt_final_exit                          0x0800019d   Thumb Code     0  entry11a.o(.ARM.Collect$$$$00000011)
    Reset_Handler                            0x080001a1   Thumb Code     8  startup_stm32f40_41xxx.o(.text)
    NMI_Handler                              0x080001a9   Thumb Code     2  startup_stm32f40_41xxx.o(.text)
    HardFault_Handler                        0x080001ab   Thumb Code     2  startup_stm32f40_41xxx.o(.text)
    MemManage_Handler                        0x080001ad   Thumb Code     2  startup_stm32f40_41xxx.o(.text)
    BusFault_Handler                         0x080001af   Thumb Code     2  startup_stm32f40_41xxx.o(.text)
    UsageFault_Handler                       0x080001b1   Thumb Code     2  startup_stm32f40_41xxx.o(.text)
    SVC_Handler                              0x080001b3   Thumb Code     2  startup_stm32f40_41xxx.o(.text)
    DebugMon_Handler                         0x080001b5   Thumb Code     2  startup_stm32f40_41xxx.o(.text)
    PendSV_Handler                           0x080001b7   Thumb Code     2  startup_stm32f40_41xxx.o(.text)
    ADC_IRQHandler                           0x080001bb   Thumb Code     0  startup_stm32f40_41xxx.o(.text)
    CAN1_RX0_IRQHandler                      0x080001bb   Thumb Code     0  startup_stm32f40_41xxx.o(.text)
    CAN1_RX1_IRQHandler                      0x080001bb   Thumb Code     0  startup_stm32f40_41xxx.o(.text)
    CAN1_SCE_IRQHandler                      0x080001bb   Thumb Code     0  startup_stm32f40_41xxx.o(.text)
    CAN1_TX_IRQHandler                       0x080001bb   Thumb Code     0  startup_stm32f40_41xxx.o(.text)
    CAN2_RX0_IRQHandler                      0x080001bb   Thumb Code     0  startup_stm32f40_41xxx.o(.text)
    CAN2_RX1_IRQHandler                      0x080001bb   Thumb Code     0  startup_stm32f40_41xxx.o(.text)
    CAN2_SCE_IRQHandler                      0x080001bb   Thumb Code     0  startup_stm32f40_41xxx.o(.text)
    CAN2_TX_IRQHandler                       0x080001bb   Thumb Code     0  startup_stm32f40_41xxx.o(.text)
    CRYP_IRQHandler                          0x080001bb   Thumb Code     0  startup_stm32f40_41xxx.o(.text)
    DCMI_IRQHandler                          0x080001bb   Thumb Code     0  startup_stm32f40_41xxx.o(.text)
    DMA1_Stream0_IRQHandler                  0x080001bb   Thumb Code     0  startup_stm32f40_41xxx.o(.text)
    DMA1_Stream1_IRQHandler                  0x080001bb   Thumb Code     0  startup_stm32f40_41xxx.o(.text)
    DMA1_Stream2_IRQHandler                  0x080001bb   Thumb Code     0  startup_stm32f40_41xxx.o(.text)
    DMA1_Stream3_IRQHandler                  0x080001bb   Thumb Code     0  startup_stm32f40_41xxx.o(.text)
    DMA1_Stream4_IRQHandler                  0x080001bb   Thumb Code     0  startup_stm32f40_41xxx.o(.text)
    DMA1_Stream5_IRQHandler                  0x080001bb   Thumb Code     0  startup_stm32f40_41xxx.o(.text)
    DMA1_Stream6_IRQHandler                  0x080001bb   Thumb Code     0  startup_stm32f40_41xxx.o(.text)
    DMA1_Stream7_IRQHandler                  0x080001bb   Thumb Code     0  startup_stm32f40_41xxx.o(.text)
    DMA2_Stream0_IRQHandler                  0x080001bb   Thumb Code     0  startup_stm32f40_41xxx.o(.text)
    DMA2_Stream1_IRQHandler                  0x080001bb   Thumb Code     0  startup_stm32f40_41xxx.o(.text)
    DMA2_Stream2_IRQHandler                  0x080001bb   Thumb Code     0  startup_stm32f40_41xxx.o(.text)
    DMA2_Stream3_IRQHandler                  0x080001bb   Thumb Code     0  startup_stm32f40_41xxx.o(.text)
    DMA2_Stream4_IRQHandler                  0x080001bb   Thumb Code     0  startup_stm32f40_41xxx.o(.text)
    DMA2_Stream5_IRQHandler                  0x080001bb   Thumb Code     0  startup_stm32f40_41xxx.o(.text)
    DMA2_Stream6_IRQHandler                  0x080001bb   Thumb Code     0  startup_stm32f40_41xxx.o(.text)
    DMA2_Stream7_IRQHandler                  0x080001bb   Thumb Code     0  startup_stm32f40_41xxx.o(.text)
    ETH_IRQHandler                           0x080001bb   Thumb Code     0  startup_stm32f40_41xxx.o(.text)
    ETH_WKUP_IRQHandler                      0x080001bb   Thumb Code     0  startup_stm32f40_41xxx.o(.text)
    EXTI0_IRQHandler                         0x080001bb   Thumb Code     0  startup_stm32f40_41xxx.o(.text)
    EXTI15_10_IRQHandler                     0x080001bb   Thumb Code     0  startup_stm32f40_41xxx.o(.text)
    EXTI1_IRQHandler                         0x080001bb   Thumb Code     0  startup_stm32f40_41xxx.o(.text)
    EXTI2_IRQHandler                         0x080001bb   Thumb Code     0  startup_stm32f40_41xxx.o(.text)
    EXTI3_IRQHandler                         0x080001bb   Thumb Code     0  startup_stm32f40_41xxx.o(.text)
    EXTI4_IRQHandler                         0x080001bb   Thumb Code     0  startup_stm32f40_41xxx.o(.text)
    EXTI9_5_IRQHandler                       0x080001bb   Thumb Code     0  startup_stm32f40_41xxx.o(.text)
    FLASH_IRQHandler                         0x080001bb   Thumb Code     0  startup_stm32f40_41xxx.o(.text)
    FPU_IRQHandler                           0x080001bb   Thumb Code     0  startup_stm32f40_41xxx.o(.text)
    FSMC_IRQHandler                          0x080001bb   Thumb Code     0  startup_stm32f40_41xxx.o(.text)
    HASH_RNG_IRQHandler                      0x080001bb   Thumb Code     0  startup_stm32f40_41xxx.o(.text)
    I2C1_ER_IRQHandler                       0x080001bb   Thumb Code     0  startup_stm32f40_41xxx.o(.text)
    I2C1_EV_IRQHandler                       0x080001bb   Thumb Code     0  startup_stm32f40_41xxx.o(.text)
    I2C2_ER_IRQHandler                       0x080001bb   Thumb Code     0  startup_stm32f40_41xxx.o(.text)
    I2C2_EV_IRQHandler                       0x080001bb   Thumb Code     0  startup_stm32f40_41xxx.o(.text)
    I2C3_ER_IRQHandler                       0x080001bb   Thumb Code     0  startup_stm32f40_41xxx.o(.text)
    I2C3_EV_IRQHandler                       0x080001bb   Thumb Code     0  startup_stm32f40_41xxx.o(.text)
    OTG_FS_IRQHandler                        0x080001bb   Thumb Code     0  startup_stm32f40_41xxx.o(.text)
    OTG_FS_WKUP_IRQHandler                   0x080001bb   Thumb Code     0  startup_stm32f40_41xxx.o(.text)
    OTG_HS_EP1_IN_IRQHandler                 0x080001bb   Thumb Code     0  startup_stm32f40_41xxx.o(.text)
    OTG_HS_EP1_OUT_IRQHandler                0x080001bb   Thumb Code     0  startup_stm32f40_41xxx.o(.text)
    OTG_HS_IRQHandler                        0x080001bb   Thumb Code     0  startup_stm32f40_41xxx.o(.text)
    OTG_HS_WKUP_IRQHandler                   0x080001bb   Thumb Code     0  startup_stm32f40_41xxx.o(.text)
    PVD_IRQHandler                           0x080001bb   Thumb Code     0  startup_stm32f40_41xxx.o(.text)
    RCC_IRQHandler                           0x080001bb   Thumb Code     0  startup_stm32f40_41xxx.o(.text)
    RTC_Alarm_IRQHandler                     0x080001bb   Thumb Code     0  startup_stm32f40_41xxx.o(.text)
    RTC_WKUP_IRQHandler                      0x080001bb   Thumb Code     0  startup_stm32f40_41xxx.o(.text)
    SDIO_IRQHandler                          0x080001bb   Thumb Code     0  startup_stm32f40_41xxx.o(.text)
    SPI1_IRQHandler                          0x080001bb   Thumb Code     0  startup_stm32f40_41xxx.o(.text)
    SPI2_IRQHandler                          0x080001bb   Thumb Code     0  startup_stm32f40_41xxx.o(.text)
    SPI3_IRQHandler                          0x080001bb   Thumb Code     0  startup_stm32f40_41xxx.o(.text)
    TAMP_STAMP_IRQHandler                    0x080001bb   Thumb Code     0  startup_stm32f40_41xxx.o(.text)
    TIM1_BRK_TIM9_IRQHandler                 0x080001bb   Thumb Code     0  startup_stm32f40_41xxx.o(.text)
    TIM1_CC_IRQHandler                       0x080001bb   Thumb Code     0  startup_stm32f40_41xxx.o(.text)
    TIM1_TRG_COM_TIM11_IRQHandler            0x080001bb   Thumb Code     0  startup_stm32f40_41xxx.o(.text)
    TIM1_UP_TIM10_IRQHandler                 0x080001bb   Thumb Code     0  startup_stm32f40_41xxx.o(.text)
    TIM2_IRQHandler                          0x080001bb   Thumb Code     0  startup_stm32f40_41xxx.o(.text)
    TIM3_IRQHandler                          0x080001bb   Thumb Code     0  startup_stm32f40_41xxx.o(.text)
    TIM4_IRQHandler                          0x080001bb   Thumb Code     0  startup_stm32f40_41xxx.o(.text)
    TIM5_IRQHandler                          0x080001bb   Thumb Code     0  startup_stm32f40_41xxx.o(.text)
    TIM6_DAC_IRQHandler                      0x080001bb   Thumb Code     0  startup_stm32f40_41xxx.o(.text)
    TIM7_IRQHandler                          0x080001bb   Thumb Code     0  startup_stm32f40_41xxx.o(.text)
    TIM8_BRK_TIM12_IRQHandler                0x080001bb   Thumb Code     0  startup_stm32f40_41xxx.o(.text)
    TIM8_CC_IRQHandler                       0x080001bb   Thumb Code     0  startup_stm32f40_41xxx.o(.text)
    TIM8_TRG_COM_TIM14_IRQHandler            0x080001bb   Thumb Code     0  startup_stm32f40_41xxx.o(.text)
    TIM8_UP_TIM13_IRQHandler                 0x080001bb   Thumb Code     0  startup_stm32f40_41xxx.o(.text)
    UART4_IRQHandler                         0x080001bb   Thumb Code     0  startup_stm32f40_41xxx.o(.text)
    UART5_IRQHandler                         0x080001bb   Thumb Code     0  startup_stm32f40_41xxx.o(.text)
    USART2_IRQHandler                        0x080001bb   Thumb Code     0  startup_stm32f40_41xxx.o(.text)
    USART3_IRQHandler                        0x080001bb   Thumb Code     0  startup_stm32f40_41xxx.o(.text)
    USART6_IRQHandler                        0x080001bb   Thumb Code     0  startup_stm32f40_41xxx.o(.text)
    WWDG_IRQHandler                          0x080001bb   Thumb Code     0  startup_stm32f40_41xxx.o(.text)
    __aeabi_uldivmod                         0x080001c5   Thumb Code    98  uldiv.o(.text)
    __aeabi_memcpy                           0x08000227   Thumb Code    36  memcpya.o(.text)
    __aeabi_memcpy4                          0x08000227   Thumb Code     0  memcpya.o(.text)
    __aeabi_memcpy8                          0x08000227   Thumb Code     0  memcpya.o(.text)
    __aeabi_memset                           0x0800024b   Thumb Code    14  memseta.o(.text)
    __aeabi_memset4                          0x0800024b   Thumb Code     0  memseta.o(.text)
    __aeabi_memset8                          0x0800024b   Thumb Code     0  memseta.o(.text)
    __aeabi_memclr                           0x08000259   Thumb Code     4  memseta.o(.text)
    __aeabi_memclr4                          0x08000259   Thumb Code     0  memseta.o(.text)
    __aeabi_memclr8                          0x08000259   Thumb Code     0  memseta.o(.text)
    _memset$wrapper                          0x0800025d   Thumb Code    18  memseta.o(.text)
    strstr                                   0x0800026f   Thumb Code    36  strstr.o(.text)
    strcmp                                   0x08000293   Thumb Code    28  strcmp.o(.text)
    __0sscanf                                0x080002b1   Thumb Code    48  __0sscanf.o(.text)
    _scanf_int                               0x080002e9   Thumb Code   332  _scanf_int.o(.text)
    _scanf_string                            0x08000435   Thumb Code   224  _scanf_str.o(.text)
    __aeabi_f2d                              0x08000515   Thumb Code    38  f2d.o(.text)
    __aeabi_d2f                              0x0800053b   Thumb Code    56  d2f.o(.text)
    __aeabi_uidiv                            0x08000573   Thumb Code     0  uidiv.o(.text)
    __aeabi_uidivmod                         0x08000573   Thumb Code    44  uidiv.o(.text)
    __aeabi_llsl                             0x0800059f   Thumb Code    30  llshl.o(.text)
    _ll_shift_l                              0x0800059f   Thumb Code     0  llshl.o(.text)
    __aeabi_llsr                             0x080005bd   Thumb Code    32  llushr.o(.text)
    _ll_ushift_r                             0x080005bd   Thumb Code     0  llushr.o(.text)
    _chval                                   0x080005dd   Thumb Code    28  _chval.o(.text)
    __vfscanf_char                           0x08000605   Thumb Code    20  scanf_char.o(.text)
    _sgetc                                   0x08000621   Thumb Code    30  _sgetc.o(.text)
    _sbackspace                              0x0800063f   Thumb Code    34  _sgetc.o(.text)
    __strtod_int                             0x08000697   Thumb Code    90  strtod.o(.text)
    __I$use$fp                               0x080006fd   Thumb Code     0  iusefp.o(.text)
    _float_round                             0x080006fd   Thumb Code    18  fepilogue.o(.text)
    _float_epilogue                          0x0800070f   Thumb Code    92  fepilogue.o(.text)
    __aeabi_dadd                             0x0800076b   Thumb Code   322  dadd.o(.text)
    __aeabi_dsub                             0x080008ad   Thumb Code     6  dadd.o(.text)
    __aeabi_drsub                            0x080008b3   Thumb Code     6  dadd.o(.text)
    __aeabi_dmul                             0x080008b9   Thumb Code   228  dmul.o(.text)
    __aeabi_ddiv                             0x0800099d   Thumb Code   222  ddiv.o(.text)
    __aeabi_d2ulz                            0x08000a7b   Thumb Code    48  dfixul.o(.text)
    __aeabi_cdrcmple                         0x08000aad   Thumb Code    48  cdrcmple.o(.text)
    __scatterload                            0x08000add   Thumb Code    28  init.o(.text)
    __scatterload_rt2                        0x08000add   Thumb Code     0  init.o(.text)
    __aeabi_lasr                             0x08000b01   Thumb Code    36  llsshr.o(.text)
    _ll_sshift_r                             0x08000b01   Thumb Code     0  llsshr.o(.text)
    isspace                                  0x08000b25   Thumb Code    10  isspace_c.o(.text)
    __vfscanf                                0x08000b31   Thumb Code   810  _scanf.o(.text)
    _scanf_real                              0x08000f89   Thumb Code     0  scanf_fp.o(.text)
    _scanf_really_real                       0x08000f89   Thumb Code   556  scanf_fp.o(.text)
    _double_round                            0x080011c1   Thumb Code    30  depilogue.o(.text)
    _double_epilogue                         0x080011df   Thumb Code   156  depilogue.o(.text)
    __ctype_lookup                           0x0800127d   Thumb Code    34  ctype_c.o(.text)
    __aeabi_ul2d                             0x080012a5   Thumb Code    24  dfltul.o(.text)
    GPIO_Init                                0x080012bd   Thumb Code   144  stm32f4xx_gpio.o(i.GPIO_Init)
    GPIO_PinAFConfig                         0x0800134d   Thumb Code    70  stm32f4xx_gpio.o(i.GPIO_PinAFConfig)
    GPIO_ResetBits                           0x08001393   Thumb Code     6  stm32f4xx_gpio.o(i.GPIO_ResetBits)
    GPIO_SetBits                             0x08001399   Thumb Code     4  stm32f4xx_gpio.o(i.GPIO_SetBits)
    GPIO_StructInit                          0x0800139d   Thumb Code    18  stm32f4xx_gpio.o(i.GPIO_StructInit)
    GPIO_WriteBit                            0x080013af   Thumb Code    12  stm32f4xx_gpio.o(i.GPIO_WriteBit)
    I2C_AcknowledgeConfig                    0x080013bb   Thumb Code    24  stm32f4xx_i2c.o(i.I2C_AcknowledgeConfig)
    I2C_CheckEvent                           0x080013d3   Thumb Code    62  stm32f4xx_i2c.o(i.I2C_CheckEvent)
    I2C_Cmd                                  0x08001411   Thumb Code    24  stm32f4xx_i2c.o(i.I2C_Cmd)
    I2C_GenerateSTART                        0x08001429   Thumb Code    24  stm32f4xx_i2c.o(i.I2C_GenerateSTART)
    I2C_GenerateSTOP                         0x08001441   Thumb Code    24  stm32f4xx_i2c.o(i.I2C_GenerateSTOP)
    I2C_Init                                 0x08001459   Thumb Code   218  stm32f4xx_i2c.o(i.I2C_Init)
    I2C_ReceiveData                          0x08001541   Thumb Code     8  stm32f4xx_i2c.o(i.I2C_ReceiveData)
    I2C_Send7bitAddress                      0x08001549   Thumb Code    16  stm32f4xx_i2c.o(i.I2C_Send7bitAddress)
    I2C_SendData                             0x08001559   Thumb Code     4  stm32f4xx_i2c.o(i.I2C_SendData)
    I2C_StructInit                           0x0800155d   Thumb Code    30  stm32f4xx_i2c.o(i.I2C_StructInit)
    NVIC_Init                                0x0800157d   Thumb Code   106  misc.o(i.NVIC_Init)
    RCC_AHB1PeriphClockCmd                   0x080015f5   Thumb Code    26  stm32f4xx_rcc.o(i.RCC_AHB1PeriphClockCmd)
    RCC_APB1PeriphClockCmd                   0x08001615   Thumb Code    26  stm32f4xx_rcc.o(i.RCC_APB1PeriphClockCmd)
    RCC_APB2PeriphClockCmd                   0x08001635   Thumb Code    26  stm32f4xx_rcc.o(i.RCC_APB2PeriphClockCmd)
    RCC_GetClocksFreq                        0x08001655   Thumb Code   214  stm32f4xx_rcc.o(i.RCC_GetClocksFreq)
    SPI_Cmd                                  0x0800173d   Thumb Code    24  stm32f4xx_spi.o(i.SPI_Cmd)
    SPI_I2S_GetFlagStatus                    0x08001755   Thumb Code    18  stm32f4xx_spi.o(i.SPI_I2S_GetFlagStatus)
    SPI_I2S_SendData                         0x08001767   Thumb Code     4  stm32f4xx_spi.o(i.SPI_I2S_SendData)
    SPI_Init                                 0x0800176b   Thumb Code    60  stm32f4xx_spi.o(i.SPI_Init)
    SPI_StructInit                           0x080017a7   Thumb Code    24  stm32f4xx_spi.o(i.SPI_StructInit)
    SysTick_Handler                          0x080018ad   Thumb Code    32  cpu_tick.o(i.SysTick_Handler)
    SystemInit                               0x080018d5   Thumb Code    88  system_stm32f4xx.o(i.SystemInit)
    USART1_IRQHandler                        0x0800193d   Thumb Code    50  usart.o(i.USART1_IRQHandler)
    USART_ClearFlag                          0x08001979   Thumb Code    18  stm32f4xx_usart.o(i.USART_ClearFlag)
    USART_ClearITPendingBit                  0x0800198b   Thumb Code    30  stm32f4xx_usart.o(i.USART_ClearITPendingBit)
    USART_Cmd                                0x080019a9   Thumb Code    24  stm32f4xx_usart.o(i.USART_Cmd)
    USART_GetFlagStatus                      0x080019c1   Thumb Code    26  stm32f4xx_usart.o(i.USART_GetFlagStatus)
    USART_GetITStatus                        0x080019db   Thumb Code    84  stm32f4xx_usart.o(i.USART_GetITStatus)
    USART_ITConfig                           0x08001a2f   Thumb Code    74  stm32f4xx_usart.o(i.USART_ITConfig)
    USART_Init                               0x08001a79   Thumb Code   204  stm32f4xx_usart.o(i.USART_Init)
    USART_ReceiveData                        0x08001b4d   Thumb Code    10  stm32f4xx_usart.o(i.USART_ReceiveData)
    USART_SendData                           0x08001b57   Thumb Code     8  stm32f4xx_usart.o(i.USART_SendData)
    USART_StructInit                         0x08001b5f   Thumb Code    24  stm32f4xx_usart.o(i.USART_StructInit)
    __0printf                                0x08001b79   Thumb Code    22  printfa.o(i.__0printf)
    __1printf                                0x08001b79   Thumb Code     0  printfa.o(i.__0printf)
    __2printf                                0x08001b79   Thumb Code     0  printfa.o(i.__0printf)
    __c89printf                              0x08001b79   Thumb Code     0  printfa.o(i.__0printf)
    printf                                   0x08001b79   Thumb Code     0  printfa.o(i.__0printf)
    __0snprintf                              0x08001b99   Thumb Code    48  printfa.o(i.__0snprintf)
    __1snprintf                              0x08001b99   Thumb Code     0  printfa.o(i.__0snprintf)
    __2snprintf                              0x08001b99   Thumb Code     0  printfa.o(i.__0snprintf)
    __c89snprintf                            0x08001b99   Thumb Code     0  printfa.o(i.__0snprintf)
    snprintf                                 0x08001b99   Thumb Code     0  printfa.o(i.__0snprintf)
    __hardfp_atof                            0x08001bd1   Thumb Code    44  atof.o(i.__hardfp_atof)
    __read_errno                             0x08001c09   Thumb Code     6  errno.o(i.__read_errno)
    __scatterload_copy                       0x08001c15   Thumb Code    14  handlers.o(i.__scatterload_copy)
    __scatterload_null                       0x08001c23   Thumb Code     2  handlers.o(i.__scatterload_null)
    __scatterload_zeroinit                   0x08001c25   Thumb Code    14  handlers.o(i.__scatterload_zeroinit)
    __set_errno                              0x08001c35   Thumb Code     6  errno.o(i.__set_errno)
    _is_digit                                0x08001dc5   Thumb Code    14  scanf_fp.o(i._is_digit)
    aht20_init                               0x080024f1   Thumb Code   196  aht20.o(i.aht20_init)
    aht20_read_measurement                   0x080026c5   Thumb Code   138  aht20.o(i.aht20_read_measurement)
    aht20_start_measurement                  0x08002789   Thumb Code    26  aht20.o(i.aht20_start_measurement)
    aht20_wait_for_measurement               0x080027a9   Thumb Code    32  aht20.o(i.aht20_wait_for_measurement)
    cpu_delay_ms                             0x0800288d   Thumb Code    48  cpu_tick.o(i.cpu_delay_ms)
    cpu_delay_us                             0x080028c1   Thumb Code    46  cpu_tick.o(i.cpu_delay_us)
    cpu_get_ms                               0x080028f9   Thumb Code    36  cpu_tick.o(i.cpu_get_ms)
    cpu_now                                  0x08002921   Thumb Code    56  cpu_tick.o(i.cpu_now)
    cpu_tick_init                            0x0800295d   Thumb Code    28  cpu_tick.o(i.cpu_tick_init)
    esp_at_connect_wifi                      0x0800297d   Thumb Code    66  esp_at.o(i.esp_at_connect_wifi)
    esp_at_get_response                      0x080029dd   Thumb Code     4  esp_at.o(i.esp_at_get_response)
    esp_at_get_wifi_info                     0x080029e5   Thumb Code    76  esp_at.o(i.esp_at_get_wifi_info)
    esp_at_http_get                          0x08002a49   Thumb Code    44  esp_at.o(i.esp_at_http_get)
    esp_at_init                              0x08002a95   Thumb Code    62  esp_at.o(i.esp_at_init)
    esp_at_sntp_get_time                     0x08002ae5   Thumb Code    42  esp_at.o(i.esp_at_sntp_get_time)
    esp_at_sntp_init                         0x08002b21   Thumb Code    22  esp_at.o(i.esp_at_sntp_init)
    esp_at_wait_ready                        0x08002ca5   Thumb Code    22  esp_at.o(i.esp_at_wait_ready)
    esp_at_wifi_init                         0x08002cbd   Thumb Code    14  esp_at.o(i.esp_at_wifi_init)
    esp_at_write_command                     0x08002cd9   Thumb Code    30  esp_at.o(i.esp_at_write_command)
    fputc                                    0x08002cf9   Thumb Code    40  usart.o(i.fputc)
    main                                     0x08002d55   Thumb Code   676  main.o(i.main)
    parse_seniverse_response                 0x08003505   Thumb Code   246  weather.o(i.parse_seniverse_response)
    st7789_draw_image                        0x080036b5   Thumb Code   186  st7789.o(i.st7789_draw_image)
    st7789_fill_color                        0x08003779   Thumb Code   178  st7789.o(i.st7789_fill_color)
    st7789_init                              0x08003835   Thumb Code   220  st7789.o(i.st7789_init)
    usart_init                               0x08003c09   Thumb Code   150  usart.o(i.usart_init)
    gImage_touxiang                          0x08003ce0   Data       114240  image.o(.constdata)
    gImage_ktxy                              0x0801fb20   Data       68640  image.o(.constdata)
    image_touxiang                           0x08030740   Data           8  image.o(.constdata)
    image_ktxy                               0x08030748   Data           8  image.o(.constdata)
    __ctype_categories                       0x080307bc   Data          64  ctype_c.o(.constdata)
    Region$$Table$$Base                      0x080308d4   Number         0  anon$$obj.o(Region$$Table)
    Region$$Table$$Limit                     0x080308f4   Number         0  anon$$obj.o(Region$$Table)
    failcount                                0x20000000   Data           4  main.o(.data)
    temperature                              0x20000004   Data           4  main.o(.data)
    humidity                                 0x20000008   Data           4  main.o(.data)
    SystemCoreClock                          0x2000001c   Data           4  system_stm32f4xx.o(.data)
    AHBPrescTable                            0x20000020   Data          16  system_stm32f4xx.o(.data)
    __stdout                                 0x20000040   Data           4  stdout.o(.data)
    __initial_sp                             0x20000848   Data           0  startup_stm32f40_41xxx.o(STACK)



==============================================================================

Memory Map of the image

  Image Entry point : 0x08000189

  Load Region LR_IROM1 (Base: 0x08000000, Size: 0x0003093c, Max: 0x00080000, ABSOLUTE)

    Execution Region ER_IROM1 (Exec base: 0x08000000, Load base: 0x08000000, Size: 0x000308f4, Max: 0x00080000, ABSOLUTE)

    Exec Addr    Load Addr    Size         Type   Attr      Idx    E Section Name        Object

    0x08000000   0x08000000   0x00000188   Data   RO          724    RESET               startup_stm32f40_41xxx.o
    0x08000188   0x08000188   0x00000000   Code   RO         5781  * .ARM.Collect$$$$00000000  mc_w.l(entry.o)
    0x08000188   0x08000188   0x00000004   Code   RO         6071    .ARM.Collect$$$$00000001  mc_w.l(entry2.o)
    0x0800018c   0x0800018c   0x00000004   Code   RO         6074    .ARM.Collect$$$$00000004  mc_w.l(entry5.o)
    0x08000190   0x08000190   0x00000000   Code   RO         6076    .ARM.Collect$$$$00000008  mc_w.l(entry7b.o)
    0x08000190   0x08000190   0x00000000   Code   RO         6078    .ARM.Collect$$$$0000000A  mc_w.l(entry8b.o)
    0x08000190   0x08000190   0x00000008   Code   RO         6079    .ARM.Collect$$$$0000000B  mc_w.l(entry9a.o)
    0x08000198   0x08000198   0x00000004   Code   RO         6086    .ARM.Collect$$$$0000000E  mc_w.l(entry12b.o)
    0x0800019c   0x0800019c   0x00000000   Code   RO         6081    .ARM.Collect$$$$0000000F  mc_w.l(entry10a.o)
    0x0800019c   0x0800019c   0x00000000   Code   RO         6083    .ARM.Collect$$$$00000011  mc_w.l(entry11a.o)
    0x0800019c   0x0800019c   0x00000004   Code   RO         6072    .ARM.Collect$$$$00002712  mc_w.l(entry2.o)
    0x080001a0   0x080001a0   0x00000024   Code   RO          725    .text               startup_stm32f40_41xxx.o
    0x080001c4   0x080001c4   0x00000062   Code   RO         5784    .text               mc_w.l(uldiv.o)
    0x08000226   0x08000226   0x00000024   Code   RO         5786    .text               mc_w.l(memcpya.o)
    0x0800024a   0x0800024a   0x00000024   Code   RO         5788    .text               mc_w.l(memseta.o)
    0x0800026e   0x0800026e   0x00000024   Code   RO         5790    .text               mc_w.l(strstr.o)
    0x08000292   0x08000292   0x0000001c   Code   RO         5796    .text               mc_w.l(strcmp.o)
    0x080002ae   0x080002ae   0x00000002   PAD
    0x080002b0   0x080002b0   0x00000038   Code   RO         6061    .text               mc_w.l(__0sscanf.o)
    0x080002e8   0x080002e8   0x0000014c   Code   RO         6063    .text               mc_w.l(_scanf_int.o)
    0x08000434   0x08000434   0x000000e0   Code   RO         6065    .text               mc_w.l(_scanf_str.o)
    0x08000514   0x08000514   0x00000026   Code   RO         6067    .text               mf_w.l(f2d.o)
    0x0800053a   0x0800053a   0x00000038   Code   RO         6069    .text               mf_w.l(d2f.o)
    0x08000572   0x08000572   0x0000002c   Code   RO         6088    .text               mc_w.l(uidiv.o)
    0x0800059e   0x0800059e   0x0000001e   Code   RO         6090    .text               mc_w.l(llshl.o)
    0x080005bc   0x080005bc   0x00000020   Code   RO         6092    .text               mc_w.l(llushr.o)
    0x080005dc   0x080005dc   0x0000001c   Code   RO         6101    .text               mc_w.l(_chval.o)
    0x080005f8   0x080005f8   0x00000028   Code   RO         6103    .text               mc_w.l(scanf_char.o)
    0x08000620   0x08000620   0x00000040   Code   RO         6105    .text               mc_w.l(_sgetc.o)
    0x08000660   0x08000660   0x0000009c   Code   RO         6107    .text               mc_w.l(strtod.o)
    0x080006fc   0x080006fc   0x00000000   Code   RO         6109    .text               mc_w.l(iusefp.o)
    0x080006fc   0x080006fc   0x0000006e   Code   RO         6110    .text               mf_w.l(fepilogue.o)
    0x0800076a   0x0800076a   0x0000014e   Code   RO         6112    .text               mf_w.l(dadd.o)
    0x080008b8   0x080008b8   0x000000e4   Code   RO         6114    .text               mf_w.l(dmul.o)
    0x0800099c   0x0800099c   0x000000de   Code   RO         6116    .text               mf_w.l(ddiv.o)
    0x08000a7a   0x08000a7a   0x00000030   Code   RO         6118    .text               mf_w.l(dfixul.o)
    0x08000aaa   0x08000aaa   0x00000002   PAD
    0x08000aac   0x08000aac   0x00000030   Code   RO         6120    .text               mf_w.l(cdrcmple.o)
    0x08000adc   0x08000adc   0x00000024   Code   RO         6122    .text               mc_w.l(init.o)
    0x08000b00   0x08000b00   0x00000024   Code   RO         6124    .text               mc_w.l(llsshr.o)
    0x08000b24   0x08000b24   0x0000000a   Code   RO         6126    .text               mc_w.l(isspace_c.o)
    0x08000b2e   0x08000b2e   0x00000002   PAD
    0x08000b30   0x08000b30   0x00000330   Code   RO         6128    .text               mc_w.l(_scanf.o)
    0x08000e60   0x08000e60   0x00000360   Code   RO         6130    .text               mc_w.l(scanf_fp.o)
    0x080011c0   0x080011c0   0x000000ba   Code   RO         6134    .text               mf_w.l(depilogue.o)
    0x0800127a   0x0800127a   0x00000002   PAD
    0x0800127c   0x0800127c   0x00000028   Code   RO         6136    .text               mc_w.l(ctype_c.o)
    0x080012a4   0x080012a4   0x00000018   Code   RO         6139    .text               mf_w.l(dfltul.o)
    0x080012bc   0x080012bc   0x00000090   Code   RO         2648    i.GPIO_Init         stm32f4xx_gpio.o
    0x0800134c   0x0800134c   0x00000046   Code   RO         2649    i.GPIO_PinAFConfig  stm32f4xx_gpio.o
    0x08001392   0x08001392   0x00000006   Code   RO         2655    i.GPIO_ResetBits    stm32f4xx_gpio.o
    0x08001398   0x08001398   0x00000004   Code   RO         2656    i.GPIO_SetBits      stm32f4xx_gpio.o
    0x0800139c   0x0800139c   0x00000012   Code   RO         2657    i.GPIO_StructInit   stm32f4xx_gpio.o
    0x080013ae   0x080013ae   0x0000000c   Code   RO         2660    i.GPIO_WriteBit     stm32f4xx_gpio.o
    0x080013ba   0x080013ba   0x00000018   Code   RO         2936    i.I2C_AcknowledgeConfig  stm32f4xx_i2c.o
    0x080013d2   0x080013d2   0x0000003e   Code   RO         2939    i.I2C_CheckEvent    stm32f4xx_i2c.o
    0x08001410   0x08001410   0x00000018   Code   RO         2942    i.I2C_Cmd           stm32f4xx_i2c.o
    0x08001428   0x08001428   0x00000018   Code   RO         2950    i.I2C_GenerateSTART  stm32f4xx_i2c.o
    0x08001440   0x08001440   0x00000018   Code   RO         2951    i.I2C_GenerateSTOP  stm32f4xx_i2c.o
    0x08001458   0x08001458   0x000000e8   Code   RO         2957    i.I2C_Init          stm32f4xx_i2c.o
    0x08001540   0x08001540   0x00000008   Code   RO         2962    i.I2C_ReceiveData   stm32f4xx_i2c.o
    0x08001548   0x08001548   0x00000010   Code   RO         2964    i.I2C_Send7bitAddress  stm32f4xx_i2c.o
    0x08001558   0x08001558   0x00000004   Code   RO         2965    i.I2C_SendData      stm32f4xx_i2c.o
    0x0800155c   0x0800155c   0x0000001e   Code   RO         2968    i.I2C_StructInit    stm32f4xx_i2c.o
    0x0800157a   0x0800157a   0x00000002   PAD
    0x0800157c   0x0800157c   0x00000078   Code   RO          773    i.NVIC_Init         misc.o
    0x080015f4   0x080015f4   0x00000020   Code   RO         3574    i.RCC_AHB1PeriphClockCmd  stm32f4xx_rcc.o
    0x08001614   0x08001614   0x00000020   Code   RO         3583    i.RCC_APB1PeriphClockCmd  stm32f4xx_rcc.o
    0x08001634   0x08001634   0x00000020   Code   RO         3586    i.RCC_APB2PeriphClockCmd  stm32f4xx_rcc.o
    0x08001654   0x08001654   0x000000e8   Code   RO         3595    i.RCC_GetClocksFreq  stm32f4xx_rcc.o
    0x0800173c   0x0800173c   0x00000018   Code   RO         4732    i.SPI_Cmd           stm32f4xx_spi.o
    0x08001754   0x08001754   0x00000012   Code   RO         4740    i.SPI_I2S_GetFlagStatus  stm32f4xx_spi.o
    0x08001766   0x08001766   0x00000004   Code   RO         4744    i.SPI_I2S_SendData  stm32f4xx_spi.o
    0x0800176a   0x0800176a   0x0000003c   Code   RO         4745    i.SPI_Init          stm32f4xx_spi.o
    0x080017a6   0x080017a6   0x00000018   Code   RO         4748    i.SPI_StructInit    stm32f4xx_spi.o
    0x080017be   0x080017be   0x00000002   PAD
    0x080017c0   0x080017c0   0x000000ec   Code   RO          732    i.SetSysClock       system_stm32f4xx.o
    0x080018ac   0x080018ac   0x00000028   Code   RO          315    i.SysTick_Handler   cpu_tick.o
    0x080018d4   0x080018d4   0x00000068   Code   RO          734    i.SystemInit        system_stm32f4xx.o
    0x0800193c   0x0800193c   0x0000003c   Code   RO          425    i.USART1_IRQHandler  usart.o
    0x08001978   0x08001978   0x00000012   Code   RO         5520    i.USART_ClearFlag   stm32f4xx_usart.o
    0x0800198a   0x0800198a   0x0000001e   Code   RO         5521    i.USART_ClearITPendingBit  stm32f4xx_usart.o
    0x080019a8   0x080019a8   0x00000018   Code   RO         5524    i.USART_Cmd         stm32f4xx_usart.o
    0x080019c0   0x080019c0   0x0000001a   Code   RO         5527    i.USART_GetFlagStatus  stm32f4xx_usart.o
    0x080019da   0x080019da   0x00000054   Code   RO         5528    i.USART_GetITStatus  stm32f4xx_usart.o
    0x08001a2e   0x08001a2e   0x0000004a   Code   RO         5530    i.USART_ITConfig    stm32f4xx_usart.o
    0x08001a78   0x08001a78   0x000000d4   Code   RO         5531    i.USART_Init        stm32f4xx_usart.o
    0x08001b4c   0x08001b4c   0x0000000a   Code   RO         5538    i.USART_ReceiveData  stm32f4xx_usart.o
    0x08001b56   0x08001b56   0x00000008   Code   RO         5541    i.USART_SendData    stm32f4xx_usart.o
    0x08001b5e   0x08001b5e   0x00000018   Code   RO         5547    i.USART_StructInit  stm32f4xx_usart.o
    0x08001b76   0x08001b76   0x00000002   PAD
    0x08001b78   0x08001b78   0x00000020   Code   RO         6033    i.__0printf         mc_w.l(printfa.o)
    0x08001b98   0x08001b98   0x00000034   Code   RO         6034    i.__0snprintf       mc_w.l(printfa.o)
    0x08001bcc   0x08001bcc   0x00000004   PAD
    0x08001bd0   0x08001bd0   0x00000038   Code   RO         5775    i.__hardfp_atof     m_wm.l(atof.o)
    0x08001c08   0x08001c08   0x0000000c   Code   RO         6095    i.__read_errno      mc_w.l(errno.o)
    0x08001c14   0x08001c14   0x0000000e   Code   RO         6143    i.__scatterload_copy  mc_w.l(handlers.o)
    0x08001c22   0x08001c22   0x00000002   Code   RO         6144    i.__scatterload_null  mc_w.l(handlers.o)
    0x08001c24   0x08001c24   0x0000000e   Code   RO         6145    i.__scatterload_zeroinit  mc_w.l(handlers.o)
    0x08001c32   0x08001c32   0x00000002   PAD
    0x08001c34   0x08001c34   0x0000000c   Code   RO         6096    i.__set_errno       mc_w.l(errno.o)
    0x08001c40   0x08001c40   0x00000184   Code   RO         6040    i._fp_digits        mc_w.l(printfa.o)
    0x08001dc4   0x08001dc4   0x0000000e   Code   RO         6132    i._is_digit         mc_w.l(scanf_fp.o)
    0x08001dd2   0x08001dd2   0x00000002   PAD
    0x08001dd4   0x08001dd4   0x000006b4   Code   RO         6041    i._printf_core      mc_w.l(printfa.o)
    0x08002488   0x08002488   0x00000024   Code   RO         6042    i._printf_post_padding  mc_w.l(printfa.o)
    0x080024ac   0x080024ac   0x0000002e   Code   RO         6043    i._printf_pre_padding  mc_w.l(printfa.o)
    0x080024da   0x080024da   0x00000016   Code   RO         6044    i._snputc           mc_w.l(printfa.o)
    0x080024f0   0x080024f0   0x000000d4   Code   RO          248    i.aht20_init        aht20.o
    0x080025c4   0x080025c4   0x00000016   Code   RO          249    i.aht20_is_busy     aht20.o
    0x080025da   0x080025da   0x00000018   Code   RO          250    i.aht20_is_ready    aht20.o
    0x080025f2   0x080025f2   0x00000002   PAD
    0x080025f4   0x080025f4   0x000000d0   Code   RO          251    i.aht20_read        aht20.o
    0x080026c4   0x080026c4   0x0000009c   Code   RO          252    i.aht20_read_measurement  aht20.o
    0x08002760   0x08002760   0x00000028   Code   RO          253    i.aht20_read_status  aht20.o
    0x08002788   0x08002788   0x00000020   Code   RO          254    i.aht20_start_measurement  aht20.o
    0x080027a8   0x080027a8   0x00000020   Code   RO          255    i.aht20_wait_for_measurement  aht20.o
    0x080027c8   0x080027c8   0x000000c4   Code   RO          256    i.aht20_write       aht20.o
    0x0800288c   0x0800288c   0x00000034   Code   RO          316    i.cpu_delay_ms      cpu_tick.o
    0x080028c0   0x080028c0   0x00000038   Code   RO          317    i.cpu_delay_us      cpu_tick.o
    0x080028f8   0x080028f8   0x00000028   Code   RO          318    i.cpu_get_ms        cpu_tick.o
    0x08002920   0x08002920   0x0000003c   Code   RO          320    i.cpu_now           cpu_tick.o
    0x0800295c   0x0800295c   0x00000020   Code   RO          321    i.cpu_tick_init     cpu_tick.o
    0x0800297c   0x0800297c   0x00000060   Code   RO          585    i.esp_at_connect_wifi  esp_at.o
    0x080029dc   0x080029dc   0x00000008   Code   RO          586    i.esp_at_get_response  esp_at.o
    0x080029e4   0x080029e4   0x00000064   Code   RO          587    i.esp_at_get_wifi_info  esp_at.o
    0x08002a48   0x08002a48   0x0000004c   Code   RO          588    i.esp_at_http_get   esp_at.o
    0x08002a94   0x08002a94   0x00000050   Code   RO          589    i.esp_at_init       esp_at.o
    0x08002ae4   0x08002ae4   0x0000003c   Code   RO          590    i.esp_at_sntp_get_time  esp_at.o
    0x08002b20   0x08002b20   0x0000002c   Code   RO          591    i.esp_at_sntp_init  esp_at.o
    0x08002b4c   0x08002b4c   0x00000078   Code   RO          592    i.esp_at_usart_init  esp_at.o
    0x08002bc4   0x08002bc4   0x00000088   Code   RO          593    i.esp_at_usart_wait_receive  esp_at.o
    0x08002c4c   0x08002c4c   0x00000058   Code   RO          594    i.esp_at_usart_write  esp_at.o
    0x08002ca4   0x08002ca4   0x00000016   Code   RO          595    i.esp_at_wait_ready  esp_at.o
    0x08002cba   0x08002cba   0x00000002   PAD
    0x08002cbc   0x08002cbc   0x0000001c   Code   RO          596    i.esp_at_wifi_init  esp_at.o
    0x08002cd8   0x08002cd8   0x0000001e   Code   RO          597    i.esp_at_write_command  esp_at.o
    0x08002cf6   0x08002cf6   0x00000002   PAD
    0x08002cf8   0x08002cf8   0x0000002c   Code   RO          426    i.fputc             usart.o
    0x08002d24   0x08002d24   0x00000030   Code   RO          479    i.in_screen_range   st7789.o
    0x08002d54   0x08002d54   0x000005e8   Code   RO            4    i.main              main.o
    0x0800333c   0x0800333c   0x00000030   Code   RO          598    i.match_internal_ack  esp_at.o
    0x0800336c   0x0800336c   0x0000003c   Code   RO          599    i.month_str_to_num  esp_at.o
    0x080033a8   0x080033a8   0x00000090   Code   RO          600    i.parse_cipsntptime_response  esp_at.o
    0x08003438   0x08003438   0x00000068   Code   RO          601    i.parse_cwjap_response  esp_at.o
    0x080034a0   0x080034a0   0x00000064   Code   RO          602    i.parse_cwstate_response  esp_at.o
    0x08003504   0x08003504   0x000001b0   Code   RO          169    i.parse_seniverse_response  weather.o
    0x080036b4   0x080036b4   0x000000c4   Code   RO          482    i.st7789_draw_image  st7789.o
    0x08003778   0x08003778   0x000000bc   Code   RO          483    i.st7789_fill_color  st7789.o
    0x08003834   0x08003834   0x000000ec   Code   RO          484    i.st7789_init       st7789.o
    0x08003920   0x08003920   0x000001c4   Code   RO          485    i.st7789_init_display  st7789.o
    0x08003ae4   0x08003ae4   0x00000024   Code   RO          486    i.st7789_reset      st7789.o
    0x08003b08   0x08003b08   0x00000014   Code   RO          487    i.st7789_set_backlight  st7789.o
    0x08003b1c   0x08003b1c   0x0000005e   Code   RO          488    i.st7789_set_range_and_prepare_gram  st7789.o
    0x08003b7a   0x08003b7a   0x00000002   PAD
    0x08003b7c   0x08003b7c   0x0000008c   Code   RO          491    i.st7789_write_register  st7789.o
    0x08003c08   0x08003c08   0x000000a0   Code   RO          427    i.usart_init        usart.o
    0x08003ca8   0x08003ca8   0x00000038   Code   RO          603    i.weekday_str_to_num  esp_at.o
    0x08003ce0   0x08003ce0   0x0002ca70   Data   RO          233    .constdata          image.o
    0x08030750   0x08030750   0x0000006c   Data   RO          606    .constdata          esp_at.o
    0x080307bc   0x080307bc   0x00000040   Data   RO         6137    .constdata          mc_w.l(ctype_c.o)
    0x080307fc   0x080307fc   0x00000068   Data   RO            5    .conststring        main.o
    0x08030864   0x08030864   0x00000070   Data   RO          607    .conststring        esp_at.o
    0x080308d4   0x080308d4   0x00000020   Data   RO         6141    Region$$Table       anon$$obj.o


    Execution Region RW_IRAM1 (Exec base: 0x20000000, Load base: 0x080308f4, Size: 0x00000848, Max: 0x00020000, ABSOLUTE)

    Exec Addr    Load Addr    Size         Type   Attr      Idx    E Section Name        Object

    0x20000000   0x080308f4   0x00000010   Data   RW            6    .data               main.o
    0x20000010   0x08030904   0x00000008   Data   RW          322    .data               cpu_tick.o
    0x20000018   0x0803090c   0x00000004   Data   RW          430    .data               usart.o
    0x2000001c   0x08030910   0x00000014   Data   RW          735    .data               system_stm32f4xx.o
    0x20000030   0x08030924   0x00000010   Data   RW         3627    .data               stm32f4xx_rcc.o
    0x20000040   0x08030934   0x00000004   Data   RW         6087    .data               mc_w.l(stdout.o)
    0x20000044   0x08030938   0x00000004   Data   RW         6097    .data               mc_w.l(errno.o)
    0x20000048        -       0x00000400   Zero   RW          605    .bss                esp_at.o
    0x20000448        -       0x00000400   Zero   RW          722    STACK               startup_stm32f40_41xxx.o


==============================================================================

Image component sizes


      Code (inc. data)   RO Data    RW Data    ZI Data      Debug   Object Name

       922         64          0          0          0       7225   aht20.o
       280         34          0          8          0       4251   cpu_tick.o
      1400        348        220          0       1024      14215   esp_at.o
         0          0     182896          0          0       1260   image.o
      1512        836        104         16          0     290960   main.o
       120         14          0          0          0       1216   misc.o
      1410        136          0          0          0       8497   st7789.o
        36          8        392          0       1024        896   startup_stm32f40_41xxx.o
       254          0          0          0          0       4437   stm32f4xx_gpio.o
       448         14          0          0          0       7225   stm32f4xx_i2c.o
       328         36          0         16          0       5023   stm32f4xx_rcc.o
       130          0          0          0          0       3845   stm32f4xx_spi.o
       510          8          0          0          0       7848   stm32f4xx_usart.o
       340         32          0         20          0       2165   system_stm32f4xx.o
       264         24          0          4          0       4041   usart.o
       432        186          0          0          0       1851   weather.o

    ----------------------------------------------------------------------
      8400       1740     183644         64       2048     364955   Object Totals
         0          0         32          0          0          0   (incl. Generated)
        14          0          0          0          0          0   (incl. Padding)

    ----------------------------------------------------------------------

      Code (inc. data)   RO Data    RW Data    ZI Data      Debug   Library Member Name

        56         12          0          0          0        132   atof.o
        56          8          0          0          0         84   __0sscanf.o
        28          0          0          0          0         68   _chval.o
       816          6          0          0          0        112   _scanf.o
       332          0          0          0          0         96   _scanf_int.o
       224          0          0          0          0         96   _scanf_str.o
        64          0          0          0          0         84   _sgetc.o
        40          6         64          0          0         68   ctype_c.o
         0          0          0          0          0          0   entry.o
         0          0          0          0          0          0   entry10a.o
         0          0          0          0          0          0   entry11a.o
         4          0          0          0          0          0   entry12b.o
         8          4          0          0          0          0   entry2.o
         4          0          0          0          0          0   entry5.o
         0          0          0          0          0          0   entry7b.o
         0          0          0          0          0          0   entry8b.o
         8          4          0          0          0          0   entry9a.o
        24         12          0          4          0        136   errno.o
        30          0          0          0          0          0   handlers.o
        36          8          0          0          0         68   init.o
        10          0          0          0          0         68   isspace_c.o
         0          0          0          0          0          0   iusefp.o
        30          0          0          0          0         68   llshl.o
        36          0          0          0          0         68   llsshr.o
        32          0          0          0          0         68   llushr.o
        36          0          0          0          0         68   memcpya.o
        36          0          0          0          0        108   memseta.o
      2292         94          0          0          0        620   printfa.o
        40          8          0          0          0         84   scanf_char.o
       878         12          0          0          0        216   scanf_fp.o
         0          0          0          4          0          0   stdout.o
        28          0          0          0          0         76   strcmp.o
        36          0          0          0          0         80   strstr.o
       156         12          0          0          0        120   strtod.o
        44          0          0          0          0         80   uidiv.o
        98          0          0          0          0         92   uldiv.o
        48          0          0          0          0         68   cdrcmple.o
        56          0          0          0          0         88   d2f.o
       334          0          0          0          0        148   dadd.o
       222          0          0          0          0        100   ddiv.o
       186          0          0          0          0        176   depilogue.o
        48          0          0          0          0         68   dfixul.o
        24          0          0          0          0         76   dfltul.o
       228          0          0          0          0         96   dmul.o
        38          0          0          0          0         68   f2d.o
       110          0          0          0          0        168   fepilogue.o

    ----------------------------------------------------------------------
      6792        190         64          8          0       3816   Library Totals
        16          4          0          0          0          0   (incl. Padding)

    ----------------------------------------------------------------------

      Code (inc. data)   RO Data    RW Data    ZI Data      Debug   Library Name

        56         12          0          0          0        132   m_wm.l
      5426        174         64          8          0       2628   mc_w.l
      1294          0          0          0          0       1056   mf_w.l

    ----------------------------------------------------------------------
      6792        190         64          8          0       3816   Library Totals

    ----------------------------------------------------------------------

==============================================================================


      Code (inc. data)   RO Data    RW Data    ZI Data      Debug   

     15192       1930     183708         72       2048     358851   Grand Totals
     15192       1930     183708         72       2048     358851   ELF Image Totals
     15192       1930     183708         72          0          0   ROM Totals

==============================================================================

    Total RO  Size (Code + RO Data)               198900 ( 194.24kB)
    Total RW  Size (RW Data + ZI Data)              2120 (   2.07kB)
    Total ROM Size (Code + RO Data + RW Data)     198972 ( 194.31kB)

==============================================================================

