Component: ARM Compiler 5.06 update 7 (build 960) Tool: armlink [4d3601]

==============================================================================

Section Cross References

    main.o(i.main) refers to board.o(i.board_lowlevel_init) for board_lowlevel_init
    main.o(i.main) refers to workqueue.o(i.workqueue_init) for workqueue_init
    main.o(i.main) refers to tasks.o(i.xTaskCreate) for xTaskCreate
    main.o(i.main) refers to tasks.o(i.vTaskStartScheduler) for vTaskStartScheduler
    main.o(i.main) refers to main.o(i.main_init) for main_init
    main.o(i.main_init) refers to board.o(i.board_init) for board_init
    main.o(i.main_init) refers to ui.o(i.ui_init) for ui_init
    main.o(i.main_init) refers to welcome_page.o(i.welcome_page_display) for welcome_page_display
    main.o(i.main_init) refers to wifi.o(i.wifi_init) for wifi_init
    main.o(i.main_init) refers to wifi_page.o(i.wifi_page_display) for wifi_page_display
    main.o(i.main_init) refers to wifi.o(i.wifi_wait_connect) for wifi_wait_connect
    main.o(i.main_init) refers to main_page.o(i.main_page_display) for main_page_display
    main.o(i.main_init) refers to app.o(i.app_init) for app_init
    main.o(i.main_init) refers to tasks.o(i.vTaskDelete) for vTaskDelete
    board.o(i.board_init) refers to tim_delay.o(i.tim_delay_init) for tim_delay_init
    board.o(i.board_init) refers to console.o(i.console_init) for console_init
    board.o(i.board_init) refers to printfa.o(i.__0printf) for __2printf
    board.o(i.board_init) refers to rtc.o(i.rtc_init) for rtc_init
    board.o(i.board_init) refers to st7789.o(i.st7789_init) for st7789_init
    board.o(i.board_init) refers to aht20.o(i.aht20_init) for aht20_init
    board.o(i.board_lowlevel_init) refers to stm32f4xx_rcc.o(i.RCC_AHB1PeriphClockCmd) for RCC_AHB1PeriphClockCmd
    board.o(i.board_lowlevel_init) refers to stm32f4xx_rcc.o(i.RCC_APB2PeriphClockCmd) for RCC_APB2PeriphClockCmd
    board.o(i.board_lowlevel_init) refers to stm32f4xx_rcc.o(i.RCC_APB1PeriphClockCmd) for RCC_APB1PeriphClockCmd
    board.o(i.board_lowlevel_init) refers to stm32f4xx_pwr.o(i.PWR_BackupAccessCmd) for PWR_BackupAccessCmd
    board.o(i.board_lowlevel_init) refers to stm32f4xx_rcc.o(i.RCC_LSEConfig) for RCC_LSEConfig
    board.o(i.board_lowlevel_init) refers to stm32f4xx_rcc.o(i.RCC_GetFlagStatus) for RCC_GetFlagStatus
    board.o(i.board_lowlevel_init) refers to stm32f4xx_rcc.o(i.RCC_RTCCLKConfig) for RCC_RTCCLKConfig
    board.o(i.fputc) refers to stm32f4xx_usart.o(i.USART_ClearFlag) for USART_ClearFlag
    board.o(i.fputc) refers to stm32f4xx_usart.o(i.USART_SendData) for USART_SendData
    board.o(i.fputc) refers to stm32f4xx_usart.o(i.USART_GetFlagStatus) for USART_GetFlagStatus
    board.o(i.vApplicationMallocFailedHook) refers to printfa.o(i.__0printf) for __2printf
    board.o(i.vApplicationMallocFailedHook) refers to board.o(i.vAssertCalled) for vAssertCalled
    board.o(i.vApplicationStackOverflowHook) refers to printfa.o(i.__0printf) for __2printf
    board.o(i.vApplicationStackOverflowHook) refers to board.o(i.vAssertCalled) for vAssertCalled
    board.o(i.vAssertCalled) refers to printfa.o(i.__0printf) for __2printf
    app.o(i.app_init) refers to timers.o(i.xTimerCreate) for xTimerCreate
    app.o(i.app_init) refers to workqueue.o(i.workqueue_run) for workqueue_run
    app.o(i.app_init) refers to tasks.o(i.xTaskGetTickCount) for xTaskGetTickCount
    app.o(i.app_init) refers to timers.o(i.xTimerGenericCommand) for xTimerGenericCommand
    app.o(i.app_init) refers to app.o(i.app_timer_cb) for app_timer_cb
    app.o(i.app_init) refers to app.o(i.time_update) for time_update
    app.o(i.app_init) refers to app.o(.data) for time_update_timer
    app.o(i.app_init) refers to app.o(i.work_timer_cb) for work_timer_cb
    app.o(i.app_init) refers to app.o(i.time_sync) for time_sync
    app.o(i.app_init) refers to app.o(i.wifi_update) for wifi_update
    app.o(i.app_init) refers to app.o(i.inner_update) for inner_update
    app.o(i.app_init) refers to app.o(i.outdoor_update) for outdoor_update
    app.o(i.app_init) refers to app.o(i.app_work) for app_work
    app.o(i.app_timer_cb) refers to timers.o(i.pvTimerGetTimerID) for pvTimerGetTimerID
    app.o(i.inner_update) refers to aht20.o(i.aht20_start_measurement) for aht20_start_measurement
    app.o(i.inner_update) refers to printfa.o(i.__0printf) for __2printf
    app.o(i.inner_update) refers to aht20.o(i.aht20_wait_for_measurement) for aht20_wait_for_measurement
    app.o(i.inner_update) refers to aht20.o(i.aht20_read_measurement) for aht20_read_measurement
    app.o(i.inner_update) refers to f2d.o(.text) for __aeabi_f2d
    app.o(i.inner_update) refers to main_page.o(i.main_page_redraw_inner_temperature) for main_page_redraw_inner_temperature
    app.o(i.inner_update) refers to main_page.o(i.main_page_redraw_inner_humidity) for main_page_redraw_inner_humidity
    app.o(i.inner_update) refers to app.o(.data) for last_temperature
[...]
    _printf_n                                0x00000000   Number         0  stubs.o ABSOLUTE
    _printf_o                                0x00000000   Number         0  stubs.o ABSOLUTE
    _printf_p                                0x00000000   Number         0  stubs.o ABSOLUTE
    _printf_percent                          0x00000000   Number         0  stubs.o ABSOLUTE
    _printf_pre_padding                      0x00000000   Number         0  stubs.o ABSOLUTE
    _printf_return_value                     0x00000000   Number         0  stubs.o ABSOLUTE
    _printf_s                                0x00000000   Number         0  stubs.o ABSOLUTE
    _printf_sizespec                         0x00000000   Number         0  stubs.o ABSOLUTE
    _printf_str                              0x00000000   Number         0  stubs.o ABSOLUTE
    _printf_truncate_signed                  0x00000000   Number         0  stubs.o ABSOLUTE
    _printf_truncate_unsigned                0x00000000   Number         0  stubs.o ABSOLUTE
    _printf_u                                0x00000000   Number         0  stubs.o ABSOLUTE
    _printf_wc                               0x00000000   Number         0  stubs.o ABSOLUTE
    _printf_wctomb                           0x00000000   Number         0  stubs.o ABSOLUTE
    _printf_widthprec                        0x00000000   Number         0  stubs.o ABSOLUTE
    _printf_x                                0x00000000   Number         0  stubs.o ABSOLUTE
    __arm_fini_                               - Undefined Weak Reference
    __cpp_initialize__aeabi_                  - Undefined Weak Reference
    __cxa_finalize                            - Undefined Weak Reference
    __decompress                              - Undefined Weak Reference
    _clock_init                               - Undefined Weak Reference
    _microlib_exit                            - Undefined Weak Reference
    _scanf_longlong                           - Undefined Weak Reference
    __Vectors_Size                           0x00000188   Number         0  startup_stm32f40_41xxx.o ABSOLUTE
    __Vectors                                0x08000000   Data           4  startup_stm32f40_41xxx.o(RESET)
    __Vectors_End                            0x08000188   Data           0  startup_stm32f40_41xxx.o(RESET)
    __main                                   0x08000189   Thumb Code     0  entry.o(.ARM.Collect$$$$00000000)
    _main_stk                                0x08000189   Thumb Code     0  entry2.o(.ARM.Collect$$$$00000001)
    _main_scatterload                        0x0800018d   Thumb Code     0  entry5.o(.ARM.Collect$$$$00000004)
    __main_after_scatterload                 0x08000191   Thumb Code     0  entry5.o(.ARM.Collect$$$$00000004)
    _main_clock                              0x08000191   Thumb Code     0  entry7b.o(.ARM.Collect$$$$00000008)
    _main_cpp_init                           0x08000191   Thumb Code     0  entry8b.o(.ARM.Collect$$$$0000000A)
    _main_init                               0x08000191   Thumb Code     0  entry9a.o(.ARM.Collect$$$$0000000B)
    __rt_lib_shutdown_fini                   0x08000199   Thumb Code     0  entry12b.o(.ARM.Collect$$$$0000000E)
    __rt_final_cpp                           0x0800019d   Thumb Code     0  entry10a.o(.ARM.Collect$$$$0000000F)
    __rt_final_exit                          0x0800019d   Thumb Code     0  entry11a.o(.ARM.Collect$$$$00000011)
    SVC_Handler                              0x080001a1   Thumb Code    28  port.o(.emb_text)
    __asm___6_port_c_39a90d8d__prvStartFirstTask 0x080001c1   Thumb Code    36  port.o(.emb_text)
    __asm___6_port_c_39a90d8d__prvEnableVFP  0x080001e9   Thumb Code    16  port.o(.emb_text)
    PendSV_Handler                           0x080001fd   Thumb Code    88  port.o(.emb_text)
    vPortGetIPSR                             0x08000259   Thumb Code     6  port.o(.emb_text)
    Reset_Handler                            0x08000261   Thumb Code     8  startup_stm32f40_41xxx.o(.text)
    NMI_Handler                              0x08000269   Thumb Code     2  startup_stm32f40_41xxx.o(.text)
    HardFault_Handler                        0x0800026b   Thumb Code     2  startup_stm32f40_41xxx.o(.text)
    MemManage_Handler                        0x0800026d   Thumb Code     2  startup_stm32f40_41xxx.o(.text)
    BusFault_Handler                         0x0800026f   Thumb Code     2  startup_stm32f40_41xxx.o(.text)
    UsageFault_Handler                       0x08000271   Thumb Code     2  startup_stm32f40_41xxx.o(.text)
    DebugMon_Handler                         0x08000275   Thumb Code     2  startup_stm32f40_41xxx.o(.text)
    ADC_IRQHandler                           0x0800027b   Thumb Code     0  startup_stm32f40_41xxx.o(.text)
    CAN1_RX0_IRQHandler                      0x0800027b   Thumb Code     0  startup_stm32f40_41xxx.o(.text)
    CAN1_RX1_IRQHandler                      0x0800027b   Thumb Code     0  startup_stm32f40_41xxx.o(.text)
    CAN1_SCE_IRQHandler                      0x0800027b   Thumb Code     0  startup_stm32f40_41xxx.o(.text)
    CAN1_TX_IRQHandler                       0x0800027b   Thumb Code     0  startup_stm32f40_41xxx.o(.text)
    CAN2_RX0_IRQHandler                      0x0800027b   Thumb Code     0  startup_stm32f40_41xxx.o(.text)
    CAN2_RX1_IRQHandler                      0x0800027b   Thumb Code     0  startup_stm32f40_41xxx.o(.text)
    CAN2_SCE_IRQHandler                      0x0800027b   Thumb Code     0  startup_stm32f40_41xxx.o(.text)
    CAN2_TX_IRQHandler                       0x0800027b   Thumb Code     0  startup_stm32f40_41xxx.o(.text)
    CRYP_IRQHandler                          0x0800027b   Thumb Code     0  startup_stm32f40_41xxx.o(.text)
    DCMI_IRQHandler                          0x0800027b   Thumb Code     0  startup_stm32f40_41xxx.o(.text)
    DMA1_Stream0_IRQHandler                  0x0800027b   Thumb Code     0  startup_stm32f40_41xxx.o(.text)
    DMA1_Stream1_IRQHandler                  0x0800027b   Thumb Code     0  startup_stm32f40_41xxx.o(.text)
    DMA1_Stream2_IRQHandler                  0x0800027b   Thumb Code     0  startup_stm32f40_41xxx.o(.text)
    DMA1_Stream3_IRQHandler                  0x0800027b   Thumb Code     0  startup_stm32f40_41xxx.o(.text)
    DMA1_Stream5_IRQHandler                  0x0800027b   Thumb Code     0  startup_stm32f40_41xxx.o(.text)
    DMA1_Stream6_IRQHandler                  0x0800027b   Thumb Code     0  startup_stm32f40_41xxx.o(.text)
    DMA1_Stream7_IRQHandler                  0x0800027b   Thumb Code     0  startup_stm32f40_41xxx.o(.text)
    DMA2_Stream0_IRQHandler                  0x0800027b   Thumb Code     0  startup_stm32f40_41xxx.o(.text)
    DMA2_Stream1_IRQHandler                  0x0800027b   Thumb Code     0  startup_stm32f40_41xxx.o(.text)
    DMA2_Stream2_IRQHandler                  0x0800027b   Thumb Code     0  startup_stm32f40_41xxx.o(.text)
    DMA2_Stream3_IRQHandler                  0x0800027b   Thumb Code     0  startup_stm32f40_41xxx.o(.text)
    DMA2_Stream4_IRQHandler                  0x0800027b   Thumb Code     0  startup_stm32f40_41xxx.o(.text)
    DMA2_Stream5_IRQHandler                  0x0800027b   Thumb Code     0  startup_stm32f40_41xxx.o(.text)
    DMA2_Stream6_IRQHandler                  0x0800027b   Thumb Code     0  startup_stm32f40_41xxx.o(.text)
    ETH_IRQHandler                           0x0800027b   Thumb Code     0  startup_stm32f40_41xxx.o(.text)
    ETH_WKUP_IRQHandler                      0x0800027b   Thumb Code     0  startup_stm32f40_41xxx.o(.text)
    EXTI0_IRQHandler                         0x0800027b   Thumb Code     0  startup_stm32f40_41xxx.o(.text)
    EXTI15_10_IRQHandler                     0x0800027b   Thumb Code     0  startup_stm32f40_41xxx.o(.text)
    EXTI1_IRQHandler                         0x0800027b   Thumb Code     0  startup_stm32f40_41xxx.o(.text)
    EXTI2_IRQHandler                         0x0800027b   Thumb Code     0  startup_stm32f40_41xxx.o(.text)
    EXTI3_IRQHandler                         0x0800027b   Thumb Code     0  startup_stm32f40_41xxx.o(.text)
    EXTI4_IRQHandler                         0x0800027b   Thumb Code     0  startup_stm32f40_41xxx.o(.text)
    EXTI9_5_IRQHandler                       0x0800027b   Thumb Code     0  startup_stm32f40_41xxx.o(.text)
    FLASH_IRQHandler                         0x0800027b   Thumb Code     0  startup_stm32f40_41xxx.o(.text)
    FPU_IRQHandler                           0x0800027b   Thumb Code     0  startup_stm32f40_41xxx.o(.text)
    FSMC_IRQHandler                          0x0800027b   Thumb Code     0  startup_stm32f40_41xxx.o(.text)
    HASH_RNG_IRQHandler                      0x0800027b   Thumb Code     0  startup_stm32f40_41xxx.o(.text)
    I2C1_ER_IRQHandler                       0x0800027b   Thumb Code     0  startup_stm32f40_41xxx.o(.text)
    I2C1_EV_IRQHandler                       0x0800027b   Thumb Code     0  startup_stm32f40_41xxx.o(.text)
    I2C2_ER_IRQHandler                       0x0800027b   Thumb Code     0  startup_stm32f40_41xxx.o(.text)
    I2C2_EV_IRQHandler                       0x0800027b   Thumb Code     0  startup_stm32f40_41xxx.o(.text)
    I2C3_ER_IRQHandler                       0x0800027b   Thumb Code     0  startup_stm32f40_41xxx.o(.text)
    I2C3_EV_IRQHandler                       0x0800027b   Thumb Code     0  startup_stm32f40_41xxx.o(.text)
    OTG_FS_IRQHandler                        0x0800027b   Thumb Code     0  startup_stm32f40_41xxx.o(.text)
    OTG_FS_WKUP_IRQHandler                   0x0800027b   Thumb Code     0  startup_stm32f40_41xxx.o(.text)
    OTG_HS_EP1_IN_IRQHandler                 0x0800027b   Thumb Code     0  startup_stm32f40_41xxx.o(.text)
    OTG_HS_EP1_OUT_IRQHandler                0x0800027b   Thumb Code     0  startup_stm32f40_41xxx.o(.text)
    OTG_HS_IRQHandler                        0x0800027b   Thumb Code     0  startup_stm32f40_41xxx.o(.text)
    OTG_HS_WKUP_IRQHandler                   0x0800027b   Thumb Code     0  startup_stm32f40_41xxx.o(.text)
    PVD_IRQHandler                           0x0800027b   Thumb Code     0  startup_stm32f40_41xxx.o(.text)
    RCC_IRQHandler                           0x0800027b   Thumb Code     0  startup_stm32f40_41xxx.o(.text)
    RTC_Alarm_IRQHandler                     0x0800027b   Thumb Code     0  startup_stm32f40_41xxx.o(.text)
    RTC_WKUP_IRQHandler                      0x0800027b   Thumb Code     0  startup_stm32f40_41xxx.o(.text)
    SDIO_IRQHandler                          0x0800027b   Thumb Code     0  startup_stm32f40_41xxx.o(.text)
    SPI1_IRQHandler                          0x0800027b   Thumb Code     0  startup_stm32f40_41xxx.o(.text)
    SPI2_IRQHandler                          0x0800027b   Thumb Code     0  startup_stm32f40_41xxx.o(.text)
    SPI3_IRQHandler                          0x0800027b   Thumb Code     0  startup_stm32f40_41xxx.o(.text)
    TAMP_STAMP_IRQHandler                    0x0800027b   Thumb Code     0  startup_stm32f40_41xxx.o(.text)
    TIM1_BRK_TIM9_IRQHandler                 0x0800027b   Thumb Code     0  startup_stm32f40_41xxx.o(.text)
    TIM1_CC_IRQHandler                       0x0800027b   Thumb Code     0  startup_stm32f40_41xxx.o(.text)
    TIM1_TRG_COM_TIM11_IRQHandler            0x0800027b   Thumb Code     0  startup_stm32f40_41xxx.o(.text)
    TIM1_UP_TIM10_IRQHandler                 0x0800027b   Thumb Code     0  startup_stm32f40_41xxx.o(.text)
    TIM2_IRQHandler                          0x0800027b   Thumb Code     0  startup_stm32f40_41xxx.o(.text)
    TIM3_IRQHandler                          0x0800027b   Thumb Code     0  startup_stm32f40_41xxx.o(.text)
    TIM4_IRQHandler                          0x0800027b   Thumb Code     0  startup_stm32f40_41xxx.o(.text)
    TIM5_IRQHandler                          0x0800027b   Thumb Code     0  startup_stm32f40_41xxx.o(.text)
    TIM7_IRQHandler                          0x0800027b   Thumb Code     0  startup_stm32f40_41xxx.o(.text)
    TIM8_BRK_TIM12_IRQHandler                0x0800027b   Thumb Code     0  startup_stm32f40_41xxx.o(.text)
    TIM8_CC_IRQHandler                       0x0800027b   Thumb Code     0  startup_stm32f40_41xxx.o(.text)
    TIM8_TRG_COM_TIM14_IRQHandler            0x0800027b   Thumb Code     0  startup_stm32f40_41xxx.o(.text)
    TIM8_UP_TIM13_IRQHandler                 0x0800027b   Thumb Code     0  startup_stm32f40_41xxx.o(.text)
    UART4_IRQHandler                         0x0800027b   Thumb Code     0  startup_stm32f40_41xxx.o(.text)
    UART5_IRQHandler                         0x0800027b   Thumb Code     0  startup_stm32f40_41xxx.o(.text)
    USART3_IRQHandler                        0x0800027b   Thumb Code     0  startup_stm32f40_41xxx.o(.text)
    USART6_IRQHandler                        0x0800027b   Thumb Code     0  startup_stm32f40_41xxx.o(.text)
    WWDG_IRQHandler                          0x0800027b   Thumb Code     0  startup_stm32f40_41xxx.o(.text)
    __aeabi_uldivmod                         0x08000285   Thumb Code    98  uldiv.o(.text)
    __aeabi_memcpy                           0x080002e7   Thumb Code    36  memcpya.o(.text)
    __aeabi_memcpy4                          0x080002e7   Thumb Code     0  memcpya.o(.text)
    __aeabi_memcpy8                          0x080002e7   Thumb Code     0  memcpya.o(.text)
    __aeabi_memset                           0x0800030b   Thumb Code    14  memseta.o(.text)
    __aeabi_memset4                          0x0800030b   Thumb Code     0  memseta.o(.text)
    __aeabi_memset8                          0x0800030b   Thumb Code     0  memseta.o(.text)
    __aeabi_memclr                           0x08000319   Thumb Code     4  memseta.o(.text)
    __aeabi_memclr4                          0x08000319   Thumb Code     0  memseta.o(.text)
    __aeabi_memclr8                          0x08000319   Thumb Code     0  memseta.o(.text)
    _memset$wrapper                          0x0800031d   Thumb Code    18  memseta.o(.text)
    strstr                                   0x0800032f   Thumb Code    36  strstr.o(.text)
    strncpy                                  0x08000353   Thumb Code    24  strncpy.o(.text)
    strlen                                   0x0800036b   Thumb Code    14  strlen.o(.text)
    strcmp                                   0x08000379   Thumb Code    28  strcmp.o(.text)
    memcmp                                   0x08000395   Thumb Code    26  memcmp.o(.text)
    strcpy                                   0x080003af   Thumb Code    18  strcpy.o(.text)
    __0sscanf                                0x080003c1   Thumb Code    48  __0sscanf.o(.text)
    _scanf_int                               0x080003f9   Thumb Code   332  _scanf_int.o(.text)
    _scanf_string                            0x08000545   Thumb Code   224  _scanf_str.o(.text)
    __aeabi_f2d                              0x08000625   Thumb Code    38  f2d.o(.text)
    __aeabi_d2f                              0x0800064b   Thumb Code    56  d2f.o(.text)
    __aeabi_uidiv                            0x08000683   Thumb Code     0  uidiv.o(.text)
    __aeabi_uidivmod                         0x08000683   Thumb Code    44  uidiv.o(.text)
    __aeabi_llsl                             0x080006af   Thumb Code    30  llshl.o(.text)
    _ll_shift_l                              0x080006af   Thumb Code     0  llshl.o(.text)
    __aeabi_llsr                             0x080006cd   Thumb Code    32  llushr.o(.text)
    _ll_ushift_r                             0x080006cd   Thumb Code     0  llushr.o(.text)
    _chval                                   0x080006ed   Thumb Code    28  _chval.o(.text)
    __vfscanf_char                           0x08000715   Thumb Code    20  scanf_char.o(.text)
    _sgetc                                   0x08000731   Thumb Code    30  _sgetc.o(.text)
    _sbackspace                              0x0800074f   Thumb Code    34  _sgetc.o(.text)
    __strtod_int                             0x080007a7   Thumb Code    90  strtod.o(.text)
    __I$use$fp                               0x0800080d   Thumb Code     0  iusefp.o(.text)
    _float_round                             0x0800080d   Thumb Code    18  fepilogue.o(.text)
    _float_epilogue                          0x0800081f   Thumb Code    92  fepilogue.o(.text)
    __aeabi_dadd                             0x0800087b   Thumb Code   322  dadd.o(.text)
    __aeabi_dsub                             0x080009bd   Thumb Code     6  dadd.o(.text)
    __aeabi_drsub                            0x080009c3   Thumb Code     6  dadd.o(.text)
    __aeabi_dmul                             0x080009c9   Thumb Code   228  dmul.o(.text)
    __aeabi_ddiv                             0x08000aad   Thumb Code   222  ddiv.o(.text)
    __aeabi_d2ulz                            0x08000b8b   Thumb Code    48  dfixul.o(.text)
    __aeabi_cdrcmple                         0x08000bbd   Thumb Code    48  cdrcmple.o(.text)
    __scatterload                            0x08000bed   Thumb Code    28  init.o(.text)
    __scatterload_rt2                        0x08000bed   Thumb Code     0  init.o(.text)
    __aeabi_lasr                             0x08000c11   Thumb Code    36  llsshr.o(.text)
    _ll_sshift_r                             0x08000c11   Thumb Code     0  llsshr.o(.text)
    isspace                                  0x08000c35   Thumb Code    10  isspace_c.o(.text)
    __vfscanf                                0x08000c41   Thumb Code   810  _scanf.o(.text)
    _scanf_real                              0x08001099   Thumb Code     0  scanf_fp.o(.text)
    _scanf_really_real                       0x08001099   Thumb Code   556  scanf_fp.o(.text)
    _double_round                            0x080012d1   Thumb Code    30  depilogue.o(.text)
    _double_epilogue                         0x080012ef   Thumb Code   156  depilogue.o(.text)
    __ctype_lookup                           0x0800138d   Thumb Code    34  ctype_c.o(.text)
    __aeabi_ul2d                             0x080013b5   Thumb Code    24  dfltul.o(.text)
    DMA1_Stream4_IRQHandler                  0x080013cd   Thumb Code    56  st7789.o(i.DMA1_Stream4_IRQHandler)
    DMA2_Stream7_IRQHandler                  0x08001415   Thumb Code    56  console.o(i.DMA2_Stream7_IRQHandler)
    DMA_ClearFlag                            0x0800145d   Thumb Code    38  stm32f4xx_dma.o(i.DMA_ClearFlag)
    DMA_ClearITPendingBit                    0x08001491   Thumb Code    38  stm32f4xx_dma.o(i.DMA_ClearITPendingBit)
    DMA_Cmd                                  0x080014c5   Thumb Code    22  stm32f4xx_dma.o(i.DMA_Cmd)
    DMA_GetITStatus                          0x080014dd   Thumb Code    82  stm32f4xx_dma.o(i.DMA_GetITStatus)
    DMA_ITConfig                             0x08001541   Thumb Code    58  stm32f4xx_dma.o(i.DMA_ITConfig)
    DMA_Init                                 0x0800157d   Thumb Code    82  stm32f4xx_dma.o(i.DMA_Init)
    DMA_StructInit                           0x080015d5   Thumb Code    34  stm32f4xx_dma.o(i.DMA_StructInit)
    GPIO_Init                                0x080015f7   Thumb Code   144  stm32f4xx_gpio.o(i.GPIO_Init)
    GPIO_PinAFConfig                         0x08001687   Thumb Code    70  stm32f4xx_gpio.o(i.GPIO_PinAFConfig)
    GPIO_ResetBits                           0x080016cd   Thumb Code     6  stm32f4xx_gpio.o(i.GPIO_ResetBits)
    GPIO_SetBits                             0x080016d3   Thumb Code     4  stm32f4xx_gpio.o(i.GPIO_SetBits)
    GPIO_StructInit                          0x080016d7   Thumb Code    18  stm32f4xx_gpio.o(i.GPIO_StructInit)
    GPIO_WriteBit                            0x080016e9   Thumb Code    12  stm32f4xx_gpio.o(i.GPIO_WriteBit)
    I2C_AcknowledgeConfig                    0x080016f5   Thumb Code    24  stm32f4xx_i2c.o(i.I2C_AcknowledgeConfig)
    I2C_CheckEvent                           0x0800170d   Thumb Code    62  stm32f4xx_i2c.o(i.I2C_CheckEvent)
    I2C_Cmd                                  0x0800174b   Thumb Code    24  stm32f4xx_i2c.o(i.I2C_Cmd)
    I2C_GenerateSTART                        0x08001763   Thumb Code    24  stm32f4xx_i2c.o(i.I2C_GenerateSTART)
    I2C_GenerateSTOP                         0x0800177b   Thumb Code    24  stm32f4xx_i2c.o(i.I2C_GenerateSTOP)
    I2C_Init                                 0x08001795   Thumb Code   218  stm32f4xx_i2c.o(i.I2C_Init)
    I2C_ReceiveData                          0x0800187d   Thumb Code     8  stm32f4xx_i2c.o(i.I2C_ReceiveData)
    I2C_Send7bitAddress                      0x08001885   Thumb Code    16  stm32f4xx_i2c.o(i.I2C_Send7bitAddress)
    I2C_SendData                             0x08001895   Thumb Code     4  stm32f4xx_i2c.o(i.I2C_SendData)
    I2C_StructInit                           0x08001899   Thumb Code    30  stm32f4xx_i2c.o(i.I2C_StructInit)
    NVIC_Init                                0x080018b9   Thumb Code   106  misc.o(i.NVIC_Init)
    PWR_BackupAccessCmd                      0x08001959   Thumb Code     6  stm32f4xx_pwr.o(i.PWR_BackupAccessCmd)
    RCC_AHB1PeriphClockCmd                   0x08001965   Thumb Code    26  stm32f4xx_rcc.o(i.RCC_AHB1PeriphClockCmd)
    RCC_APB1PeriphClockCmd                   0x08001985   Thumb Code    26  stm32f4xx_rcc.o(i.RCC_APB1PeriphClockCmd)
    RCC_APB2PeriphClockCmd                   0x080019a5   Thumb Code    26  stm32f4xx_rcc.o(i.RCC_APB2PeriphClockCmd)
    RCC_GetClocksFreq                        0x080019c5   Thumb Code   214  stm32f4xx_rcc.o(i.RCC_GetClocksFreq)
    RCC_GetFlagStatus                        0x08001aad   Thumb Code    60  stm32f4xx_rcc.o(i.RCC_GetFlagStatus)
    RCC_LSEConfig                            0x08001aed   Thumb Code    40  stm32f4xx_rcc.o(i.RCC_LSEConfig)
    RCC_RTCCLKCmd                            0x08001b19   Thumb Code     6  stm32f4xx_rcc.o(i.RCC_RTCCLKCmd)
    RCC_RTCCLKConfig                         0x08001b25   Thumb Code    50  stm32f4xx_rcc.o(i.RCC_RTCCLKConfig)
    RTC_DateStructInit                       0x08001b93   Thumb Code    14  stm32f4xx_rtc.o(i.RTC_DateStructInit)
    RTC_EnterInitMode                        0x08001ba1   Thumb Code    76  stm32f4xx_rtc.o(i.RTC_EnterInitMode)
    RTC_ExitInitMode                         0x08001bf1   Thumb Code    14  stm32f4xx_rtc.o(i.RTC_ExitInitMode)
    RTC_GetDate                              0x08001c05   Thumb Code    68  stm32f4xx_rtc.o(i.RTC_GetDate)
    RTC_GetTime                              0x08001c51   Thumb Code    72  stm32f4xx_rtc.o(i.RTC_GetTime)
    RTC_Init                                 0x08001ca1   Thumb Code    94  stm32f4xx_rtc.o(i.RTC_Init)
    RTC_SetDate                              0x08001d05   Thumb Code   190  stm32f4xx_rtc.o(i.RTC_SetDate)
    RTC_SetTime                              0x08001dcd   Thumb Code   198  stm32f4xx_rtc.o(i.RTC_SetTime)
    RTC_StructInit                           0x08001e9d   Thumb Code    14  stm32f4xx_rtc.o(i.RTC_StructInit)
    RTC_TimeStructInit                       0x08001eab   Thumb Code    12  stm32f4xx_rtc.o(i.RTC_TimeStructInit)
    RTC_WaitForSynchro                       0x08001eb9   Thumb Code    92  stm32f4xx_rtc.o(i.RTC_WaitForSynchro)
    SPI_Cmd                                  0x08001f19   Thumb Code    24  stm32f4xx_spi.o(i.SPI_Cmd)
    SPI_DataSizeConfig                       0x08001f31   Thumb Code    18  stm32f4xx_spi.o(i.SPI_DataSizeConfig)
    SPI_I2S_DMACmd                           0x08001f43   Thumb Code    18  stm32f4xx_spi.o(i.SPI_I2S_DMACmd)
    SPI_I2S_GetFlagStatus                    0x08001f55   Thumb Code    18  stm32f4xx_spi.o(i.SPI_I2S_GetFlagStatus)
    SPI_I2S_SendData                         0x08001f67   Thumb Code     4  stm32f4xx_spi.o(i.SPI_I2S_SendData)
    SPI_Init                                 0x08001f6b   Thumb Code    60  stm32f4xx_spi.o(i.SPI_Init)
    SPI_StructInit                           0x08001fa7   Thumb Code    24  stm32f4xx_spi.o(i.SPI_StructInit)
    SysTick_Handler                          0x080020ad   Thumb Code    46  port.o(i.SysTick_Handler)
    SystemInit                               0x080020e1   Thumb Code    88  system_stm32f4xx.o(i.SystemInit)
    TIM6_DAC_IRQHandler                      0x08002149   Thumb Code    56  tim_delay.o(i.TIM6_DAC_IRQHandler)
    TIM_ClearITPendingBit                    0x0800218d   Thumb Code     6  stm32f4xx_tim.o(i.TIM_ClearITPendingBit)
    TIM_Cmd                                  0x08002193   Thumb Code    24  stm32f4xx_tim.o(i.TIM_Cmd)
    TIM_GetCounter                           0x080021ab   Thumb Code     6  stm32f4xx_tim.o(i.TIM_GetCounter)
    TIM_GetITStatus                          0x080021b1   Thumb Code    34  stm32f4xx_tim.o(i.TIM_GetITStatus)
    TIM_ITConfig                             0x080021d3   Thumb Code    18  stm32f4xx_tim.o(i.TIM_ITConfig)
    TIM_TimeBaseInit                         0x080021e5   Thumb Code   104  stm32f4xx_tim.o(i.TIM_TimeBaseInit)
    TIM_TimeBaseStructInit                   0x08002269   Thumb Code    18  stm32f4xx_tim.o(i.TIM_TimeBaseStructInit)
    USART1_IRQHandler                        0x0800227d   Thumb Code    52  console.o(i.USART1_IRQHandler)
    USART2_IRQHandler                        0x080022b9   Thumb Code   148  esp_at.o(i.USART2_IRQHandler)
    USART_ClearFlag                          0x08002369   Thumb Code    18  stm32f4xx_usart.o(i.USART_ClearFlag)
    USART_ClearITPendingBit                  0x0800237b   Thumb Code    30  stm32f4xx_usart.o(i.USART_ClearITPendingBit)
    USART_Cmd                                0x08002399   Thumb Code    24  stm32f4xx_usart.o(i.USART_Cmd)
    USART_DMACmd                             0x080023b1   Thumb Code    18  stm32f4xx_usart.o(i.USART_DMACmd)
    USART_GetFlagStatus                      0x080023c3   Thumb Code    26  stm32f4xx_usart.o(i.USART_GetFlagStatus)
    USART_GetITStatus                        0x080023dd   Thumb Code    84  stm32f4xx_usart.o(i.USART_GetITStatus)
    USART_ITConfig                           0x08002431   Thumb Code    74  stm32f4xx_usart.o(i.USART_ITConfig)
    USART_Init                               0x0800247d   Thumb Code   204  stm32f4xx_usart.o(i.USART_Init)
    USART_ReceiveData                        0x08002551   Thumb Code    10  stm32f4xx_usart.o(i.USART_ReceiveData)
    USART_SendData                           0x0800255b   Thumb Code     8  stm32f4xx_usart.o(i.USART_SendData)
    USART_StructInit                         0x08002563   Thumb Code    24  stm32f4xx_usart.o(i.USART_StructInit)
    __0printf                                0x0800257d   Thumb Code    22  printfa.o(i.__0printf)
    __1printf                                0x0800257d   Thumb Code     0  printfa.o(i.__0printf)
    __2printf                                0x0800257d   Thumb Code     0  printfa.o(i.__0printf)
    __c89printf                              0x0800257d   Thumb Code     0  printfa.o(i.__0printf)
    printf                                   0x0800257d   Thumb Code     0  printfa.o(i.__0printf)
    __0snprintf                              0x0800259d   Thumb Code    48  printfa.o(i.__0snprintf)
    __1snprintf                              0x0800259d   Thumb Code     0  printfa.o(i.__0snprintf)
    __2snprintf                              0x0800259d   Thumb Code     0  printfa.o(i.__0snprintf)
    __c89snprintf                            0x0800259d   Thumb Code     0  printfa.o(i.__0snprintf)
    snprintf                                 0x0800259d   Thumb Code     0  printfa.o(i.__0snprintf)
    __hardfp_atof                            0x080025d1   Thumb Code    44  atof.o(i.__hardfp_atof)
    __read_errno                             0x08002609   Thumb Code     6  errno.o(i.__read_errno)
    __scatterload_copy                       0x08002615   Thumb Code    14  handlers.o(i.__scatterload_copy)
    __scatterload_null                       0x08002623   Thumb Code     2  handlers.o(i.__scatterload_null)
    __scatterload_zeroinit                   0x08002625   Thumb Code    14  handlers.o(i.__scatterload_zeroinit)
    __set_errno                              0x08002635   Thumb Code     6  errno.o(i.__set_errno)
    _is_digit                                0x080027c5   Thumb Code    14  scanf_fp.o(i._is_digit)
    aht20_init                               0x08002f95   Thumb Code   196  aht20.o(i.aht20_init)
    aht20_read_measurement                   0x08003169   Thumb Code   138  aht20.o(i.aht20_read_measurement)
    aht20_start_measurement                  0x0800322d   Thumb Code    26  aht20.o(i.aht20_start_measurement)
    aht20_wait_for_measurement               0x0800324d   Thumb Code    32  aht20.o(i.aht20_wait_for_measurement)
    app_init                                 0x08003331   Thumb Code   264  app.o(i.app_init)
    board_init                               0x0800351d   Thumb Code    46  board.o(i.board_init)
    board_lowlevel_init                      0x080035a1   Thumb Code   140  board.o(i.board_lowlevel_init)
    console_init                             0x08003689   Thumb Code    48  console.o(i.console_init)
    error_page_display                       0x080037a9   Thumb Code    92  error_page.o(i.error_page_display)
    esp_at_connect_wifi                      0x0800380d   Thumb Code    72  esp_at.o(i.esp_at_connect_wifi)
    esp_at_get_wifi_info                     0x080038d9   Thumb Code    84  esp_at.o(i.esp_at_get_wifi_info)
    esp_at_http_get                          0x08003949   Thumb Code    44  esp_at.o(i.esp_at_http_get)
    esp_at_init                              0x08003999   Thumb Code    82  esp_at.o(i.esp_at_init)
    esp_at_sntp_get_time                     0x08003ab9   Thumb Code    42  esp_at.o(i.esp_at_sntp_get_time)
    esp_at_sntp_init                         0x08003af9   Thumb Code    22  esp_at.o(i.esp_at_sntp_init)
    esp_at_wifi_init                         0x08003c45   Thumb Code    14  esp_at.o(i.esp_at_wifi_init)
    fputc                                    0x08003cc5   Thumb Code    40  board.o(i.fputc)
    main                                     0x08003e9d   Thumb Code    40  main.o(i.main)
    main_page_display                        0x08003efd   Thumb Code   290  main_page.o(i.main_page_display)
    main_page_redraw_date                    0x08004081   Thumb Code   128  main_page.o(i.main_page_redraw_date)
    main_page_redraw_inner_humidity          0x0800413d   Thumb Code    92  main_page.o(i.main_page_redraw_inner_humidity)
    main_page_redraw_inner_temperature       0x080041a9   Thumb Code   102  main_page.o(i.main_page_redraw_inner_temperature)
    main_page_redraw_outdoor_city            0x08004225   Thumb Code    44  main_page.o(i.main_page_redraw_outdoor_city)
    main_page_redraw_outdoor_temperature     0x08004259   Thumb Code   102  main_page.o(i.main_page_redraw_outdoor_temperature)
    main_page_redraw_outdoor_weather_icon    0x080042d5   Thumb Code   152  main_page.o(i.main_page_redraw_outdoor_weather_icon)
    main_page_redraw_time                    0x0800438d   Thumb Code    68  main_page.o(i.main_page_redraw_time)
    main_page_redraw_wifi_ssid               0x080043e1   Thumb Code    46  main_page.o(i.main_page_redraw_wifi_ssid)
    parse_seniverse_response                 0x080046c1   Thumb Code   246  weather.o(i.parse_seniverse_response)
    pvPortMalloc                             0x080053e5   Thumb Code   306  heap_4.o(i.pvPortMalloc)
    pvTaskIncrementMutexHeldCount            0x08005559   Thumb Code    26  tasks.o(i.pvTaskIncrementMutexHeldCount)
    pvTimerGetTimerID                        0x08005579   Thumb Code    32  timers.o(i.pvTimerGetTimerID)
    pxPortInitialiseStack                    0x080055b9   Thumb Code    38  port.o(i.pxPortInitialiseStack)
    rtc_get_time                             0x080055e5   Thumb Code    42  rtc.o(i.rtc_get_time)
    rtc_init                                 0x0800560f   Thumb Code    26  rtc.o(i.rtc_init)
    rtc_set_time                             0x08005629   Thumb Code    30  rtc.o(i.rtc_set_time)
    st7789_draw_image                        0x0800575d   Thumb Code    86  st7789.o(i.st7789_draw_image)
    st7789_fill_color                        0x080057b3   Thumb Code    70  st7789.o(i.st7789_fill_color)
    st7789_init                              0x080057f9   Thumb Code    52  st7789.o(i.st7789_init)
    st7789_write_string                      0x08005ded   Thumb Code   126  st7789.o(i.st7789_write_string)
    tim_delay_init                           0x08005e6d   Thumb Code   116  tim_delay.o(i.tim_delay_init)
    tim_delay_us                             0x08005ee5   Thumb Code    34  tim_delay.o(i.tim_delay_us)
    tim_now                                  0x08005f09   Thumb Code    52  tim_delay.o(i.tim_now)
    ui_draw_image                            0x080060c9   Thumb Code    44  ui.o(i.ui_draw_image)
    ui_fill_color                            0x080060f9   Thumb Code    64  ui.o(i.ui_fill_color)
    ui_init                                  0x080061e1   Thumb Code    52  ui.o(i.ui_init)
    ui_write_string                          0x0800622d   Thumb Code   106  ui.o(i.ui_write_string)
    uxListRemove                             0x080062c1   Thumb Code    40  list.o(i.uxListRemove)
    vApplicationMallocFailedHook             0x080062e9   Thumb Code    18  board.o(i.vApplicationMallocFailedHook)
    vApplicationStackOverflowHook            0x0800631d   Thumb Code    24  board.o(i.vApplicationStackOverflowHook)
    vAssertCalled                            0x0800635d   Thumb Code    36  board.o(i.vAssertCalled)
    vListInitialise                          0x08006399   Thumb Code    26  list.o(i.vListInitialise)
    vListInitialiseItem                      0x080063b3   Thumb Code     6  list.o(i.vListInitialiseItem)
    vListInsert                              0x080063b9   Thumb Code    52  list.o(i.vListInsert)
    vListInsertEnd                           0x080063ed   Thumb Code    24  list.o(i.vListInsertEnd)
    vPortEnterCritical                       0x08006405   Thumb Code    66  port.o(i.vPortEnterCritical)
    vPortExitCritical                        0x08006479   Thumb Code    46  port.o(i.vPortExitCritical)
    vPortFree                                0x080064d5   Thumb Code   126  heap_4.o(i.vPortFree)
    vPortSetupTimerInterrupt                 0x08006589   Thumb Code    36  port.o(i.vPortSetupTimerInterrupt)
    vPortValidateInterruptPriority           0x080065b1   Thumb Code    82  port.o(i.vPortValidateInterruptPriority)
    vQueueAddToRegistry                      0x08006639   Thumb Code    38  queue.o(i.vQueueAddToRegistry)
    vQueueWaitForMessageRestricted           0x08006665   Thumb Code    74  queue.o(i.vQueueWaitForMessageRestricted)
    vTaskDelay                               0x080066b1   Thumb Code    70  tasks.o(i.vTaskDelay)
    vTaskDelete                              0x08006721   Thumb Code   198  tasks.o(i.vTaskDelete)
    vTaskInternalSetTimeOutState             0x08006831   Thumb Code    14  tasks.o(i.vTaskInternalSetTimeOutState)
    vTaskMissedYield                         0x08006849   Thumb Code     8  tasks.o(i.vTaskMissedYield)
    vTaskPlaceOnEventList                    0x08006855   Thumb Code    40  tasks.o(i.vTaskPlaceOnEventList)
    vTaskPlaceOnEventListRestricted          0x080068a1   Thumb Code    48  tasks.o(i.vTaskPlaceOnEventListRestricted)
    vTaskPriorityDisinheritAfterTimeout      0x080068f5   Thumb Code   192  tasks.o(i.vTaskPriorityDisinheritAfterTimeout)
    vTaskStartScheduler                      0x080069e1   Thumb Code   110  tasks.o(i.vTaskStartScheduler)
    vTaskSuspendAll                          0x08006a91   Thumb Code    12  tasks.o(i.vTaskSuspendAll)
    vTaskSwitchContext                       0x08006aa1   Thumb Code   136  tasks.o(i.vTaskSwitchContext)
    welcome_page_display                     0x08006b95   Thumb Code   100  welcome_page.o(i.welcome_page_display)
    wifi_init                                0x08006c29   Thumb Code    74  wifi.o(i.wifi_init)
    wifi_page_display                        0x08006cf9   Thumb Code   136  wifi_page.o(i.wifi_page_display)
    wifi_wait_connect                        0x08006ebd   Thumb Code   104  wifi.o(i.wifi_wait_connect)
    workqueue_init                           0x08007009   Thumb Code    54  workqueue.o(i.workqueue_init)
    workqueue_run                            0x08007069   Thumb Code    40  workqueue.o(i.workqueue_run)
    xPortStartScheduler                      0x080070a9   Thumb Code   312  port.o(i.xPortStartScheduler)
    xQueueGenericCreate                      0x08007225   Thumb Code   126  queue.o(i.xQueueGenericCreate)
    xQueueGenericReset                       0x080072c5   Thumb Code   134  queue.o(i.xQueueGenericReset)
    xQueueGenericSend                        0x08007371   Thumb Code   418  queue.o(i.xQueueGenericSend)
    xQueueGenericSendFromISR                 0x08007539   Thumb Code   262  queue.o(i.xQueueGenericSendFromISR)
    xQueueGiveFromISR                        0x08007661   Thumb Code   232  queue.o(i.xQueueGiveFromISR)
    xQueueReceive                            0x08007769   Thumb Code   320  queue.o(i.xQueueReceive)
    xQueueSemaphoreTake                      0x080078cd   Thumb Code   386  queue.o(i.xQueueSemaphoreTake)
    xTaskCheckForTimeOut                     0x08007a75   Thumb Code   112  tasks.o(i.xTaskCheckForTimeOut)
    xTaskCreate                              0x08007b0d   Thumb Code    96  tasks.o(i.xTaskCreate)
    xTaskGetSchedulerState                   0x08007b6d   Thumb Code    24  tasks.o(i.xTaskGetSchedulerState)
    xTaskGetTickCount                        0x08007b8d   Thumb Code     6  tasks.o(i.xTaskGetTickCount)
    xTaskIncrementTick                       0x08007b99   Thumb Code   270  tasks.o(i.xTaskIncrementTick)
    xTaskPriorityDisinherit                  0x08007cf5   Thumb Code   150  tasks.o(i.xTaskPriorityDisinherit)
    xTaskPriorityInherit                     0x08007db9   Thumb Code   172  tasks.o(i.xTaskPriorityInherit)
    xTaskRemoveFromEventList                 0x08007e71   Thumb Code   116  tasks.o(i.xTaskRemoveFromEventList)
    xTaskResumeAll                           0x08007f1d   Thumb Code   212  tasks.o(i.xTaskResumeAll)
    xTimerCreate                             0x08008035   Thumb Code    54  timers.o(i.xTimerCreate)
    xTimerCreateTimerTask                    0x0800806d   Thumb Code    52  timers.o(i.xTimerCreateTimerTask)
    xTimerGenericCommand                     0x080080d5   Thumb Code   114  timers.o(i.xTimerGenericCommand)
    font24_maple_bold                        0x08009894   Data          16  font24_maple_bold.o(.constdata)
    font32_maple_bold                        0x0800b644   Data          16  font32_maple_bold.o(.constdata)
    font20_maple_bold                        0x0800cb0c   Data          16  font20_maple_bold.o(.constdata)
    font16_maple                             0x0800d10c   Data          16  font16_maple.o(.constdata)
    font24_maple_semibold                    0x0800d5d4   Data          16  font24_maple_semibold.o(.constdata)
    font54_maple_bold                        0x0800e0dc   Data          16  font54_maple_bold.o(.constdata)
    font54_maple_semibold                    0x0800ebe4   Data          16  font54_maple_semibold.o(.constdata)
    font64_maple_extrabold                   0x0800f8f4   Data          16  font64_maple_extrabold.o(.constdata)
    font76_maple_extrabold                   0x08010c50   Data          16  font76_maple_extrabold.o(.constdata)
    icon_duoyun                              0x08012328   Data           8  icon_duoyun.o(.constdata)
    icon_leizhenyu                           0x080139f8   Data           8  icon_leizhenyu.o(.constdata)
    icon_na                                  0x080150c8   Data           8  icon_na.o(.constdata)
    icon_qing                                0x08016798   Data           8  icon_qing.o(.constdata)
    icon_wenduji                             0x08017000   Data           8  icon_wenduji.o(.constdata)
    icon_wifi                                0x08017488   Data           8  icon_wifi.o(.constdata)
    icon_yintian                             0x08018b58   Data           8  icon_yintian.o(.constdata)
    icon_yueliang                            0x0801a228   Data           8  icon_yueliang.o(.constdata)
    icon_zhongxue                            0x0801b8f8   Data           8  icon_zhongxue.o(.constdata)
    icon_zhongyu                             0x0801cfc8   Data           8  icon_zhongyu.o(.constdata)
    img_error                                0x080297d0   Data           8  img_error.o(.constdata)
    img_meihua                               0x08048f48   Data           8  img_meihua.o(.constdata)
    img_touxiang                             0x08048f50   Data           8  img_meihua.o(.constdata)
    img_wifi                                 0x080575f8   Data           8  img_wifi.o(.constdata)
    __ctype_categories                       0x08057674   Data          64  ctype_c.o(.constdata)
    Region$$Table$$Base                      0x0805784c   Number         0  anon$$obj.o(Region$$Table)
    Region$$Table$$Limit                     0x0805786c   Number         0  anon$$obj.o(Region$$Table)
    SystemCoreClock                          0x2000005c   Data           4  system_stm32f4xx.o(.data)
    AHBPrescTable                            0x20000060   Data          16  system_stm32f4xx.o(.data)
    pxCurrentTCB                             0x20000080   Data           4  tasks.o(.data)
    uxTopUsedPriority                        0x200000b8   Data           4  tasks.o(.data)
    __stdout                                 0x20000100   Data           4  stdout.o(.data)
    xQueueRegistry                           0x20002ea0   Data          80  queue.o(.bss)
    __initial_sp                             0x2001a448   Data           0  startup_stm32f40_41xxx.o(STACK)



==============================================================================

Memory Map of the image

  Image Entry point : 0x08000189

  Load Region LR_IROM1 (Base: 0x08000000, Size: 0x00057974, Max: 0x00080000, ABSOLUTE)

    Execution Region ER_IROM1 (Exec base: 0x08000000, Load base: 0x08000000, Size: 0x0005786c, Max: 0x00080000, ABSOLUTE)

    Exec Addr    Load Addr    Size         Type   Attr      Idx    E Section Name        Object

    0x08000000   0x08000000   0x00000188   Data   RO         1615    RESET               startup_stm32f40_41xxx.o
    0x08000188   0x08000188   0x00000000   Code   RO         7690  * .ARM.Collect$$$$00000000  mc_w.l(entry.o)
    0x08000188   0x08000188   0x00000004   Code   RO         7984    .ARM.Collect$$$$00000001  mc_w.l(entry2.o)
    0x0800018c   0x0800018c   0x00000004   Code   RO         7987    .ARM.Collect$$$$00000004  mc_w.l(entry5.o)
    0x08000190   0x08000190   0x00000000   Code   RO         7989    .ARM.Collect$$$$00000008  mc_w.l(entry7b.o)
    0x08000190   0x08000190   0x00000000   Code   RO         7991    .ARM.Collect$$$$0000000A  mc_w.l(entry8b.o)
    0x08000190   0x08000190   0x00000008   Code   RO         7992    .ARM.Collect$$$$0000000B  mc_w.l(entry9a.o)
    0x08000198   0x08000198   0x00000004   Code   RO         7999    .ARM.Collect$$$$0000000E  mc_w.l(entry12b.o)
    0x0800019c   0x0800019c   0x00000000   Code   RO         7994    .ARM.Collect$$$$0000000F  mc_w.l(entry10a.o)
    0x0800019c   0x0800019c   0x00000000   Code   RO         7996    .ARM.Collect$$$$00000011  mc_w.l(entry11a.o)
    0x0800019c   0x0800019c   0x00000004   Code   RO         7985    .ARM.Collect$$$$00002712  mc_w.l(entry2.o)
    0x080001a0   0x080001a0   0x000000be   Code   RO         7598    .emb_text           port.o
    0x0800025e   0x0800025e   0x00000002   PAD
    0x08000260   0x08000260   0x00000024   Code   RO         1616    .text               startup_stm32f40_41xxx.o
    0x08000284   0x08000284   0x00000062   Code   RO         7693    .text               mc_w.l(uldiv.o)
    0x080002e6   0x080002e6   0x00000024   Code   RO         7695    .text               mc_w.l(memcpya.o)
    0x0800030a   0x0800030a   0x00000024   Code   RO         7697    .text               mc_w.l(memseta.o)
    0x0800032e   0x0800032e   0x00000024   Code   RO         7699    .text               mc_w.l(strstr.o)
    0x08000352   0x08000352   0x00000018   Code   RO         7701    .text               mc_w.l(strncpy.o)
    0x0800036a   0x0800036a   0x0000000e   Code   RO         7703    .text               mc_w.l(strlen.o)
    0x08000378   0x08000378   0x0000001c   Code   RO         7705    .text               mc_w.l(strcmp.o)
    0x08000394   0x08000394   0x0000001a   Code   RO         7707    .text               mc_w.l(memcmp.o)
    0x080003ae   0x080003ae   0x00000012   Code   RO         7709    .text               mc_w.l(strcpy.o)
    0x080003c0   0x080003c0   0x00000038   Code   RO         7974    .text               mc_w.l(__0sscanf.o)
    0x080003f8   0x080003f8   0x0000014c   Code   RO         7976    .text               mc_w.l(_scanf_int.o)
    0x08000544   0x08000544   0x000000e0   Code   RO         7978    .text               mc_w.l(_scanf_str.o)
    0x08000624   0x08000624   0x00000026   Code   RO         7980    .text               mf_w.l(f2d.o)
    0x0800064a   0x0800064a   0x00000038   Code   RO         7982    .text               mf_w.l(d2f.o)
    0x08000682   0x08000682   0x0000002c   Code   RO         8001    .text               mc_w.l(uidiv.o)
    0x080006ae   0x080006ae   0x0000001e   Code   RO         8003    .text               mc_w.l(llshl.o)
    0x080006cc   0x080006cc   0x00000020   Code   RO         8005    .text               mc_w.l(llushr.o)
    0x080006ec   0x080006ec   0x0000001c   Code   RO         8014    .text               mc_w.l(_chval.o)
    0x08000708   0x08000708   0x00000028   Code   RO         8016    .text               mc_w.l(scanf_char.o)
    0x08000730   0x08000730   0x00000040   Code   RO         8018    .text               mc_w.l(_sgetc.o)
    0x08000770   0x08000770   0x0000009c   Code   RO         8020    .text               mc_w.l(strtod.o)
    0x0800080c   0x0800080c   0x00000000   Code   RO         8022    .text               mc_w.l(iusefp.o)
    0x0800080c   0x0800080c   0x0000006e   Code   RO         8023    .text               mf_w.l(fepilogue.o)
    0x0800087a   0x0800087a   0x0000014e   Code   RO         8025    .text               mf_w.l(dadd.o)
    0x080009c8   0x080009c8   0x000000e4   Code   RO         8027    .text               mf_w.l(dmul.o)
    0x08000aac   0x08000aac   0x000000de   Code   RO         8029    .text               mf_w.l(ddiv.o)
    0x08000b8a   0x08000b8a   0x00000030   Code   RO         8031    .text               mf_w.l(dfixul.o)
    0x08000bba   0x08000bba   0x00000002   PAD
    0x08000bbc   0x08000bbc   0x00000030   Code   RO         8033    .text               mf_w.l(cdrcmple.o)
    0x08000bec   0x08000bec   0x00000024   Code   RO         8035    .text               mc_w.l(init.o)
    0x08000c10   0x08000c10   0x00000024   Code   RO         8037    .text               mc_w.l(llsshr.o)
    0x08000c34   0x08000c34   0x0000000a   Code   RO         8039    .text               mc_w.l(isspace_c.o)
    0x08000c3e   0x08000c3e   0x00000002   PAD
    0x08000c40   0x08000c40   0x00000330   Code   RO         8041    .text               mc_w.l(_scanf.o)
    0x08000f70   0x08000f70   0x00000360   Code   RO         8043    .text               mc_w.l(scanf_fp.o)
    0x080012d0   0x080012d0   0x000000ba   Code   RO         8047    .text               mf_w.l(depilogue.o)
    0x0800138a   0x0800138a   0x00000002   PAD
    0x0800138c   0x0800138c   0x00000028   Code   RO         8049    .text               mc_w.l(ctype_c.o)
    0x080013b4   0x080013b4   0x00000018   Code   RO         8052    .text               mf_w.l(dfltul.o)
    0x080013cc   0x080013cc   0x00000048   Code   RO         1241    i.DMA1_Stream4_IRQHandler  st7789.o
    0x08001414   0x08001414   0x00000048   Code   RO         1088    i.DMA2_Stream7_IRQHandler  console.o
    0x0800145c   0x0800145c   0x00000034   Code   RO         2737    i.DMA_ClearFlag     stm32f4xx_dma.o
    0x08001490   0x08001490   0x00000034   Code   RO         2738    i.DMA_ClearITPendingBit  stm32f4xx_dma.o
    0x080014c4   0x080014c4   0x00000016   Code   RO         2739    i.DMA_Cmd           stm32f4xx_dma.o
    0x080014da   0x080014da   0x00000002   PAD
    0x080014dc   0x080014dc   0x00000064   Code   RO         2749    i.DMA_GetITStatus   stm32f4xx_dma.o
    0x08001540   0x08001540   0x0000003a   Code   RO         2750    i.DMA_ITConfig      stm32f4xx_dma.o
    0x0800157a   0x0800157a   0x00000002   PAD
    0x0800157c   0x0800157c   0x00000058   Code   RO         2751    i.DMA_Init          stm32f4xx_dma.o
    0x080015d4   0x080015d4   0x00000022   Code   RO         2755    i.DMA_StructInit    stm32f4xx_dma.o
    0x080015f6   0x080015f6   0x00000090   Code   RO         3539    i.GPIO_Init         stm32f4xx_gpio.o
    0x08001686   0x08001686   0x00000046   Code   RO         3540    i.GPIO_PinAFConfig  stm32f4xx_gpio.o
    0x080016cc   0x080016cc   0x00000006   Code   RO         3546    i.GPIO_ResetBits    stm32f4xx_gpio.o
    0x080016d2   0x080016d2   0x00000004   Code   RO         3547    i.GPIO_SetBits      stm32f4xx_gpio.o
    0x080016d6   0x080016d6   0x00000012   Code   RO         3548    i.GPIO_StructInit   stm32f4xx_gpio.o
    0x080016e8   0x080016e8   0x0000000c   Code   RO         3551    i.GPIO_WriteBit     stm32f4xx_gpio.o
    0x080016f4   0x080016f4   0x00000018   Code   RO         3827    i.I2C_AcknowledgeConfig  stm32f4xx_i2c.o
    0x0800170c   0x0800170c   0x0000003e   Code   RO         3830    i.I2C_CheckEvent    stm32f4xx_i2c.o
    0x0800174a   0x0800174a   0x00000018   Code   RO         3833    i.I2C_Cmd           stm32f4xx_i2c.o
    0x08001762   0x08001762   0x00000018   Code   RO         3841    i.I2C_GenerateSTART  stm32f4xx_i2c.o
    0x0800177a   0x0800177a   0x00000018   Code   RO         3842    i.I2C_GenerateSTOP  stm32f4xx_i2c.o
    0x08001792   0x08001792   0x00000002   PAD
    0x08001794   0x08001794   0x000000e8   Code   RO         3848    i.I2C_Init          stm32f4xx_i2c.o
    0x0800187c   0x0800187c   0x00000008   Code   RO         3853    i.I2C_ReceiveData   stm32f4xx_i2c.o
    0x08001884   0x08001884   0x00000010   Code   RO         3855    i.I2C_Send7bitAddress  stm32f4xx_i2c.o
    0x08001894   0x08001894   0x00000004   Code   RO         3856    i.I2C_SendData      stm32f4xx_i2c.o
    0x08001898   0x08001898   0x0000001e   Code   RO         3859    i.I2C_StructInit    stm32f4xx_i2c.o
    0x080018b6   0x080018b6   0x00000002   PAD
    0x080018b8   0x080018b8   0x00000078   Code   RO         1664    i.NVIC_Init         misc.o
    0x08001930   0x08001930   0x00000028   Code   RO         1089    i.NVIC_SetPriority  console.o
    0x08001958   0x08001958   0x0000000c   Code   RO         4330    i.PWR_BackupAccessCmd  stm32f4xx_pwr.o
    0x08001964   0x08001964   0x00000020   Code   RO         4465    i.RCC_AHB1PeriphClockCmd  stm32f4xx_rcc.o
    0x08001984   0x08001984   0x00000020   Code   RO         4474    i.RCC_APB1PeriphClockCmd  stm32f4xx_rcc.o
    0x080019a4   0x080019a4   0x00000020   Code   RO         4477    i.RCC_APB2PeriphClockCmd  stm32f4xx_rcc.o
    0x080019c4   0x080019c4   0x000000e8   Code   RO         4486    i.RCC_GetClocksFreq  stm32f4xx_rcc.o
    0x08001aac   0x08001aac   0x00000040   Code   RO         4487    i.RCC_GetFlagStatus  stm32f4xx_rcc.o
    0x08001aec   0x08001aec   0x0000002c   Code   RO         4495    i.RCC_LSEConfig     stm32f4xx_rcc.o
    0x08001b18   0x08001b18   0x0000000c   Code   RO         4509    i.RCC_RTCCLKCmd     stm32f4xx_rcc.o
    0x08001b24   0x08001b24   0x0000003c   Code   RO         4510    i.RCC_RTCCLKConfig  stm32f4xx_rcc.o
    0x08001b60   0x08001b60   0x00000016   Code   RO         4872    i.RTC_Bcd2ToByte    stm32f4xx_rtc.o
    0x08001b76   0x08001b76   0x0000001c   Code   RO         4874    i.RTC_ByteToBcd2    stm32f4xx_rtc.o
    0x08001b92   0x08001b92   0x0000000e   Code   RO         4881    i.RTC_DateStructInit  stm32f4xx_rtc.o
    0x08001ba0   0x08001ba0   0x00000050   Code   RO         4884    i.RTC_EnterInitMode  stm32f4xx_rtc.o
    0x08001bf0   0x08001bf0   0x00000014   Code   RO         4885    i.RTC_ExitInitMode  stm32f4xx_rtc.o
    0x08001c04   0x08001c04   0x0000004c   Code   RO         4888    i.RTC_GetDate       stm32f4xx_rtc.o
    0x08001c50   0x08001c50   0x00000050   Code   RO         4893    i.RTC_GetTime       stm32f4xx_rtc.o
    0x08001ca0   0x08001ca0   0x00000064   Code   RO         4898    i.RTC_Init          stm32f4xx_rtc.o
    0x08001d04   0x08001d04   0x000000c8   Code   RO         4904    i.RTC_SetDate       stm32f4xx_rtc.o
    0x08001dcc   0x08001dcc   0x000000d0   Code   RO         4905    i.RTC_SetTime       stm32f4xx_rtc.o
    0x08001e9c   0x08001e9c   0x0000000e   Code   RO         4908    i.RTC_StructInit    stm32f4xx_rtc.o
    0x08001eaa   0x08001eaa   0x0000000c   Code   RO         4920    i.RTC_TimeStructInit  stm32f4xx_rtc.o
    0x08001eb6   0x08001eb6   0x00000002   PAD
    0x08001eb8   0x08001eb8   0x00000060   Code   RO         4921    i.RTC_WaitForSynchro  stm32f4xx_rtc.o
    0x08001f18   0x08001f18   0x00000018   Code   RO         5623    i.SPI_Cmd           stm32f4xx_spi.o
    0x08001f30   0x08001f30   0x00000012   Code   RO         5624    i.SPI_DataSizeConfig  stm32f4xx_spi.o
    0x08001f42   0x08001f42   0x00000012   Code   RO         5629    i.SPI_I2S_DMACmd    stm32f4xx_spi.o
    0x08001f54   0x08001f54   0x00000012   Code   RO         5631    i.SPI_I2S_GetFlagStatus  stm32f4xx_spi.o
    0x08001f66   0x08001f66   0x00000004   Code   RO         5635    i.SPI_I2S_SendData  stm32f4xx_spi.o
    0x08001f6a   0x08001f6a   0x0000003c   Code   RO         5636    i.SPI_Init          stm32f4xx_spi.o
    0x08001fa6   0x08001fa6   0x00000018   Code   RO         5639    i.SPI_StructInit    stm32f4xx_spi.o
    0x08001fbe   0x08001fbe   0x00000002   PAD
    0x08001fc0   0x08001fc0   0x000000ec   Code   RO         1623    i.SetSysClock       system_stm32f4xx.o
    0x080020ac   0x080020ac   0x00000034   Code   RO         7599    i.SysTick_Handler   port.o
    0x080020e0   0x080020e0   0x00000068   Code   RO         1625    i.SystemInit        system_stm32f4xx.o
    0x08002148   0x08002148   0x00000044   Code   RO         1548    i.TIM6_DAC_IRQHandler  tim_delay.o
    0x0800218c   0x0800218c   0x00000006   Code   RO         5856    i.TIM_ClearITPendingBit  stm32f4xx_tim.o
    0x08002192   0x08002192   0x00000018   Code   RO         5861    i.TIM_Cmd           stm32f4xx_tim.o
    0x080021aa   0x080021aa   0x00000006   Code   RO         5880    i.TIM_GetCounter    stm32f4xx_tim.o
    0x080021b0   0x080021b0   0x00000022   Code   RO         5882    i.TIM_GetITStatus   stm32f4xx_tim.o
    0x080021d2   0x080021d2   0x00000012   Code   RO         5886    i.TIM_ITConfig      stm32f4xx_tim.o
    0x080021e4   0x080021e4   0x00000084   Code   RO         5933    i.TIM_TimeBaseInit  stm32f4xx_tim.o
    0x08002268   0x08002268   0x00000012   Code   RO         5934    i.TIM_TimeBaseStructInit  stm32f4xx_tim.o
    0x0800227a   0x0800227a   0x00000002   PAD
    0x0800227c   0x0800227c   0x0000003c   Code   RO         1090    i.USART1_IRQHandler  console.o
    0x080022b8   0x080022b8   0x000000b0   Code   RO         1379    i.USART2_IRQHandler  esp_at.o
    0x08002368   0x08002368   0x00000012   Code   RO         6411    i.USART_ClearFlag   stm32f4xx_usart.o
    0x0800237a   0x0800237a   0x0000001e   Code   RO         6412    i.USART_ClearITPendingBit  stm32f4xx_usart.o
    0x08002398   0x08002398   0x00000018   Code   RO         6415    i.USART_Cmd         stm32f4xx_usart.o
    0x080023b0   0x080023b0   0x00000012   Code   RO         6416    i.USART_DMACmd      stm32f4xx_usart.o
    0x080023c2   0x080023c2   0x0000001a   Code   RO         6418    i.USART_GetFlagStatus  stm32f4xx_usart.o
    0x080023dc   0x080023dc   0x00000054   Code   RO         6419    i.USART_GetITStatus  stm32f4xx_usart.o
    0x08002430   0x08002430   0x0000004a   Code   RO         6421    i.USART_ITConfig    stm32f4xx_usart.o
    0x0800247a   0x0800247a   0x00000002   PAD
    0x0800247c   0x0800247c   0x000000d4   Code   RO         6422    i.USART_Init        stm32f4xx_usart.o
    0x08002550   0x08002550   0x0000000a   Code   RO         6429    i.USART_ReceiveData  stm32f4xx_usart.o
    0x0800255a   0x0800255a   0x00000008   Code   RO         6432    i.USART_SendData    stm32f4xx_usart.o
    0x08002562   0x08002562   0x00000018   Code   RO         6438    i.USART_StructInit  stm32f4xx_usart.o
    0x0800257a   0x0800257a   0x00000002   PAD
    0x0800257c   0x0800257c   0x00000020   Code   RO         7946    i.__0printf         mc_w.l(printfa.o)
    0x0800259c   0x0800259c   0x00000034   Code   RO         7947    i.__0snprintf       mc_w.l(printfa.o)
    0x080025d0   0x080025d0   0x00000038   Code   RO         7684    i.__hardfp_atof     m_wm.l(atof.o)
    0x08002608   0x08002608   0x0000000c   Code   RO         8008    i.__read_errno      mc_w.l(errno.o)
    0x08002614   0x08002614   0x0000000e   Code   RO         8056    i.__scatterload_copy  mc_w.l(handlers.o)
    0x08002622   0x08002622   0x00000002   Code   RO         8057    i.__scatterload_null  mc_w.l(handlers.o)
    0x08002624   0x08002624   0x0000000e   Code   RO         8058    i.__scatterload_zeroinit  mc_w.l(handlers.o)
    0x08002632   0x08002632   0x00000002   PAD
    0x08002634   0x08002634   0x0000000c   Code   RO         8009    i.__set_errno       mc_w.l(errno.o)
    0x08002640   0x08002640   0x00000184   Code   RO         7953    i._fp_digits        mc_w.l(printfa.o)
    0x080027c4   0x080027c4   0x0000000e   Code   RO         8045    i._is_digit         mc_w.l(scanf_fp.o)
    0x080027d2   0x080027d2   0x00000002   PAD
    0x080027d4   0x080027d4   0x000006b4   Code   RO         7954    i._printf_core      mc_w.l(printfa.o)
    0x08002e88   0x08002e88   0x00000024   Code   RO         7955    i._printf_post_padding  mc_w.l(printfa.o)
    0x08002eac   0x08002eac   0x0000002e   Code   RO         7956    i._printf_pre_padding  mc_w.l(printfa.o)
    0x08002eda   0x08002eda   0x00000050   Code   RO         1042    i._rtc_get_time_once  rtc.o
    0x08002f2a   0x08002f2a   0x00000052   Code   RO         1043    i._rtc_set_time_once  rtc.o
    0x08002f7c   0x08002f7c   0x00000016   Code   RO         7957    i._snputc           mc_w.l(printfa.o)
    0x08002f92   0x08002f92   0x00000002   PAD
    0x08002f94   0x08002f94   0x000000d4   Code   RO         1174    i.aht20_init        aht20.o
    0x08003068   0x08003068   0x00000016   Code   RO         1175    i.aht20_is_busy     aht20.o
    0x0800307e   0x0800307e   0x00000018   Code   RO         1176    i.aht20_is_ready    aht20.o
    0x08003096   0x08003096   0x00000002   PAD
    0x08003098   0x08003098   0x000000d0   Code   RO         1177    i.aht20_read        aht20.o
    0x08003168   0x08003168   0x0000009c   Code   RO         1178    i.aht20_read_measurement  aht20.o
    0x08003204   0x08003204   0x00000028   Code   RO         1179    i.aht20_read_status  aht20.o
    0x0800322c   0x0800322c   0x00000020   Code   RO         1180    i.aht20_start_measurement  aht20.o
    0x0800324c   0x0800324c   0x00000020   Code   RO         1181    i.aht20_wait_for_measurement  aht20.o
    0x0800326c   0x0800326c   0x000000c4   Code   RO         1182    i.aht20_write       aht20.o
    0x08003330   0x08003330   0x00000180   Code   RO          288    i.app_init          app.o
    0x080034b0   0x080034b0   0x00000010   Code   RO          289    i.app_timer_cb      app.o
    0x080034c0   0x080034c0   0x0000000a   Code   RO          290    i.app_work          app.o
    0x080034ca   0x080034ca   0x00000052   Code   RO         1242    i.ascii_get_model   st7789.o
    0x0800351c   0x0800351c   0x00000084   Code   RO          212    i.board_init        board.o
    0x080035a0   0x080035a0   0x0000008c   Code   RO          213    i.board_lowlevel_init  board.o
    0x0800362c   0x0800362c   0x0000005c   Code   RO         1091    i.console_dma_init  console.o
    0x08003688   0x08003688   0x00000050   Code   RO         1092    i.console_init      console.o
    0x080036d8   0x080036d8   0x0000003e   Code   RO         1093    i.console_int_init  console.o
    0x08003716   0x08003716   0x00000002   PAD
    0x08003718   0x08003718   0x0000003c   Code   RO         1094    i.console_io_init   console.o
    0x08003754   0x08003754   0x00000054   Code   RO         1096    i.console_usart_init  console.o
    0x080037a8   0x080037a8   0x00000064   Code   RO          911    i.error_page_display  error_page.o
    0x0800380c   0x0800380c   0x0000006c   Code   RO         1380    i.esp_at_connect_wifi  esp_at.o
    0x08003878   0x08003878   0x00000058   Code   RO         1381    i.esp_at_dma_init   esp_at.o
    0x080038d0   0x080038d0   0x00000008   Code   RO         1382    i.esp_at_get_response  esp_at.o
    0x080038d8   0x080038d8   0x00000070   Code   RO         1383    i.esp_at_get_wifi_info  esp_at.o
    0x08003948   0x08003948   0x00000050   Code   RO         1384    i.esp_at_http_get   esp_at.o
    0x08003998   0x08003998   0x00000084   Code   RO         1385    i.esp_at_init       esp_at.o
    0x08003a1c   0x08003a1c   0x0000004c   Code   RO         1386    i.esp_at_int_init   esp_at.o
    0x08003a68   0x08003a68   0x0000003c   Code   RO         1387    i.esp_at_io_init    esp_at.o
    0x08003aa4   0x08003aa4   0x00000014   Code   RO         1388    i.esp_at_lowlevel_init  esp_at.o
    0x08003ab8   0x08003ab8   0x00000040   Code   RO         1389    i.esp_at_sntp_get_time  esp_at.o
    0x08003af8   0x08003af8   0x0000002c   Code   RO         1390    i.esp_at_sntp_init  esp_at.o
    0x08003b24   0x08003b24   0x00000054   Code   RO         1391    i.esp_at_usart_init  esp_at.o
    0x08003b78   0x08003b78   0x00000054   Code   RO         1392    i.esp_at_usart_wait_receive  esp_at.o
    0x08003bcc   0x08003bcc   0x00000038   Code   RO         1393    i.esp_at_usart_write  esp_at.o
    0x08003c04   0x08003c04   0x00000028   Code   RO         1394    i.esp_at_wait_boot  esp_at.o
    0x08003c2c   0x08003c2c   0x00000016   Code   RO         1395    i.esp_at_wait_ready  esp_at.o
    0x08003c42   0x08003c42   0x00000002   PAD
    0x08003c44   0x08003c44   0x00000020   Code   RO         1396    i.esp_at_wifi_init  esp_at.o
    0x08003c64   0x08003c64   0x00000060   Code   RO         1397    i.esp_at_write_command  esp_at.o
    0x08003cc4   0x08003cc4   0x0000002c   Code   RO          214    i.fputc             board.o
    0x08003cf0   0x08003cf0   0x00000030   Code   RO         1243    i.in_screen_range   st7789.o
    0x08003d20   0x08003d20   0x00000168   Code   RO          291    i.inner_update      app.o
    0x08003e88   0x08003e88   0x00000012   Code   RO         1244    i.is_gb2312         st7789.o
    0x08003e9a   0x08003e9a   0x00000002   PAD
    0x08003e9c   0x08003e9c   0x00000034   Code   RO            4    i.main              main.o
    0x08003ed0   0x08003ed0   0x0000002c   Code   RO            5    i.main_init         main.o
    0x08003efc   0x08003efc   0x00000184   Code   RO          965    i.main_page_display  main_page.o
    0x08004080   0x08004080   0x000000bc   Code   RO          966    i.main_page_redraw_date  main_page.o
    0x0800413c   0x0800413c   0x0000006c   Code   RO          967    i.main_page_redraw_inner_humidity  main_page.o
    0x080041a8   0x080041a8   0x0000007c   Code   RO          968    i.main_page_redraw_inner_temperature  main_page.o
    0x08004224   0x08004224   0x00000034   Code   RO          969    i.main_page_redraw_outdoor_city  main_page.o
    0x08004258   0x08004258   0x0000007c   Code   RO          970    i.main_page_redraw_outdoor_temperature  main_page.o
    0x080042d4   0x080042d4   0x000000b8   Code   RO          971    i.main_page_redraw_outdoor_weather_icon  main_page.o
    0x0800438c   0x0800438c   0x00000054   Code   RO          972    i.main_page_redraw_time  main_page.o
    0x080043e0   0x080043e0   0x0000003c   Code   RO          973    i.main_page_redraw_wifi_ssid  main_page.o
    0x0800441c   0x0800441c   0x00000030   Code   RO         1398    i.match_internal_ack  esp_at.o
    0x0800444c   0x0800444c   0x0000003c   Code   RO         1399    i.month_str_to_num  esp_at.o
    0x08004488   0x08004488   0x000000dc   Code   RO          292    i.outdoor_update    app.o
    0x08004564   0x08004564   0x00000090   Code   RO         1400    i.parse_cipsntptime_response  esp_at.o
    0x080045f4   0x080045f4   0x00000068   Code   RO         1401    i.parse_cwjap_response  esp_at.o
    0x0800465c   0x0800465c   0x00000064   Code   RO         1402    i.parse_cwstate_response  esp_at.o
    0x080046c0   0x080046c0   0x000001b0   Code   RO          412    i.parse_seniverse_response  weather.o
    0x08004870   0x08004870   0x00000098   Code   RO         6989    i.prvAddCurrentTaskToDelayedList  tasks.o
    0x08004908   0x08004908   0x000000b4   Code   RO         6990    i.prvAddNewTaskToReadyList  tasks.o
    0x080049bc   0x080049bc   0x00000064   Code   RO         7386    i.prvCheckForValidListAndQueue  timers.o
    0x08004a20   0x08004a20   0x00000048   Code   RO         6991    i.prvCheckTasksWaitingTermination  tasks.o
    0x08004a68   0x08004a68   0x0000002a   Code   RO         6730    i.prvCopyDataFromQueue  queue.o
    0x08004a92   0x08004a92   0x0000007e   Code   RO         6731    i.prvCopyDataToQueue  queue.o
    0x08004b10   0x08004b10   0x00000012   Code   RO         6992    i.prvDeleteTCB      tasks.o
    0x08004b22   0x08004b22   0x00000014   Code   RO         6732    i.prvGetDisinheritPriorityAfterTimeout  queue.o
    0x08004b36   0x08004b36   0x00000002   PAD
    0x08004b38   0x08004b38   0x00000028   Code   RO         7387    i.prvGetNextExpireTime  timers.o
    0x08004b60   0x08004b60   0x0000007c   Code   RO         7531    i.prvHeapInit       heap_4.o
    0x08004bdc   0x08004bdc   0x00000028   Code   RO         6993    i.prvIdleTask       tasks.o
    0x08004c04   0x08004c04   0x0000002a   Code   RO         6734    i.prvInitialiseNewQueue  queue.o
    0x08004c2e   0x08004c2e   0x00000002   PAD
    0x08004c30   0x08004c30   0x000000e4   Code   RO         6994    i.prvInitialiseNewTask  tasks.o
    0x08004d14   0x08004d14   0x00000070   Code   RO         7388    i.prvInitialiseNewTimer  timers.o
    0x08004d84   0x08004d84   0x00000068   Code   RO         6995    i.prvInitialiseTaskLists  tasks.o
    0x08004dec   0x08004dec   0x00000068   Code   RO         7532    i.prvInsertBlockIntoFreeList  heap_4.o
    0x08004e54   0x08004e54   0x00000058   Code   RO         7389    i.prvInsertTimerInActiveList  timers.o
    0x08004eac   0x08004eac   0x0000001a   Code   RO         6735    i.prvIsQueueEmpty   queue.o
    0x08004ec6   0x08004ec6   0x0000001e   Code   RO         6736    i.prvIsQueueFull    queue.o
    0x08004ee4   0x08004ee4   0x000000a8   Code   RO         6737    i.prvNotifyQueueSetContainer  queue.o
    0x08004f8c   0x08004f8c   0x00000088   Code   RO         7390    i.prvProcessExpiredTimer  timers.o
    0x08005014   0x08005014   0x00000140   Code   RO         7391    i.prvProcessReceivedCommands  timers.o
    0x08005154   0x08005154   0x00000074   Code   RO         7392    i.prvProcessTimerOrBlockTask  timers.o
    0x080051c8   0x080051c8   0x00000030   Code   RO         6996    i.prvResetNextTaskUnblockTime  tasks.o
    0x080051f8   0x080051f8   0x0000002c   Code   RO         7393    i.prvSampleTimeNow  timers.o
    0x08005224   0x08005224   0x000000b8   Code   RO         7394    i.prvSwitchTimerLists  timers.o
    0x080052dc   0x080052dc   0x0000005c   Code   RO         7600    i.prvTaskExitError  port.o
    0x08005338   0x08005338   0x0000001a   Code   RO         7395    i.prvTimerTask      timers.o
    0x08005352   0x08005352   0x00000090   Code   RO         6738    i.prvUnlockQueue    queue.o
    0x080053e2   0x080053e2   0x00000002   PAD
    0x080053e4   0x080053e4   0x00000174   Code   RO         7533    i.pvPortMalloc      heap_4.o
    0x08005558   0x08005558   0x00000020   Code   RO         7001    i.pvTaskIncrementMutexHeldCount  tasks.o
    0x08005578   0x08005578   0x00000040   Code   RO         7396    i.pvTimerGetTimerID  timers.o
    0x080055b8   0x080055b8   0x0000002c   Code   RO         7601    i.pxPortInitialiseStack  port.o
    0x080055e4   0x080055e4   0x0000002a   Code   RO         1044    i.rtc_get_time      rtc.o
    0x0800560e   0x0800560e   0x0000001a   Code   RO         1045    i.rtc_init          rtc.o
    0x08005628   0x08005628   0x0000001e   Code   RO         1046    i.rtc_set_time      rtc.o
    0x08005646   0x08005646   0x00000002   PAD
    0x08005648   0x08005648   0x00000060   Code   RO         1245    i.st7789_dma_init   st7789.o
    0x080056a8   0x080056a8   0x000000b4   Code   RO         1246    i.st7789_draw_font  st7789.o
    0x0800575c   0x0800575c   0x00000056   Code   RO         1247    i.st7789_draw_image  st7789.o
    0x080057b2   0x080057b2   0x00000046   Code   RO         1248    i.st7789_fill_color  st7789.o
    0x080057f8   0x080057f8   0x00000054   Code   RO         1249    i.st7789_init       st7789.o
    0x0800584c   0x0800584c   0x000001ac   Code   RO         1250    i.st7789_init_display  st7789.o
    0x080059f8   0x080059f8   0x0000004c   Code   RO         1251    i.st7789_int_init   st7789.o
    0x08005a44   0x08005a44   0x0000009c   Code   RO         1252    i.st7789_io_init    st7789.o
    0x08005ae0   0x08005ae0   0x00000024   Code   RO         1253    i.st7789_reset      st7789.o
    0x08005b04   0x08005b04   0x00000014   Code   RO         1254    i.st7789_set_backlight  st7789.o
    0x08005b18   0x08005b18   0x0000005e   Code   RO         1255    i.st7789_set_range_and_prepare_gram  st7789.o
    0x08005b76   0x08005b76   0x00000002   PAD
    0x08005b78   0x08005b78   0x0000005c   Code   RO         1256    i.st7789_spi_init   st7789.o
    0x08005bd4   0x08005bd4   0x0000006a   Code   RO         1257    i.st7789_write_ascii  st7789.o
    0x08005c3e   0x08005c3e   0x00000072   Code   RO         1258    i.st7789_write_chinese  st7789.o
    0x08005cb0   0x08005cb0   0x000000a8   Code   RO         1259    i.st7789_write_gram  st7789.o
    0x08005d58   0x08005d58   0x00000094   Code   RO         1260    i.st7789_write_register  st7789.o
    0x08005dec   0x08005dec   0x0000007e   Code   RO         1261    i.st7789_write_string  st7789.o
    0x08005e6a   0x08005e6a   0x00000002   PAD
    0x08005e6c   0x08005e6c   0x00000078   Code   RO         1549    i.tim_delay_init    tim_delay.o
    0x08005ee4   0x08005ee4   0x00000022   Code   RO         1551    i.tim_delay_us      tim_delay.o
    0x08005f06   0x08005f06   0x00000002   PAD
    0x08005f08   0x08005f08   0x0000003c   Code   RO         1554    i.tim_now           tim_delay.o
    0x08005f44   0x08005f44   0x00000140   Code   RO          293    i.time_sync         app.o
    0x08006084   0x08006084   0x00000044   Code   RO          294    i.time_update       app.o
    0x080060c8   0x080060c8   0x00000030   Code   RO          437    i.ui_draw_image     ui.o
    0x080060f8   0x080060f8   0x00000044   Code   RO          438    i.ui_fill_color     ui.o
    0x0800613c   0x0800613c   0x000000a4   Code   RO          439    i.ui_func           ui.o
    0x080061e0   0x080061e0   0x0000004c   Code   RO          440    i.ui_init           ui.o
    0x0800622c   0x0800622c   0x00000094   Code   RO          441    i.ui_write_string   ui.o
    0x080062c0   0x080062c0   0x00000028   Code   RO         6669    i.uxListRemove      list.o
    0x080062e8   0x080062e8   0x00000034   Code   RO          215    i.vApplicationMallocFailedHook  board.o
    0x0800631c   0x0800631c   0x00000040   Code   RO          216    i.vApplicationStackOverflowHook  board.o
    0x0800635c   0x0800635c   0x0000003c   Code   RO          217    i.vAssertCalled     board.o
    0x08006398   0x08006398   0x0000001a   Code   RO         6670    i.vListInitialise   list.o
    0x080063b2   0x080063b2   0x00000006   Code   RO         6671    i.vListInitialiseItem  list.o
    0x080063b8   0x080063b8   0x00000034   Code   RO         6672    i.vListInsert       list.o
    0x080063ec   0x080063ec   0x00000018   Code   RO         6673    i.vListInsertEnd    list.o
    0x08006404   0x08006404   0x00000074   Code   RO         7603    i.vPortEnterCritical  port.o
    0x08006478   0x08006478   0x0000005c   Code   RO         7604    i.vPortExitCritical  port.o
    0x080064d4   0x080064d4   0x000000b4   Code   RO         7534    i.vPortFree         heap_4.o
    0x08006588   0x08006588   0x00000028   Code   RO         7605    i.vPortSetupTimerInterrupt  port.o
    0x080065b0   0x080065b0   0x00000088   Code   RO         7606    i.vPortValidateInterruptPriority  port.o
    0x08006638   0x08006638   0x0000002c   Code   RO         6742    i.vQueueAddToRegistry  queue.o
    0x08006664   0x08006664   0x0000004a   Code   RO         6745    i.vQueueWaitForMessageRestricted  queue.o
    0x080066ae   0x080066ae   0x00000002   PAD
    0x080066b0   0x080066b0   0x00000070   Code   RO         7010    i.vTaskDelay        tasks.o
    0x08006720   0x08006720   0x00000110   Code   RO         7011    i.vTaskDelete       tasks.o
    0x08006830   0x08006830   0x00000018   Code   RO         7014    i.vTaskInternalSetTimeOutState  tasks.o
    0x08006848   0x08006848   0x0000000c   Code   RO         7015    i.vTaskMissedYield  tasks.o
    0x08006854   0x08006854   0x0000004c   Code   RO         7016    i.vTaskPlaceOnEventList  tasks.o
    0x080068a0   0x080068a0   0x00000054   Code   RO         7017    i.vTaskPlaceOnEventListRestricted  tasks.o
    0x080068f4   0x080068f4   0x000000ec   Code   RO         7019    i.vTaskPriorityDisinheritAfterTimeout  tasks.o
    0x080069e0   0x080069e0   0x000000b0   Code   RO         7025    i.vTaskStartScheduler  tasks.o
    0x08006a90   0x08006a90   0x00000010   Code   RO         7027    i.vTaskSuspendAll   tasks.o
    0x08006aa0   0x08006aa0   0x000000bc   Code   RO         7028    i.vTaskSwitchContext  tasks.o
    0x08006b5c   0x08006b5c   0x00000038   Code   RO         1403    i.weekday_str_to_num  esp_at.o
    0x08006b94   0x08006b94   0x00000094   Code   RO          899    i.welcome_page_display  welcome_page.o
    0x08006c28   0x08006c28   0x000000d0   Code   RO          375    i.wifi_init         wifi.o
    0x08006cf8   0x08006cf8   0x000000ac   Code   RO          926    i.wifi_page_display  wifi_page.o
    0x08006da4   0x08006da4   0x00000118   Code   RO          295    i.wifi_update       app.o
    0x08006ebc   0x08006ebc   0x00000110   Code   RO          376    i.wifi_wait_connect  wifi.o
    0x08006fcc   0x08006fcc   0x00000020   Code   RO          507    i.work_func         workqueue.o
    0x08006fec   0x08006fec   0x0000001c   Code   RO          296    i.work_timer_cb     app.o
    0x08007008   0x08007008   0x00000060   Code   RO          508    i.workqueue_init    workqueue.o
    0x08007068   0x08007068   0x00000040   Code   RO          509    i.workqueue_run     workqueue.o
    0x080070a8   0x080070a8   0x0000017c   Code   RO         7607    i.xPortStartScheduler  port.o
    0x08007224   0x08007224   0x000000a0   Code   RO         6750    i.xQueueGenericCreate  queue.o
    0x080072c4   0x080072c4   0x000000ac   Code   RO         6751    i.xQueueGenericReset  queue.o
    0x08007370   0x08007370   0x000001c8   Code   RO         6752    i.xQueueGenericSend  queue.o
    0x08007538   0x08007538   0x00000128   Code   RO         6753    i.xQueueGenericSendFromISR  queue.o
    0x08007660   0x08007660   0x00000108   Code   RO         6754    i.xQueueGiveFromISR  queue.o
    0x08007768   0x08007768   0x00000164   Code   RO         6760    i.xQueueReceive     queue.o
    0x080078cc   0x080078cc   0x000001a8   Code   RO         6765    i.xQueueSemaphoreTake  queue.o
    0x08007a74   0x08007a74   0x00000098   Code   RO         7030    i.xTaskCheckForTimeOut  tasks.o
    0x08007b0c   0x08007b0c   0x00000060   Code   RO         7031    i.xTaskCreate       tasks.o
    0x08007b6c   0x08007b6c   0x00000020   Code   RO         7040    i.xTaskGetSchedulerState  tasks.o
    0x08007b8c   0x08007b8c   0x0000000c   Code   RO         7041    i.xTaskGetTickCount  tasks.o
    0x08007b98   0x08007b98   0x0000015c   Code   RO         7043    i.xTaskIncrementTick  tasks.o
    0x08007cf4   0x08007cf4   0x000000c4   Code   RO         7044    i.xTaskPriorityDisinherit  tasks.o
    0x08007db8   0x08007db8   0x000000b8   Code   RO         7045    i.xTaskPriorityInherit  tasks.o
    0x08007e70   0x08007e70   0x000000ac   Code   RO         7046    i.xTaskRemoveFromEventList  tasks.o
    0x08007f1c   0x08007f1c   0x00000118   Code   RO         7047    i.xTaskResumeAll    tasks.o
    0x08008034   0x08008034   0x00000036   Code   RO         7400    i.xTimerCreate      timers.o
    0x0800806a   0x0800806a   0x00000002   PAD
    0x0800806c   0x0800806c   0x00000068   Code   RO         7401    i.xTimerCreateTimerTask  timers.o
    0x080080d4   0x080080d4   0x00000098   Code   RO         7402    i.xTimerGenericCommand  timers.o
    0x0800816c   0x0800816c   0x00001738   Data   RO          592    .constdata          font24_maple_bold.o
    0x080098a4   0x080098a4   0x00001db0   Data   RO          606    .constdata          font32_maple_bold.o
    0x0800b654   0x0800b654   0x000014c8   Data   RO          620    .constdata          font20_maple_bold.o
    0x0800cb1c   0x0800cb1c   0x00000600   Data   RO          634    .constdata          font16_maple.o
    0x0800d11c   0x0800d11c   0x000004c8   Data   RO          647    .constdata          font24_maple_semibold.o
    0x0800d5e4   0x0800d5e4   0x00000b08   Data   RO          661    .constdata          font54_maple_bold.o
    0x0800e0ec   0x0800e0ec   0x00000b08   Data   RO          675    .constdata          font54_maple_semibold.o
    0x0800ebf4   0x0800ebf4   0x00000d10   Data   RO          689    .constdata          font64_maple_extrabold.o
    0x0800f904   0x0800f904   0x0000135c   Data   RO          703    .constdata          font76_maple_extrabold.o
    0x08010c60   0x08010c60   0x000016d0   Data   RO          730    .constdata          icon_duoyun.o
    0x08012330   0x08012330   0x000016d0   Data   RO          743    .constdata          icon_leizhenyu.o
    0x08013a00   0x08013a00   0x000016d0   Data   RO          756    .constdata          icon_na.o
    0x080150d0   0x080150d0   0x000016d0   Data   RO          769    .constdata          icon_qing.o
    0x080167a0   0x080167a0   0x00000868   Data   RO          782    .constdata          icon_wenduji.o
    0x08017008   0x08017008   0x00000488   Data   RO          795    .constdata          icon_wifi.o
    0x08017490   0x08017490   0x000016d0   Data   RO          808    .constdata          icon_yintian.o
    0x08018b60   0x08018b60   0x000016d0   Data   RO          821    .constdata          icon_yueliang.o
    0x0801a230   0x0801a230   0x000016d0   Data   RO          834    .constdata          icon_zhongxue.o
    0x0801b900   0x0801b900   0x000016d0   Data   RO          847    .constdata          icon_zhongyu.o
    0x0801cfd0   0x0801cfd0   0x0000c808   Data   RO          860    .constdata          img_error.o
    0x080297d8   0x080297d8   0x0001f780   Data   RO          873    .constdata          img_meihua.o
    0x08048f58   0x08048f58   0x0000e6a8   Data   RO          886    .constdata          img_wifi.o
    0x08057600   0x08057600   0x00000007   Data   RO          974    .constdata          main_page.o
    0x08057607   0x08057607   0x00000001   PAD
    0x08057608   0x08057608   0x0000006c   Data   RO         1406    .constdata          esp_at.o
    0x08057674   0x08057674   0x00000040   Data   RO         8050    .constdata          mc_w.l(ctype_c.o)
    0x080576b4   0x080576b4   0x00000068   Data   RO          298    .conststring        app.o
    0x0805771c   0x0805771c   0x0000003f   Data   RO          593    .conststring        font24_maple_bold.o
    0x0805775b   0x0805775b   0x00000001   PAD
    0x0805775c   0x0805775c   0x0000002b   Data   RO          607    .conststring        font32_maple_bold.o
    0x08057787   0x08057787   0x00000001   PAD
    0x08057788   0x08057788   0x00000023   Data   RO          621    .conststring        font20_maple_bold.o
    0x080577ab   0x080577ab   0x00000001   PAD
    0x080577ac   0x080577ac   0x00000003   Data   RO          648    .conststring        font24_maple_semibold.o
    0x080577af   0x080577af   0x00000001   PAD
    0x080577b0   0x080577b0   0x0000000e   Data   RO          662    .conststring        font54_maple_bold.o
    0x080577be   0x080577be   0x00000002   PAD
    0x080577c0   0x080577c0   0x0000000e   Data   RO          704    .conststring        font76_maple_extrabold.o
    0x080577ce   0x080577ce   0x00000002   PAD
    0x080577d0   0x080577d0   0x00000009   Data   RO          927    .conststring        wifi_page.o
    0x080577d9   0x080577d9   0x00000003   PAD
    0x080577dc   0x080577dc   0x00000070   Data   RO         1407    .conststring        esp_at.o
    0x0805784c   0x0805784c   0x00000020   Data   RO         8054    Region$$Table       anon$$obj.o


    Execution Region RW_IRAM1 (Exec base: 0x20000000, Load base: 0x0805786c, Size: 0x0001a448, Max: 0x00020000, ABSOLUTE)

    Exec Addr    Load Addr    Size         Type   Attr      Idx    E Section Name        Object

    0x20000000   0x0805786c   0x00000024   Data   RW          299    .data               app.o
    0x20000024   0x08057890   0x00000004   Data   RW          442    .data               ui.o
    0x20000028   0x08057894   0x00000004   Data   RW          510    .data               workqueue.o
    0x2000002c   0x08057898   0x00000004   Data   RW          928    .data               wifi_page.o
    0x20000030   0x0805789c   0x00000008   Data   RW         1098    .data               console.o
    0x20000038   0x080578a4   0x00000004   Data   RW         1263    .data               st7789.o
    0x2000003c   0x080578a8   0x00000010   Data   RW         1408    .data               esp_at.o
    0x2000004c   0x080578b8   0x00000004   PAD
    0x20000050   0x080578bc   0x0000000c   Data   RW         1556    .data               tim_delay.o
    0x2000005c   0x080578c8   0x00000014   Data   RW         1626    .data               system_stm32f4xx.o
    0x20000070   0x080578dc   0x00000010   Data   RW         4518    .data               stm32f4xx_rcc.o
    0x20000080   0x080578ec   0x00000040   Data   RW         7050    .data               tasks.o
    0x200000c0   0x0805792c   0x00000014   Data   RW         7408    .data               timers.o
    0x200000d4   0x08057940   0x00000020   Data   RW         7540    .data               heap_4.o
    0x200000f4   0x08057960   0x0000000c   Data   RW         7608    .data               port.o
    0x20000100   0x0805796c   0x00000004   Data   RW         8000    .data               mc_w.l(stdout.o)
    0x20000104   0x08057970   0x00000004   Data   RW         8010    .data               mc_w.l(errno.o)
    0x20000108        -       0x00000118   Zero   RW          297    .bss                app.o
    0x20000220        -       0x00002880   Zero   RW         1262    .bss                st7789.o
    0x20002aa0        -       0x00000400   Zero   RW         1405    .bss                esp_at.o
    0x20002ea0        -       0x00000050   Zero   RW         6767    .bss                queue.o
    0x20002ef0        -       0x0000012c   Zero   RW         7049    .bss                tasks.o
    0x2000301c        -       0x00000028   Zero   RW         7407    .bss                timers.o
    0x20003044        -       0x00017000   Zero   RW         7539    .bss                heap_4.o
    0x2001a044   0x08057974   0x00000004   PAD
    0x2001a048        -       0x00000400   Zero   RW         1613    STACK               startup_stm32f40_41xxx.o


==============================================================================

Image component sizes


      Code (inc. data)   RO Data    RW Data    ZI Data      Debug   Object Name

       922         64          0          0          0       7289   aht20.o
      1686        656        104         36        280       9567   app.o
       492        188          0          0          0      14794   board.o
       550         82          0          8          0       7077   console.o
       100          8          0          0          0       1301   error_page.o
      1894        526        220         16       1024      17618   esp_at.o
         0          0       1536          0          0       1792   font16_maple.o
         0          0       5355          0          0       1844   font20_maple_bold.o
         0          0       6007          0          0       1844   font24_maple_bold.o
         0          0       1227          0          0       1816   font24_maple_semibold.o
         0          0       7643          0          0       1844   font32_maple_bold.o
         0          0       2838          0          0       1804   font54_maple_bold.o
         0          0       2824          0          0       1816   font54_maple_semibold.o
         0          0       3344          0          0       1824   font64_maple_extrabold.o
         0          0       4970          0          0       1824   font76_maple_extrabold.o
       780        154          0         32      94208       4395   heap_4.o
         0          0       5840          0          0       1683   icon_duoyun.o
         0          0       5840          0          0       1703   icon_leizhenyu.o
         0          0       5840          0          0       1667   icon_na.o
         0          0       5840          0          0       1679   icon_qing.o
         0          0       2152          0          0       1687   icon_wenduji.o
         0          0       1160          0          0       1679   icon_wifi.o
         0          0       5840          0          0       1687   icon_yintian.o
         0          0       5840          0          0       1695   icon_yueliang.o
         0          0       5840          0          0       1695   icon_zhongxue.o
         0          0       5840          0          0       1687   icon_zhongyu.o
         0          0      51208          0          0       1683   img_error.o
         0          0     128896          0          0       1731   img_meihua.o
         0          0      59048          0          0       1671   img_wifi.o
       148          0          0          0          0       6086   list.o
        96         12          0          0          0     354390   main.o
      1312        288          7          0          0       7199   main_page.o
       120         14          0          0          0       1216   misc.o
      1142        296          0         12          0      11353   port.o
      2844        288          0          0         80      31088   queue.o
       260          0          0          0          0       3453   rtc.o
      2300        202          0          4      10368      42605   st7789.o
        36          8        392          0       1024        896   startup_stm32f40_41xxx.o
       406         52          0          0          0       6079   stm32f4xx_dma.o
       254          0          0          0          0       4437   stm32f4xx_gpio.o
       448         14          0          0          0       7225   stm32f4xx_i2c.o
        12          6          0          0          0        570   stm32f4xx_pwr.o
       508         60          0         16          0       7522   stm32f4xx_rcc.o
       950         56          0          0          0       9758   stm32f4xx_rtc.o
       166          0          0          0          0       5107   stm32f4xx_spi.o
       238         28          0          0          0       5244   stm32f4xx_tim.o
       528          8          0          0          0       8499   stm32f4xx_usart.o
       340         32          0         20          0       2165   system_stm32f4xx.o
      3542        840          0         64        300      35255   tasks.o
       282         24          0         12          0       3348   tim_delay.o
      1540        342          0         20         40      14506   timers.o
       504        104          0          4          0       9079   ui.o
       432        186          0          0          0       1851   weather.o
       148         48          0          0          0        991   welcome_page.o
       480        302          0          0          0       1252   wifi.o
       172         36          9          4          0       1284   wifi_page.o
       192         72          0          4          0       2545   workqueue.o

    ----------------------------------------------------------------------
     25870       4996     325704        256     107328     685399   Object Totals
         0          0         32          0          0          0   (incl. Generated)
        46          0         12          4          4          0   (incl. Padding)

    ----------------------------------------------------------------------

      Code (inc. data)   RO Data    RW Data    ZI Data      Debug   Library Member Name

        56         12          0          0          0        132   atof.o
        56          8          0          0          0         84   __0sscanf.o
        28          0          0          0          0         68   _chval.o
       816          6          0          0          0        112   _scanf.o
       332          0          0          0          0         96   _scanf_int.o
       224          0          0          0          0         96   _scanf_str.o
        64          0          0          0          0         84   _sgetc.o
        40          6         64          0          0         68   ctype_c.o
         0          0          0          0          0          0   entry.o
         0          0          0          0          0          0   entry10a.o
         0          0          0          0          0          0   entry11a.o
         4          0          0          0          0          0   entry12b.o
         8          4          0          0          0          0   entry2.o
         4          0          0          0          0          0   entry5.o
         0          0          0          0          0          0   entry7b.o
         0          0          0          0          0          0   entry8b.o
         8          4          0          0          0          0   entry9a.o
        24         12          0          4          0        136   errno.o
        30          0          0          0          0          0   handlers.o
        36          8          0          0          0         68   init.o
        10          0          0          0          0         68   isspace_c.o
         0          0          0          0          0          0   iusefp.o
        30          0          0          0          0         68   llshl.o
        36          0          0          0          0         68   llsshr.o
        32          0          0          0          0         68   llushr.o
        26          0          0          0          0         80   memcmp.o
        36          0          0          0          0         68   memcpya.o
        36          0          0          0          0        108   memseta.o
      2292         94          0          0          0        620   printfa.o
        40          8          0          0          0         84   scanf_char.o
       878         12          0          0          0        216   scanf_fp.o
         0          0          0          4          0          0   stdout.o
        28          0          0          0          0         76   strcmp.o
        18          0          0          0          0         68   strcpy.o
        14          0          0          0          0         68   strlen.o
        24          0          0          0          0         76   strncpy.o
        36          0          0          0          0         80   strstr.o
       156         12          0          0          0        120   strtod.o
        44          0          0          0          0         80   uidiv.o
        98          0          0          0          0         92   uldiv.o
        48          0          0          0          0         68   cdrcmple.o
        56          0          0          0          0         88   d2f.o
       334          0          0          0          0        148   dadd.o
       222          0          0          0          0        100   ddiv.o
       186          0          0          0          0        176   depilogue.o
        48          0          0          0          0         68   dfixul.o
        24          0          0          0          0         76   dfltul.o
       228          0          0          0          0         96   dmul.o
        38          0          0          0          0         68   f2d.o
       110          0          0          0          0        168   fepilogue.o

    ----------------------------------------------------------------------
      6870        186         64          8          0       4108   Library Totals
        12          0          0          0          0          0   (incl. Padding)

    ----------------------------------------------------------------------

      Code (inc. data)   RO Data    RW Data    ZI Data      Debug   Library Name

        56         12          0          0          0        132   m_wm.l
      5508        174         64          8          0       2920   mc_w.l
      1294          0          0          0          0       1056   mf_w.l

    ----------------------------------------------------------------------
      6870        186         64          8          0       4108   Library Totals

    ----------------------------------------------------------------------

==============================================================================


      Code (inc. data)   RO Data    RW Data    ZI Data      Debug   

     32740       5182     325768        264     107328     661679   Grand Totals
     32740       5182     325768        264     107328     661679   ELF Image Totals
     32740       5182     325768        264          0          0   ROM Totals

==============================================================================

    Total RO  Size (Code + RO Data)               358508 ( 350.11kB)
    Total RW  Size (RW Data + ZI Data)            107592 ( 105.07kB)
    Total ROM Size (Code + RO Data + RW Data)     358772 ( 350.36kB)

==============================================================================

