<html>
<body>
<pre>
<h1>µVision Build Log</h1>
<h2>Tool Versions:</h2>
IDE-Version: ¦ÌVision V5.36.0.0
Copyright (C) 2021 ARM Ltd and ARM Germany GmbH. All rights reserved.
License Information: 1 1, 1, LIC=YA39H-WFWCM-GKVBG-VD9JW-SL42U-RJC4N
 
Tool Versions:
Toolchain:       MDK-ARM Plus  Version: 5.36.0.0
Toolchain Path:  F:\APP\keil\keil5\Keil_v5\ARM\ARMCC\Bin
C Compiler:      Armcc.exe V5.06 update 7 (build 960)
Assembler:       Armasm.exe V5.06 update 7 (build 960)
Linker/Locator:  ArmLink.exe V5.06 update 7 (build 960)
Library Manager: ArmAr.exe V5.06 update 7 (build 960)
Hex Converter:   FromElf.exe V5.06 update 7 (build 960)
CPU DLL:         SARMCM3.DLL V5.36.0.0
Dialog DLL:      DCM.DLL V1.17.3.0
Target DLL:      CMSIS_AGDI.dll V1.33.0.0
Dialog DLL:      TCM.DLL V1.53.0.0
 
<h2>Project:</h2>
F:\project\Smart_weather_clock_based_on_FreeRTOS\my_project\STM32F4_Clock\mdk\stm32f407.uvprojx
Project File Date:  05/03/2026

<h2>Output:</h2>
*** Using Compiler 'V5.06 update 7 (build 960)', folder: 'F:\APP\keil\keil5\Keil_v5\ARM\ARMCC\Bin'
Rebuild target 'stm32f407'
compiling font48.c...
compiling font20_maple_bold.c...
compiling font32.c...
compiling font16_maple.c...
compiling weather.c...
compiling font24_maple_semibold.c...
compiling font24_maple_bold.c...
compiling font16.c...
compiling font32_maple_bold.c...
compiling main.c...
compiling font54_maple_bold.c...
compiling board.c...
compiling font64_maple_extrabold.c...
compiling font54_maple_semibold.c...
compiling wifi.c...
compiling mloop.c...
compiling font76_maple_extrabold.c...
compiling icon_duoyun.c...
compiling icon_leizhenyu.c...
compiling image.c...
compiling icon_na.c...
compiling icon_qing.c...
compiling icon_wenduji.c...
compiling icon_wifi.c...
compiling icon_yintian.c...
compiling icon_yueliang.c...
compiling icon_zhongyu.c...
compiling icon_zhongxue.c...
compiling img_error.c...
compiling welcome_page.c...
compiling img_wifi.c...
compiling img_meihua.c...
compiling error_page.c...
compiling wifi_page.c...
compiling cpu_tick.c...
compiling main_page.c...
assembling startup_stm32f40_41xxx.s...
compiling rtc.c...
compiling usart.c...
compiling aht20.c...
compiling st7789.c...
compiling esp_at.c...
compiling system_stm32f4xx.c...
compiling misc.c...
compiling stm32f4xx_adc.c...
compiling stm32f4xx_cec.c...
compiling stm32f4xx_can.c...
compiling stm32f4xx_crc.c...
compiling stm32f4xx_cryp.c...
compiling stm32f4xx_cryp_aes.c...
compiling stm32f4xx_cryp_des.c...
compiling stm32f4xx_cryp_tdes.c...
compiling stm32f4xx_dac.c...
compiling stm32f4xx_dbgmcu.c...
compiling stm32f4xx_dfsdm.c...
compiling stm32f4xx_dcmi.c...
compiling stm32f4xx_dsi.c...
compiling stm32f4xx_dma.c...
compiling stm32f4xx_dma2d.c...
compiling stm32f4xx_exti.c...
compiling stm32f4xx_flash.c...
compiling stm32f4xx_flash_ramfunc.c...
compiling stm32f4xx_fmpi2c.c...
compiling stm32f4xx_fsmc.c...
compiling stm32f4xx_gpio.c...
compiling stm32f4xx_hash.c...
compiling stm32f4xx_hash_md5.c...
compiling stm32f4xx_hash_sha1.c...
compiling stm32f4xx_iwdg.c...
compiling stm32f4xx_lptim.c...
compiling stm32f4xx_i2c.c...
compiling stm32f4xx_ltdc.c...
compiling stm32f4xx_pwr.c...
compiling stm32f4xx_qspi.c...
compiling stm32f4xx_rcc.c...
compiling stm32f4xx_rng.c...
compiling stm32f4xx_rtc.c...
compiling stm32f4xx_spdifrx.c...
compiling stm32f4xx_sdio.c...
compiling stm32f4xx_sai.c...
compiling stm32f4xx_spi.c...
compiling stm32f4xx_syscfg.c...
compiling stm32f4xx_wwdg.c...
compiling stm32f4xx_usart.c...
compiling stm32f4xx_tim.c...
linking...
Program Size: Code=19924 RO-data=325768 RW-data=100 ZI-data=2332  
".\Objects\stm32f407.axf" - 0 Error(s), 0 Warning(s).

<h2>Software Packages used:</h2>

Package Vendor: Keil
                https://www.keil.com/pack/Keil.STM32F4xx_DFP.3.1.1.pack
                Keil.STM32F4xx_DFP.3.1.1
                STMicroelectronics STM32F4 Series Device Support

<h2>Collection of Component include folders:</h2>

<h2>Collection of Component Files used:</h2>
Build Time Elapsed:  00:00:06
</pre>
</body>
</html>
