<html>
<body>
<pre>
<h1>µVision Build Log</h1>
<h2>Tool Versions:</h2>
IDE-Version: ¦ÌVision V5.36.0.0
Copyright (C) 2021 ARM Ltd and ARM Germany GmbH. All rights reserved.
License Information: 1 1, 1, LIC=YA39H-WFWCM-GKVBG-VD9JW-SL42U-RJC4N
 
Tool Versions:
Toolchain:       MDK-ARM Plus  Version: 5.36.0.0
Toolchain Path:  F:\APP\keil\keil5\Keil_v5\ARM\ARMCC\Bin
C Compiler:      Armcc.exe V5.06 update 7 (build 960)
Assembler:       Armasm.exe V5.06 update 7 (build 960)
Linker/Locator:  ArmLink.exe V5.06 update 7 (build 960)
Library Manager: ArmAr.exe V5.06 update 7 (build 960)
Hex Converter:   FromElf.exe V5.06 update 7 (build 960)
CPU DLL:         SARMCM3.DLL V5.36.0.0
Dialog DLL:      DCM.DLL V1.17.3.0
Target DLL:      STLink\ST-LINKIII-KEIL_SWO.dll V3.0.9.0
Dialog DLL:      TCM.DLL V1.53.0.0
 
<h2>Project:</h2>
F:\project\Smart_weather_clock_based_on_FreeRTOS\my_project\STM32F4_Clock\mdk\stm32f407.uvprojx
Project File Date:  06/09/2026

<h2>Output:</h2>
*** Using Compiler 'V5.06 update 7 (build 960)', folder: 'F:\APP\keil\keil5\Keil_v5\ARM\ARMCC\Bin'
Build target 'APP1'
compiling font64_maple_extrabold.c...
compiling font32_maple_bold.c...
compiling font20_maple_bold.c...
compiling font54_maple_semibold.c...
compiling font54_maple_bold.c...
compiling font16_maple.c...
compiling font24_maple_semibold.c...
compiling font76_maple_extrabold.c...
compiling font24_maple_bold.c...
compiling image.c...
compiling icon_duoyun.c...
compiling icon_leizhenyu.c...
compiling icon_na.c...
compiling icon_qing.c...
compiling wifi.c...
compiling icon_wenduji.c...
compiling ui.c...
compiling icon_wifi.c...
compiling board.c...
compiling main.c...
compiling icon_yintian.c...
compiling app.c...
compiling icon_yueliang.c...
compiling icon_zhongxue.c...
compiling icon_zhongyu.c...
compiling welcome_page.c...
compiling img_wifi.c...
compiling error_page.c...
compiling wifi_page.c...
compiling main_page.c...
compiling st7789.c...
linking...
Program Size: Code=32884 RO-data=145664 RW-data=264 ZI-data=122688  
FromELF: creating hex file...
After Build - User command #1: fromelf --bin "F:\project\Smart_weather_clock_based_on_FreeRTOS\my_project\STM32F4_Clock\mdk\Objects\stm32f407_app1.axf" --output "./Objects/stm32f407_app1.bin"
After Build - User command #2: python ../scripts/gen_magic_header.py "./Objects/stm32f407_app1.bin" 1
v1.0.0-260609-1842-alpha
Partition: APP1
this_address: 0x08050000
data_address: 0x08050100
Generated file: F:\project\Smart_weather_clock_based_on_FreeRTOS\my_project\STM32F4_Clock\generated\stm32f407_app1_upgrade.xbin
".\Objects\stm32f407_app1.axf" - 0 Error(s), 0 Warning(s).

<h2>Software Packages used:</h2>

Package Vendor: Keil
                https://www.keil.com/pack/Keil.STM32F4xx_DFP.3.1.1.pack
                Keil.STM32F4xx_DFP.3.1.1
                STMicroelectronics STM32F4 Series Device Support

<h2>Collection of Component include folders:</h2>

<h2>Collection of Component Files used:</h2>
Build Time Elapsed:  00:00:03
</pre>
</body>
</html>
